0 verbose cli C:\Program Files\nodejs\node.exe C:\Program Files\nodejs\node_modules\npm\bin\npm-cli.js
1 info using npm@11.6.1
2 info using node@v24.11.0
3 silly config load:file:C:\Program Files\nodejs\node_modules\npm\npmrc
4 silly config load:file:C:\Users\Raj\Desktop\HRMS\frontend\.npmrc
5 silly config load:file:C:\Users\Raj\.npmrc
6 silly config load:file:C:\Users\Raj\AppData\Roaming\npm\etc\npmrc
7 verbose title npm install @angular/common@21.2.21 @angular/compiler@21.2.21 @angular/core@21.2.21 @angular/forms@21.2.21 @angular/platform-browser@21.2.21 @angular/router@21.2.21
8 verbose argv "install" "--package-lock-only" "--legacy-peer-deps" "--cache" ".npm-cache" "@angular/common@21.2.21" "@angular/compiler@21.2.21" "@angular/core@21.2.21" "@angular/forms@21.2.21" "@angular/platform-browser@21.2.21" "@angular/router@21.2.21" "--save"
9 verbose logfile logs-max:10 dir:C:\Users\Raj\Desktop\HRMS\frontend\.npm-cache\_logs\2026-08-21T07_53_29_602Z-
10 verbose logfile C:\Users\Raj\Desktop\HRMS\frontend\.npm-cache\_logs\2026-08-21T07_53_29_602Z-debug-0.log
11 silly logfile done cleaning log files
12 silly packumentCache heap:2348810240 maxSize:587202560 maxEntrySize:293601280
13 silly idealTree buildDeps
14 silly fetch manifest @angular/common@21.2.21
15 silly packumentCache full:https://registry.npmjs.org/@angular%2fcommon cache-miss
16 http cache https://registry.npmjs.org/@angular%2fcommon 163ms (cache hit)
17 silly packumentCache full:https://registry.npmjs.org/@angular%2fcommon set size:3233830 disposed:false
18 silly fetch manifest @angular/compiler@21.2.21
19 silly packumentCache full:https://registry.npmjs.org/@angular%2fcompiler cache-miss
20 http cache https://registry.npmjs.org/@angular%2fcompiler 174ms (cache hit)
21 silly packumentCache full:https://registry.npmjs.org/@angular%2fcompiler set size:2806313 disposed:false
22 silly fetch manifest @angular/core@21.2.21
23 silly packumentCache full:https://registry.npmjs.org/@angular%2fcore cache-miss
24 http cache https://registry.npmjs.org/@angular%2fcore 43ms (cache hit)
25 silly packumentCache full:https://registry.npmjs.org/@angular%2fcore set size:3137910 disposed:false
26 silly fetch manifest @angular/forms@21.2.21
27 silly packumentCache full:https://registry.npmjs.org/@angular%2fforms cache-miss
28 http cache https://registry.npmjs.org/@angular%2fforms 558ms (cache hit)
29 silly packumentCache full:https://registry.npmjs.org/@angular%2fforms set size:2874410 disposed:false
30 silly fetch manifest @angular/platform-browser@21.2.21
31 silly packumentCache full:https://registry.npmjs.org/@angular%2fplatform-browser cache-miss
32 http cache https://registry.npmjs.org/@angular%2fplatform-browser 249ms (cache hit)
33 silly packumentCache full:https://registry.npmjs.org/@angular%2fplatform-browser set size:3226345 disposed:false
34 silly fetch manifest @angular/router@21.2.21
35 silly packumentCache full:https://registry.npmjs.org/@angular%2frouter cache-miss
36 http cache https://registry.npmjs.org/@angular%2frouter 296ms (cache hit)
37 silly packumentCache full:https://registry.npmjs.org/@angular%2frouter set size:3110871 disposed:false
38 silly fetch manifest @angular/build@^21.2.21
39 silly packumentCache full:https://registry.npmjs.org/@angular%2fbuild cache-miss
40 http cache https://registry.npmjs.org/@angular%2fbuild 371ms (cache hit)
41 silly packumentCache full:https://registry.npmjs.org/@angular%2fbuild set size:1041917 disposed:false
42 silly fetch manifest @angular/cli@^21.2.21
43 silly packumentCache full:https://registry.npmjs.org/@angular%2fcli cache-miss
44 http cache https://registry.npmjs.org/@angular%2fcli 232ms (cache hit)
45 silly packumentCache full:https://registry.npmjs.org/@angular%2fcli set size:3259389 disposed:false
46 silly fetch manifest @angular/compiler-cli@^21.2.21
47 silly packumentCache full:https://registry.npmjs.org/@angular%2fcompiler-cli cache-miss
48 http cache https://registry.npmjs.org/@angular%2fcompiler-cli 191ms (cache hit)
49 silly packumentCache full:https://registry.npmjs.org/@angular%2fcompiler-cli set size:3408413 disposed:false
50 silly placeDep ROOT @angular/build@21.2.21 REPLACE for: frontend@0.0.0 want: ^21.2.21
51 silly placeDep ROOT @angular/cli@21.2.21 REPLACE for: frontend@0.0.0 want: ^21.2.21
52 silly placeDep ROOT @angular/common@21.2.21 REPLACE for: frontend@0.0.0 want: 21.2.21
53 silly placeDep ROOT @angular/compiler@21.2.21 REPLACE for: frontend@0.0.0 want: 21.2.21
54 silly placeDep ROOT @angular/compiler-cli@21.2.21 REPLACE for: frontend@0.0.0 want: ^21.2.21
55 silly placeDep ROOT @angular/core@21.2.21 REPLACE for: frontend@0.0.0 want: 21.2.21
56 silly placeDep ROOT @angular/forms@21.2.21 REPLACE for: frontend@0.0.0 want: 21.2.21
57 silly placeDep ROOT @angular/platform-browser@21.2.21 REPLACE for: frontend@0.0.0 want: 21.2.21
58 silly placeDep ROOT @angular/router@21.2.21 REPLACE for: frontend@0.0.0 want: 21.2.21
59 silly fetch manifest undici@7.29.0
60 silly packumentCache full:https://registry.npmjs.org/undici cache-miss
61 silly fetch manifest @angular-devkit/architect@0.2102.21
62 silly packumentCache full:https://registry.npmjs.org/@angular-devkit%2farchitect cache-miss
63 silly fetch manifest zod@4.3.6
64 silly packumentCache full:https://registry.npmjs.org/zod cache-miss
65 http cache https://registry.npmjs.org/undici 563ms (cache hit)
66 silly packumentCache full:https://registry.npmjs.org/undici set size:1531430 disposed:false
67 silly fetch manifest @schematics/angular@21.2.21
68 silly packumentCache full:https://registry.npmjs.org/@schematics%2fangular cache-miss
69 http cache https://registry.npmjs.org/zod 680ms (cache hit)
70 silly packumentCache full:https://registry.npmjs.org/zod set size:3960573 disposed:false
71 silly fetch manifest @angular-devkit/core@21.2.21
72 silly packumentCache full:https://registry.npmjs.org/@angular-devkit%2fcore cache-miss
73 http cache https://registry.npmjs.org/@angular-devkit%2farchitect 919ms (cache hit)
74 silly packumentCache full:https://registry.npmjs.org/@angular-devkit%2farchitect set size:2243790 disposed:false
75 silly fetch manifest @modelcontextprotocol/sdk@1.30.0
76 silly packumentCache full:https://registry.npmjs.org/@modelcontextprotocol%2fsdk cache-miss
77 http cache https://registry.npmjs.org/@modelcontextprotocol%2fsdk 237ms (cache hit)
78 silly packumentCache full:https://registry.npmjs.org/@modelcontextprotocol%2fsdk set size:302290 disposed:false
79 silly fetch manifest @angular-devkit/schematics@21.2.21
80 silly packumentCache full:https://registry.npmjs.org/@angular-devkit%2fschematics cache-miss
81 http cache https://registry.npmjs.org/@schematics%2fangular 663ms (cache hit)
82 silly packumentCache full:https://registry.npmjs.org/@schematics%2fangular set size:2462510 disposed:false
83 http cache https://registry.npmjs.org/@angular-devkit%2fcore 613ms (cache hit)
84 silly packumentCache full:https://registry.npmjs.org/@angular-devkit%2fcore set size:2462085 disposed:false
85 http cache https://registry.npmjs.org/@angular-devkit%2fschematics 553ms (cache hit)
86 silly packumentCache full:https://registry.npmjs.org/@angular-devkit%2fschematics set size:2398983 disposed:false
87 silly placeDep ROOT @angular-devkit/architect@0.2102.21 OK for: @angular/build@21.2.21 want: 0.2102.21
88 silly placeDep ROOT undici@7.29.0 REPLACE for: @angular/build@21.2.21 want: 7.29.0
89 silly placeDep ROOT @angular-devkit/core@21.2.21 OK for: @angular-devkit/architect@0.2102.21 want: 21.2.21
90 silly fetch manifest ajv@8.18.0
91 silly packumentCache full:https://registry.npmjs.org/ajv cache-miss
92 silly fetch manifest source-map@0.7.6
93 silly packumentCache full:https://registry.npmjs.org/source-map cache-miss
94 silly fetch manifest ajv-formats@3.0.1
95 silly packumentCache full:https://registry.npmjs.org/ajv-formats cache-miss
96 http cache https://registry.npmjs.org/ajv 131ms (cache hit)
97 silly packumentCache full:https://registry.npmjs.org/ajv set size:1142658 disposed:false
98 http cache https://registry.npmjs.org/source-map 159ms (cache hit)
99 silly packumentCache full:https://registry.npmjs.org/source-map set size:231637 disposed:false
100 http cache https://registry.npmjs.org/ajv-formats 180ms (cache hit)
101 silly packumentCache full:https://registry.npmjs.org/ajv-formats set size:141264 disposed:false
102 silly placeDep ROOT ajv@8.18.0 OK for: @angular-devkit/core@21.2.21 want: 8.18.0
103 silly placeDep ROOT ajv-formats@3.0.1 OK for: @angular-devkit/core@21.2.21 want: 3.0.1
104 silly placeDep ROOT source-map@0.7.6 OK for: @angular-devkit/core@21.2.21 want: 0.7.6
105 silly fetch manifest fast-uri@^3.0.1
106 silly packumentCache full:https://registry.npmjs.org/fast-uri cache-miss
107 silly fetch manifest fast-deep-equal@^3.1.3
108 silly packumentCache full:https://registry.npmjs.org/fast-deep-equal cache-miss
109 silly fetch manifest json-schema-traverse@^1.0.0
110 silly packumentCache full:https://registry.npmjs.org/json-schema-traverse cache-miss
111 http cache https://registry.npmjs.org/json-schema-traverse 210ms (cache hit)
112 silly packumentCache full:https://registry.npmjs.org/json-schema-traverse set size:23537 disposed:false
113 http cache https://registry.npmjs.org/fast-uri 226ms (cache hit)
114 silly packumentCache full:https://registry.npmjs.org/fast-uri set size:91614 disposed:false
115 http cache https://registry.npmjs.org/fast-deep-equal 227ms (cache hit)
116 silly packumentCache full:https://registry.npmjs.org/fast-deep-equal set size:48634 disposed:false
117 silly placeDep ROOT @angular-devkit/schematics@21.2.21 OK for: @angular/cli@21.2.21 want: 21.2.21
118 silly placeDep ROOT @modelcontextprotocol/sdk@1.30.0 OK for: @angular/cli@21.2.21 want: 1.30.0
119 silly placeDep ROOT @schematics/angular@21.2.21 OK for: @angular/cli@21.2.21 want: 21.2.21
120 silly placeDep ROOT zod@4.3.6 OK for: @angular/cli@21.2.21 want: 4.3.6
121 silly fetch manifest ora@9.3.0
122 silly packumentCache full:https://registry.npmjs.org/ora cache-miss
123 silly fetch manifest zod@^3.25 || ^4.0
124 silly packumentCache full:https://registry.npmjs.org/zod cache-miss
125 silly fetch manifest cors@^2.8.5
126 silly packumentCache full:https://registry.npmjs.org/cors cache-miss
127 http cache https://registry.npmjs.org/ora 252ms (cache hit)
128 silly packumentCache full:https://registry.npmjs.org/ora set size:147148 disposed:false
129 silly fetch manifest hono@^4.11.4
130 silly packumentCache full:https://registry.npmjs.org/hono cache-miss
131 http cache https://registry.npmjs.org/zod 300ms (cache hit)
132 silly packumentCache full:https://registry.npmjs.org/zod set size:3960573 disposed:false
133 silly fetch manifest jose@^6.1.3
134 silly packumentCache full:https://registry.npmjs.org/jose cache-miss
135 http cache https://registry.npmjs.org/cors 394ms (cache hit)
136 silly packumentCache full:https://registry.npmjs.org/cors set size:77956 disposed:false
137 silly fetch manifest express@^5.2.1
138 silly packumentCache full:https://registry.npmjs.org/express cache-miss
139 http cache https://registry.npmjs.org/jose 177ms (cache hit)
140 silly packumentCache full:https://registry.npmjs.org/jose set size:1446624 disposed:false
141 silly fetch manifest raw-body@^3.0.0
142 silly packumentCache full:https://registry.npmjs.org/raw-body cache-miss
143 http cache https://registry.npmjs.org/hono 498ms (cache hit)
144 silly packumentCache full:https://registry.npmjs.org/hono set size:6090037 disposed:false
145 silly fetch manifest cross-spawn@^7.0.5
146 silly packumentCache full:https://registry.npmjs.org/cross-spawn cache-miss
147 http cache https://registry.npmjs.org/express 603ms (cache hit)
148 silly packumentCache full:https://registry.npmjs.org/express set size:804975 disposed:false
149 silly fetch manifest eventsource@^3.0.2
150 silly packumentCache full:https://registry.npmjs.org/eventsource cache-miss
151 http cache https://registry.npmjs.org/raw-body 531ms (cache hit)
152 silly packumentCache full:https://registry.npmjs.org/raw-body set size:120042 disposed:false
153 silly fetch manifest content-type@^1.0.5
154 silly packumentCache full:https://registry.npmjs.org/content-type cache-miss
155 http cache https://registry.npmjs.org/cross-spawn 197ms (cache hit)
156 silly packumentCache full:https://registry.npmjs.org/cross-spawn set size:109066 disposed:false
157 silly fetch manifest pkce-challenge@^5.0.0
158 silly packumentCache full:https://registry.npmjs.org/pkce-challenge cache-miss
159 http cache https://registry.npmjs.org/eventsource 145ms (cache hit)
160 silly packumentCache full:https://registry.npmjs.org/eventsource set size:146228 disposed:false
161 silly fetch manifest @hono/node-server@^1.19.9 || ^2.0.5
162 silly packumentCache full:https://registry.npmjs.org/@hono%2fnode-server cache-miss
163 http cache https://registry.npmjs.org/pkce-challenge 82ms (cache hit)
164 silly packumentCache full:https://registry.npmjs.org/pkce-challenge set size:37734 disposed:false
165 silly fetch manifest json-schema-typed@^8.0.2
166 silly packumentCache full:https://registry.npmjs.org/json-schema-typed cache-miss
167 http cache https://registry.npmjs.org/content-type 109ms (cache hit)
168 silly packumentCache full:https://registry.npmjs.org/content-type set size:23936 disposed:false
169 silly fetch manifest eventsource-parser@^3.0.0
170 silly packumentCache full:https://registry.npmjs.org/eventsource-parser cache-miss
171 http cache https://registry.npmjs.org/@hono%2fnode-server 94ms (cache hit)
172 silly packumentCache full:https://registry.npmjs.org/@hono%2fnode-server set size:284955 disposed:false
173 silly fetch manifest express-rate-limit@^8.2.1
174 silly packumentCache full:https://registry.npmjs.org/express-rate-limit cache-miss
175 http cache https://registry.npmjs.org/json-schema-typed 96ms (cache hit)
176 silly packumentCache full:https://registry.npmjs.org/json-schema-typed set size:26165 disposed:false
177 silly fetch manifest zod-to-json-schema@^3.25.1
178 silly packumentCache full:https://registry.npmjs.org/zod-to-json-schema cache-miss
179 http cache https://registry.npmjs.org/eventsource-parser 89ms (cache hit)
180 silly packumentCache full:https://registry.npmjs.org/eventsource-parser set size:89571 disposed:false
181 http cache https://registry.npmjs.org/express-rate-limit 87ms (cache hit)
182 silly packumentCache full:https://registry.npmjs.org/express-rate-limit set size:456657 disposed:false
183 http cache https://registry.npmjs.org/zod-to-json-schema 82ms (cache hit)
184 silly packumentCache full:https://registry.npmjs.org/zod-to-json-schema set size:309584 disposed:false
185 silly placeDep ROOT ora@9.3.0 OK for: @angular-devkit/schematics@21.2.21 want: 9.3.0
186 silly fetch manifest chalk@^5.6.2
187 silly packumentCache full:https://registry.npmjs.org/chalk cache-miss
188 silly fetch manifest log-symbols@^7.0.1
189 silly packumentCache full:https://registry.npmjs.org/log-symbols cache-miss
190 silly fetch manifest cli-spinners@^3.2.0
191 silly packumentCache full:https://registry.npmjs.org/cli-spinners cache-miss
192 http cache https://registry.npmjs.org/cli-spinners 88ms (cache hit)
193 silly packumentCache full:https://registry.npmjs.org/cli-spinners set size:67473 disposed:false
194 silly fetch manifest is-interactive@^2.0.0
195 silly packumentCache full:https://registry.npmjs.org/is-interactive cache-miss
196 http cache https://registry.npmjs.org/chalk 106ms (cache hit)
197 silly packumentCache full:https://registry.npmjs.org/chalk set size:134775 disposed:false
198 silly fetch manifest stdin-discarder@^0.3.1
199 silly packumentCache full:https://registry.npmjs.org/stdin-discarder cache-miss
200 http cache https://registry.npmjs.org/log-symbols 114ms (cache hit)
201 silly packumentCache full:https://registry.npmjs.org/log-symbols set size:31977 disposed:false
202 silly fetch manifest is-unicode-supported@^2.1.0
203 silly packumentCache full:https://registry.npmjs.org/is-unicode-supported cache-miss
204 http cache https://registry.npmjs.org/stdin-discarder 107ms (cache hit)
205 silly packumentCache full:https://registry.npmjs.org/stdin-discarder set size:15211 disposed:false
206 http cache https://registry.npmjs.org/is-interactive 122ms (cache hit)
207 silly packumentCache full:https://registry.npmjs.org/is-interactive set size:10692 disposed:false
208 http cache https://registry.npmjs.org/is-unicode-supported 109ms (cache hit)
209 silly packumentCache full:https://registry.npmjs.org/is-unicode-supported set size:19461 disposed:false
210 silly placeDep ROOT @hono/node-server@2.1.1 OK for: @modelcontextprotocol/sdk@1.30.0 want: ^1.19.9 || ^2.0.5
211 silly placeDep ROOT content-type@1.0.5 OK for: @modelcontextprotocol/sdk@1.30.0 want: ^1.0.5
212 silly placeDep ROOT cors@2.8.6 OK for: @modelcontextprotocol/sdk@1.30.0 want: ^2.8.5
213 silly placeDep ROOT cross-spawn@7.0.6 OK for: @modelcontextprotocol/sdk@1.30.0 want: ^7.0.5
214 silly placeDep ROOT eventsource@3.0.7 OK for: @modelcontextprotocol/sdk@1.30.0 want: ^3.0.2
215 silly placeDep ROOT eventsource-parser@3.1.1 OK for: @modelcontextprotocol/sdk@1.30.0 want: ^3.0.0
216 silly placeDep ROOT express@5.2.1 OK for: @modelcontextprotocol/sdk@1.30.0 want: ^5.2.1
217 silly placeDep ROOT express-rate-limit@8.6.2 OK for: @modelcontextprotocol/sdk@1.30.0 want: ^8.2.1
218 silly placeDep ROOT hono@4.13.3 OK for: @modelcontextprotocol/sdk@1.30.0 want: ^4.11.4
219 silly placeDep ROOT jose@6.2.9 OK for: @modelcontextprotocol/sdk@1.30.0 want: ^6.1.3
220 silly placeDep ROOT json-schema-typed@8.0.2 OK for: @modelcontextprotocol/sdk@1.30.0 want: ^8.0.2
221 silly placeDep ROOT pkce-challenge@5.0.1 OK for: @modelcontextprotocol/sdk@1.30.0 want: ^5.0.0
222 silly placeDep ROOT raw-body@3.0.2 OK for: @modelcontextprotocol/sdk@1.30.0 want: ^3.0.0
223 silly placeDep ROOT zod-to-json-schema@3.25.2 OK for: @modelcontextprotocol/sdk@1.30.0 want: ^3.25.1
224 silly fetch manifest object-assign@^4
225 silly packumentCache full:https://registry.npmjs.org/object-assign cache-miss
226 silly fetch manifest vary@^1
227 silly packumentCache full:https://registry.npmjs.org/vary cache-miss
228 silly fetch manifest which@^2.0.1
229 silly packumentCache full:https://registry.npmjs.org/which cache-miss
230 http cache https://registry.npmjs.org/vary 227ms (cache hit)
231 silly packumentCache full:https://registry.npmjs.org/vary set size:15994 disposed:false
232 silly fetch manifest path-key@^3.1.0
233 silly packumentCache full:https://registry.npmjs.org/path-key cache-miss
234 http cache https://registry.npmjs.org/which 225ms (cache hit)
235 silly packumentCache full:https://registry.npmjs.org/which set size:70087 disposed:false
236 silly fetch manifest shebang-command@^2.0.0
237 silly packumentCache full:https://registry.npmjs.org/shebang-command cache-miss
238 http cache https://registry.npmjs.org/object-assign 246ms (cache hit)
239 silly packumentCache full:https://registry.npmjs.org/object-assign set size:28988 disposed:false
240 silly fetch manifest eventsource-parser@^3.0.1
241 silly packumentCache full:https://registry.npmjs.org/eventsource-parser cache-hit
242 silly fetch manifest qs@^6.14.0
243 silly packumentCache full:https://registry.npmjs.org/qs cache-miss
244 http cache https://registry.npmjs.org/path-key 312ms (cache hit)
245 silly packumentCache full:https://registry.npmjs.org/path-key set size:16975 disposed:false
246 silly fetch manifest depd@^2.0.0
247 silly packumentCache full:https://registry.npmjs.org/depd cache-miss
248 http cache https://registry.npmjs.org/shebang-command 303ms (cache hit)
249 silly packumentCache full:https://registry.npmjs.org/shebang-command set size:8525 disposed:false
250 silly fetch manifest etag@^1.8.1
251 silly packumentCache full:https://registry.npmjs.org/etag cache-miss
252 http cache https://registry.npmjs.org/qs 301ms (cache hit)
253 silly packumentCache full:https://registry.npmjs.org/qs set size:360318 disposed:false
254 silly fetch manifest once@^1.4.0
255 silly packumentCache full:https://registry.npmjs.org/once cache-miss
256 http cache https://registry.npmjs.org/depd 346ms (cache hit)
257 silly packumentCache full:https://registry.npmjs.org/depd set size:40182 disposed:false
258 silly fetch manifest send@^1.1.0
259 silly packumentCache full:https://registry.npmjs.org/send cache-miss
260 http cache https://registry.npmjs.org/etag 355ms (cache hit)
261 silly packumentCache full:https://registry.npmjs.org/etag set size:30032 disposed:false
262 silly fetch manifest vary@^1.1.2
263 silly packumentCache full:https://registry.npmjs.org/vary cache-hit
264 silly fetch manifest fresh@^2.0.0
265 silly packumentCache full:https://registry.npmjs.org/fresh cache-miss
266 http cache https://registry.npmjs.org/once 346ms (cache hit)
267 silly packumentCache full:https://registry.npmjs.org/once set size:11752 disposed:false
268 silly fetch manifest cookie@^0.7.1
269 silly packumentCache full:https://registry.npmjs.org/cookie cache-miss
270 http cache https://registry.npmjs.org/fresh 460ms (cache hit)
271 silly packumentCache full:https://registry.npmjs.org/fresh set size:25427 disposed:false
272 silly fetch manifest router@^2.2.0
273 silly packumentCache full:https://registry.npmjs.org/router cache-miss
274 http cache https://registry.npmjs.org/send 471ms (cache hit)
275 silly packumentCache full:https://registry.npmjs.org/send set size:152810 disposed:false
276 silly fetch manifest accepts@^2.0.0
277 silly packumentCache full:https://registry.npmjs.org/accepts cache-miss
278 http cache https://registry.npmjs.org/cookie 470ms (cache hit)
279 silly packumentCache full:https://registry.npmjs.org/cookie set size:78274 disposed:false
280 silly fetch manifest type-is@^2.0.1
281 silly packumentCache full:https://registry.npmjs.org/type-is cache-miss
282 http cache https://registry.npmjs.org/accepts 140ms (cache hit)
283 silly packumentCache full:https://registry.npmjs.org/accepts set size:77054 disposed:false
284 silly fetch manifest parseurl@^1.3.3
285 silly packumentCache full:https://registry.npmjs.org/parseurl cache-miss
286 http cache https://registry.npmjs.org/router 239ms (cache hit)
287 silly packumentCache full:https://registry.npmjs.org/router set size:116499 disposed:false
288 silly fetch manifest statuses@^2.0.1
289 silly packumentCache full:https://registry.npmjs.org/statuses cache-miss
290 http cache https://registry.npmjs.org/type-is 236ms (cache hit)
291 silly packumentCache full:https://registry.npmjs.org/type-is set size:88614 disposed:false
292 silly fetch manifest encodeurl@^2.0.0
293 silly packumentCache full:https://registry.npmjs.org/encodeurl cache-miss
294 http cache https://registry.npmjs.org/parseurl 211ms (cache hit)
295 silly packumentCache full:https://registry.npmjs.org/parseurl set size:24148 disposed:false
296 silly fetch manifest mime-types@^3.0.0
297 silly packumentCache full:https://registry.npmjs.org/mime-types cache-miss
298 http cache https://registry.npmjs.org/statuses 227ms (cache hit)
299 silly packumentCache full:https://registry.npmjs.org/statuses set size:37117 disposed:false
300 silly fetch manifest proxy-addr@^2.0.7
301 silly packumentCache full:https://registry.npmjs.org/proxy-addr cache-miss
302 http cache https://registry.npmjs.org/encodeurl 222ms (cache hit)
303 silly packumentCache full:https://registry.npmjs.org/encodeurl set size:12296 disposed:false
304 silly fetch manifest body-parser@^2.2.1
305 silly packumentCache full:https://registry.npmjs.org/body-parser cache-miss
306 http cache https://registry.npmjs.org/mime-types 268ms (cache hit)
307 silly packumentCache full:https://registry.npmjs.org/mime-types set size:139110 disposed:false
308 silly fetch manifest escape-html@^1.0.3
309 silly packumentCache full:https://registry.npmjs.org/escape-html cache-miss
310 http cache https://registry.npmjs.org/body-parser 185ms (cache hit)
311 silly packumentCache full:https://registry.npmjs.org/body-parser set size:204559 disposed:false
312 silly fetch manifest http-errors@^2.0.0
313 silly packumentCache full:https://registry.npmjs.org/http-errors cache-miss
314 http cache https://registry.npmjs.org/proxy-addr 253ms (cache hit)
315 silly packumentCache full:https://registry.npmjs.org/proxy-addr set size:61619 disposed:false
316 silly fetch manifest on-finished@^2.4.1
317 silly packumentCache full:https://registry.npmjs.org/on-finished cache-miss
318 http cache https://registry.npmjs.org/escape-html 258ms (cache hit)
319 silly packumentCache full:https://registry.npmjs.org/escape-html set size:7345 disposed:false
320 silly fetch manifest finalhandler@^2.1.0
321 silly packumentCache full:https://registry.npmjs.org/finalhandler cache-miss
322 http cache https://registry.npmjs.org/http-errors 266ms (cache hit)
323 silly packumentCache full:https://registry.npmjs.org/http-errors set size:71987 disposed:false
324 silly fetch manifest range-parser@^1.2.1
325 silly packumentCache full:https://registry.npmjs.org/range-parser cache-miss
326 http cache https://registry.npmjs.org/on-finished 217ms (cache hit)
327 silly packumentCache full:https://registry.npmjs.org/on-finished set size:23212 disposed:false
328 silly fetch manifest serve-static@^2.2.0
329 silly packumentCache full:https://registry.npmjs.org/serve-static cache-miss
330 http cache https://registry.npmjs.org/range-parser 253ms (cache hit)
331 silly packumentCache full:https://registry.npmjs.org/range-parser set size:24852 disposed:false
332 silly fetch manifest cookie-signature@^1.2.1
333 silly packumentCache full:https://registry.npmjs.org/cookie-signature cache-miss
334 http cache https://registry.npmjs.org/serve-static 271ms (cache hit)
335 silly packumentCache full:https://registry.npmjs.org/serve-static set size:150391 disposed:false
336 silly fetch manifest merge-descriptors@^2.0.0
337 silly packumentCache full:https://registry.npmjs.org/merge-descriptors cache-miss
338 http cache https://registry.npmjs.org/finalhandler 357ms (cache hit)
339 silly packumentCache full:https://registry.npmjs.org/finalhandler set size:79291 disposed:false
340 silly fetch manifest content-disposition@^1.0.0
341 silly packumentCache full:https://registry.npmjs.org/content-disposition cache-miss
342 http cache https://registry.npmjs.org/cookie-signature 382ms (cache hit)
343 silly packumentCache full:https://registry.npmjs.org/cookie-signature set size:21777 disposed:false
344 silly fetch manifest bytes@~3.1.2
345 silly packumentCache full:https://registry.npmjs.org/bytes cache-miss
346 http cache https://registry.npmjs.org/merge-descriptors 324ms (cache hit)
347 silly packumentCache full:https://registry.npmjs.org/merge-descriptors set size:16527 disposed:false
348 silly fetch manifest unpipe@~1.0.0
349 silly packumentCache full:https://registry.npmjs.org/unpipe cache-miss
350 http cache https://registry.npmjs.org/content-disposition 379ms (cache hit)
351 silly packumentCache full:https://registry.npmjs.org/content-disposition set size:45446 disposed:false
352 silly fetch manifest http-errors@~2.0.1
353 silly packumentCache full:https://registry.npmjs.org/http-errors cache-hit
354 http cache https://registry.npmjs.org/bytes 251ms (cache hit)
355 silly packumentCache full:https://registry.npmjs.org/bytes set size:37018 disposed:false
356 http cache https://registry.npmjs.org/unpipe 241ms (cache hit)
357 silly packumentCache full:https://registry.npmjs.org/unpipe set size:3609 disposed:false
358 silly placeDep ROOT fast-deep-equal@3.1.3 OK for: ajv@8.18.0 want: ^3.1.3
359 silly placeDep ROOT fast-uri@3.1.5 OK for: ajv@8.18.0 want: ^3.0.1
360 silly placeDep ROOT json-schema-traverse@1.0.0 OK for: ajv@8.18.0 want: ^1.0.0
361 silly placeDep ROOT object-assign@4.1.1 OK for: cors@2.8.6 want: ^4
362 silly placeDep ROOT vary@1.1.2 OK for: cors@2.8.6 want: ^1
363 silly placeDep ROOT path-key@3.1.1 OK for: cross-spawn@7.0.6 want: ^3.1.0
364 silly placeDep ROOT shebang-command@2.0.0 OK for: cross-spawn@7.0.6 want: ^2.0.0
365 silly placeDep ROOT which@2.0.2 OK for: cross-spawn@7.0.6 want: ^2.0.1
366 silly fetch manifest shebang-regex@^3.0.0
367 silly packumentCache full:https://registry.npmjs.org/shebang-regex cache-miss
368 silly fetch manifest isexe@^2.0.0
369 silly packumentCache full:https://registry.npmjs.org/isexe cache-miss
370 http cache https://registry.npmjs.org/shebang-regex 251ms (cache hit)
371 silly packumentCache full:https://registry.npmjs.org/shebang-regex set size:9763 disposed:false
372 http cache https://registry.npmjs.org/isexe 258ms (cache hit)
373 silly packumentCache full:https://registry.npmjs.org/isexe set size:31756 disposed:false
374 silly placeDep ROOT accepts@2.0.0 OK for: express@5.2.1 want: ^2.0.0
375 silly placeDep ROOT body-parser@2.3.0 OK for: express@5.2.1 want: ^2.2.1
376 silly placeDep ROOT content-disposition@1.1.0 OK for: express@5.2.1 want: ^1.0.0
377 silly placeDep ROOT cookie@0.7.2 OK for: express@5.2.1 want: ^0.7.1
378 silly placeDep ROOT cookie-signature@1.2.2 OK for: express@5.2.1 want: ^1.2.1
379 silly placeDep ROOT depd@2.0.0 OK for: express@5.2.1 want: ^2.0.0
380 silly placeDep ROOT encodeurl@2.0.0 OK for: express@5.2.1 want: ^2.0.0
381 silly placeDep ROOT escape-html@1.0.3 OK for: express@5.2.1 want: ^1.0.3
382 silly placeDep ROOT etag@1.8.1 OK for: express@5.2.1 want: ^1.8.1
383 silly placeDep ROOT finalhandler@2.1.1 OK for: express@5.2.1 want: ^2.1.0
384 silly placeDep ROOT fresh@2.0.0 OK for: express@5.2.1 want: ^2.0.0
385 silly placeDep ROOT http-errors@2.0.1 OK for: express@5.2.1 want: ^2.0.0
386 silly placeDep ROOT merge-descriptors@2.0.0 OK for: express@5.2.1 want: ^2.0.0
387 silly placeDep ROOT mime-types@3.0.2 OK for: express@5.2.1 want: ^3.0.0
388 silly placeDep ROOT on-finished@2.4.1 OK for: express@5.2.1 want: ^2.4.1
389 silly placeDep ROOT once@1.4.0 OK for: express@5.2.1 want: ^1.4.0
390 silly placeDep ROOT parseurl@1.3.3 OK for: express@5.2.1 want: ^1.3.3
391 silly placeDep ROOT proxy-addr@2.0.7 OK for: express@5.2.1 want: ^2.0.7
392 silly placeDep ROOT qs@6.15.3 OK for: express@5.2.1 want: ^6.14.0
393 silly placeDep ROOT range-parser@1.3.0 OK for: express@5.2.1 want: ^1.2.1
394 silly placeDep ROOT router@2.2.0 OK for: express@5.2.1 want: ^2.2.0
395 silly placeDep ROOT send@1.2.1 OK for: express@5.2.1 want: ^1.1.0
396 silly placeDep ROOT serve-static@2.2.1 OK for: express@5.2.1 want: ^2.2.0
397 silly placeDep ROOT statuses@2.0.2 OK for: express@5.2.1 want: ^2.0.1
398 silly placeDep ROOT type-is@2.1.0 OK for: express@5.2.1 want: ^2.0.1
399 silly fetch manifest qs@^6.15.2
400 silly packumentCache full:https://registry.npmjs.org/qs cache-hit
401 silly fetch manifest bytes@^3.1.2
402 silly packumentCache full:https://registry.npmjs.org/bytes cache-hit
403 silly fetch manifest type-is@^2.1.0
404 silly packumentCache full:https://registry.npmjs.org/type-is cache-hit
405 silly fetch manifest http-errors@^2.0.1
406 silly packumentCache full:https://registry.npmjs.org/http-errors cache-hit
407 silly fetch manifest content-type@^2.0.0
408 silly packumentCache full:https://registry.npmjs.org/content-type cache-hit
409 silly fetch manifest inherits@~2.0.4
410 silly packumentCache full:https://registry.npmjs.org/inherits cache-miss
411 silly fetch manifest setprototypeof@~1.2.0
412 silly packumentCache full:https://registry.npmjs.org/setprototypeof cache-miss
413 silly fetch manifest statuses@~2.0.2
414 silly packumentCache full:https://registry.npmjs.org/statuses cache-hit
415 silly fetch manifest toidentifier@~1.0.1
416 silly packumentCache full:https://registry.npmjs.org/toidentifier cache-miss
417 http cache https://registry.npmjs.org/toidentifier 237ms (cache hit)
418 silly packumentCache full:https://registry.npmjs.org/toidentifier set size:12006 disposed:false
419 silly fetch manifest mime-db@^1.54.0
420 silly packumentCache full:https://registry.npmjs.org/mime-db cache-miss
421 http cache https://registry.npmjs.org/setprototypeof 279ms (cache hit)
422 silly packumentCache full:https://registry.npmjs.org/setprototypeof set size:14532 disposed:false
423 silly fetch manifest ee-first@1.1.1
424 silly packumentCache full:https://registry.npmjs.org/ee-first cache-miss
425 http cache https://registry.npmjs.org/inherits 287ms (cache hit)
426 silly packumentCache full:https://registry.npmjs.org/inherits set size:12925 disposed:false
427 silly fetch manifest wrappy@1
428 silly packumentCache full:https://registry.npmjs.org/wrappy cache-miss
429 http cache https://registry.npmjs.org/ee-first 293ms (cache hit)
430 silly packumentCache full:https://registry.npmjs.org/ee-first set size:15327 disposed:false
431 silly fetch manifest forwarded@0.2.0
432 silly packumentCache full:https://registry.npmjs.org/forwarded cache-miss
433 http cache https://registry.npmjs.org/mime-db 303ms (cache hit)
434 silly packumentCache full:https://registry.npmjs.org/mime-db set size:164953 disposed:false
435 silly fetch manifest ipaddr.js@1.9.1
436 silly packumentCache full:https://registry.npmjs.org/ipaddr.js cache-miss
437 http cache https://registry.npmjs.org/wrappy 281ms (cache hit)
438 silly packumentCache full:https://registry.npmjs.org/wrappy set size:7682 disposed:false
439 silly fetch manifest side-channel@^1.1.1
440 silly packumentCache full:https://registry.npmjs.org/side-channel cache-miss
441 http cache https://registry.npmjs.org/forwarded 35ms (cache hit)
442 silly packumentCache full:https://registry.npmjs.org/forwarded set size:11229 disposed:false
443 silly fetch manifest es-define-property@^1.0.1
444 silly packumentCache full:https://registry.npmjs.org/es-define-property cache-miss
445 http cache https://registry.npmjs.org/ipaddr.js 272ms (cache hit)
446 silly packumentCache full:https://registry.npmjs.org/ipaddr.js set size:84329 disposed:false
447 silly fetch manifest is-promise@^4.0.0
448 silly packumentCache full:https://registry.npmjs.org/is-promise cache-miss
449 http cache https://registry.npmjs.org/side-channel 288ms (cache hit)
450 silly packumentCache full:https://registry.npmjs.org/side-channel set size:27650 disposed:false
451 silly fetch manifest path-to-regexp@^8.0.0
452 silly packumentCache full:https://registry.npmjs.org/path-to-regexp cache-miss
453 http cache https://registry.npmjs.org/es-define-property 571ms (cache hit)
454 silly packumentCache full:https://registry.npmjs.org/es-define-property set size:8542 disposed:false
455 silly fetch manifest statuses@^2.0.2
456 silly packumentCache full:https://registry.npmjs.org/statuses cache-hit
457 silly fetch manifest media-typer@^1.1.0
458 silly packumentCache full:https://registry.npmjs.org/media-typer cache-miss
459 http cache https://registry.npmjs.org/is-promise 340ms (cache hit)
460 silly packumentCache full:https://registry.npmjs.org/is-promise set size:18599 disposed:false
461 http cache https://registry.npmjs.org/path-to-regexp 325ms (cache hit)
462 silly packumentCache full:https://registry.npmjs.org/path-to-regexp set size:216334 disposed:false
463 http cache https://registry.npmjs.org/media-typer 269ms (cache hit)
464 silly packumentCache full:https://registry.npmjs.org/media-typer set size:22074 disposed:false
465 silly placeDep ROOT bytes@3.1.2 OK for: body-parser@2.3.0 want: ^3.1.2
466 silly placeDep node_modules/body-parser content-type@2.1.0 OK for: body-parser@2.3.0 want: ^2.0.0
467 silly placeDep ROOT inherits@2.0.4 OK for: http-errors@2.0.1 want: ~2.0.4
468 silly placeDep ROOT setprototypeof@1.2.0 OK for: http-errors@2.0.1 want: ~1.2.0
469 silly placeDep ROOT toidentifier@1.0.1 OK for: http-errors@2.0.1 want: ~1.0.1
470 silly placeDep ROOT mime-db@1.54.0 OK for: mime-types@3.0.2 want: ^1.54.0
471 silly placeDep ROOT ee-first@1.1.1 OK for: on-finished@2.4.1 want: 1.1.1
472 silly placeDep ROOT wrappy@1.0.2 OK for: once@1.4.0 want: 1
473 silly placeDep ROOT chalk@5.6.2 OK for: ora@9.3.0 want: ^5.6.2
474 silly placeDep ROOT cli-spinners@3.4.0 OK for: ora@9.3.0 want: ^3.2.0
475 silly placeDep ROOT is-interactive@2.0.0 OK for: ora@9.3.0 want: ^2.0.0
476 silly placeDep ROOT is-unicode-supported@2.1.0 OK for: ora@9.3.0 want: ^2.1.0
477 silly placeDep ROOT log-symbols@7.0.1 OK for: ora@9.3.0 want: ^7.0.1
478 silly placeDep ROOT stdin-discarder@0.3.2 OK for: ora@9.3.0 want: ^0.3.1
479 silly fetch manifest yoctocolors@^2.1.1
480 silly packumentCache full:https://registry.npmjs.org/yoctocolors cache-miss
481 http cache https://registry.npmjs.org/yoctocolors 152ms (cache hit)
482 silly packumentCache full:https://registry.npmjs.org/yoctocolors set size:29077 disposed:false
483 silly placeDep ROOT yoctocolors@2.2.0 OK for: log-symbols@7.0.1 want: ^2.1.1
484 silly placeDep ROOT forwarded@0.2.0 OK for: proxy-addr@2.0.7 want: 0.2.0
485 silly placeDep ROOT ipaddr.js@1.9.1 OK for: proxy-addr@2.0.7 want: 1.9.1
486 silly placeDep ROOT es-define-property@1.0.1 OK for: qs@6.15.3 want: ^1.0.1
487 silly placeDep ROOT side-channel@1.1.1 OK for: qs@6.15.3 want: ^1.1.1
488 silly fetch manifest es-errors@^1.3.0
489 silly packumentCache full:https://registry.npmjs.org/es-errors cache-miss
490 silly fetch manifest object-inspect@^1.13.4
491 silly packumentCache full:https://registry.npmjs.org/object-inspect cache-miss
492 silly fetch manifest side-channel-list@^1.0.1
493 silly packumentCache full:https://registry.npmjs.org/side-channel-list cache-miss
494 http cache https://registry.npmjs.org/es-errors 161ms (cache hit)
495 silly packumentCache full:https://registry.npmjs.org/es-errors set size:16918 disposed:false
496 silly fetch manifest side-channel-map@^1.0.1
497 silly packumentCache full:https://registry.npmjs.org/side-channel-map cache-miss
498 http cache https://registry.npmjs.org/object-inspect 163ms (cache hit)
499 silly packumentCache full:https://registry.npmjs.org/object-inspect set size:101927 disposed:false
500 silly fetch manifest side-channel-weakmap@^1.0.2
501 silly packumentCache full:https://registry.npmjs.org/side-channel-weakmap cache-miss
502 http cache https://registry.npmjs.org/side-channel-list 168ms (cache hit)
503 silly packumentCache full:https://registry.npmjs.org/side-channel-list set size:9021 disposed:false
504 http cache https://registry.npmjs.org/side-channel-map 170ms (cache hit)
505 silly packumentCache full:https://registry.npmjs.org/side-channel-map set size:9126 disposed:false
506 http cache https://registry.npmjs.org/side-channel-weakmap 181ms (cache hit)
507 silly packumentCache full:https://registry.npmjs.org/side-channel-weakmap set size:12620 disposed:false
508 silly placeDep ROOT unpipe@1.0.0 OK for: raw-body@3.0.2 want: ~1.0.0
509 silly placeDep ROOT is-promise@4.0.0 OK for: router@2.2.0 want: ^4.0.0
510 silly placeDep ROOT path-to-regexp@8.4.2 OK for: router@2.2.0 want: ^8.0.0
511 silly placeDep ROOT shebang-regex@3.0.0 OK for: shebang-command@2.0.0 want: ^3.0.0
512 silly placeDep ROOT es-errors@1.3.0 OK for: side-channel@1.1.1 want: ^1.3.0
513 silly placeDep ROOT object-inspect@1.13.4 OK for: side-channel@1.1.1 want: ^1.13.4
514 silly placeDep ROOT side-channel-list@1.0.1 OK for: side-channel@1.1.1 want: ^1.0.1
515 silly placeDep ROOT side-channel-map@1.0.1 OK for: side-channel@1.1.1 want: ^1.0.1
516 silly placeDep ROOT side-channel-weakmap@1.0.2 OK for: side-channel@1.1.1 want: ^1.0.2
517 silly fetch manifest call-bound@^1.0.2
518 silly packumentCache full:https://registry.npmjs.org/call-bound cache-miss
519 silly fetch manifest get-intrinsic@^1.2.5
520 silly packumentCache full:https://registry.npmjs.org/get-intrinsic cache-miss
521 silly fetch manifest call-bound@^1.0.2
522 silly packumentCache full:https://registry.npmjs.org/call-bound cache-miss
523 http cache https://registry.npmjs.org/get-intrinsic 179ms (cache hit)
524 silly packumentCache full:https://registry.npmjs.org/get-intrinsic set size:60985 disposed:false
525 http cache https://registry.npmjs.org/call-bound 187ms (cache hit)
526 silly packumentCache full:https://registry.npmjs.org/call-bound set size:15317 disposed:false
527 http cache https://registry.npmjs.org/call-bound 192ms (cache hit)
528 silly packumentCache full:https://registry.npmjs.org/call-bound set size:15317 disposed:false
529 silly packumentCache full:https://registry.npmjs.org/call-bound dispose
530 silly placeDep ROOT call-bound@1.0.4 OK for: side-channel-map@1.0.1 want: ^1.0.2
531 silly placeDep ROOT get-intrinsic@1.3.0 OK for: side-channel-map@1.0.1 want: ^1.2.5
532 silly fetch manifest call-bind-apply-helpers@^1.0.2
533 silly packumentCache full:https://registry.npmjs.org/call-bind-apply-helpers cache-miss
534 silly fetch manifest get-intrinsic@^1.3.0
535 silly packumentCache full:https://registry.npmjs.org/get-intrinsic cache-hit
536 silly fetch manifest gopd@^1.2.0
537 silly packumentCache full:https://registry.npmjs.org/gopd cache-miss
538 silly fetch manifest hasown@^2.0.2
539 silly packumentCache full:https://registry.npmjs.org/hasown cache-miss
540 http cache https://registry.npmjs.org/gopd 358ms (cache hit)
541 silly packumentCache full:https://registry.npmjs.org/gopd set size:11483 disposed:false
542 silly fetch manifest get-proto@^1.0.1
543 silly packumentCache full:https://registry.npmjs.org/get-proto cache-miss
544 http cache https://registry.npmjs.org/call-bind-apply-helpers 430ms (cache hit)
545 silly packumentCache full:https://registry.npmjs.org/call-bind-apply-helpers set size:12744 disposed:false
546 silly fetch manifest has-symbols@^1.1.0
547 silly packumentCache full:https://registry.npmjs.org/has-symbols cache-miss
548 http cache https://registry.npmjs.org/hasown 428ms (cache hit)
549 silly packumentCache full:https://registry.npmjs.org/hasown set size:18361 disposed:false
550 silly fetch manifest function-bind@^1.1.2
551 silly packumentCache full:https://registry.npmjs.org/function-bind cache-miss
552 http cache https://registry.npmjs.org/get-proto 196ms (cache hit)
553 silly packumentCache full:https://registry.npmjs.org/get-proto set size:8300 disposed:false
554 silly fetch manifest es-object-atoms@^1.1.1
555 silly packumentCache full:https://registry.npmjs.org/es-object-atoms cache-miss
556 http cache https://registry.npmjs.org/has-symbols 188ms (cache hit)
557 silly packumentCache full:https://registry.npmjs.org/has-symbols set size:21550 disposed:false
558 silly fetch manifest math-intrinsics@^1.1.0
559 silly packumentCache full:https://registry.npmjs.org/math-intrinsics cache-miss
560 http cache https://registry.npmjs.org/function-bind 202ms (cache hit)
561 silly packumentCache full:https://registry.npmjs.org/function-bind set size:15733 disposed:false
562 http cache https://registry.npmjs.org/es-object-atoms 221ms (cache hit)
563 silly packumentCache full:https://registry.npmjs.org/es-object-atoms set size:18278 disposed:false
564 http cache https://registry.npmjs.org/math-intrinsics 293ms (cache hit)
565 silly packumentCache full:https://registry.npmjs.org/math-intrinsics set size:9265 disposed:false
566 silly placeDep ROOT call-bind-apply-helpers@1.0.2 OK for: call-bound@1.0.4 want: ^1.0.2
567 silly placeDep ROOT function-bind@1.1.2 OK for: call-bind-apply-helpers@1.0.2 want: ^1.1.2
568 silly placeDep ROOT es-object-atoms@1.1.2 OK for: get-intrinsic@1.3.0 want: ^1.1.1
569 silly placeDep ROOT get-proto@1.0.1 OK for: get-intrinsic@1.3.0 want: ^1.0.1
570 silly placeDep ROOT gopd@1.2.0 OK for: get-intrinsic@1.3.0 want: ^1.2.0
571 silly placeDep ROOT has-symbols@1.1.0 OK for: get-intrinsic@1.3.0 want: ^1.1.0
572 silly placeDep ROOT hasown@2.0.4 OK for: get-intrinsic@1.3.0 want: ^2.0.2
573 silly placeDep ROOT math-intrinsics@1.1.0 OK for: get-intrinsic@1.3.0 want: ^1.1.0
574 silly fetch manifest dunder-proto@^1.0.1
575 silly packumentCache full:https://registry.npmjs.org/dunder-proto cache-miss
576 http cache https://registry.npmjs.org/dunder-proto 138ms (cache hit)
577 silly packumentCache full:https://registry.npmjs.org/dunder-proto set size:8256 disposed:false
578 silly placeDep ROOT dunder-proto@1.0.1 OK for: get-proto@1.0.1 want: ^1.0.1
579 silly placeDep node_modules/type-is content-type@2.1.0 OK for: type-is@2.1.0 want: ^2.0.0
580 silly placeDep ROOT media-typer@1.1.1 OK for: type-is@2.1.0 want: ^1.1.0
581 silly placeDep ROOT isexe@2.0.0 OK for: which@2.0.2 want: ^2.0.0
582 silly audit bulk request {
582 silly audit   '@acemir/cssom': [ '0.9.31' ],
582 silly audit   '@algolia/abtesting': [ '1.14.1' ],
582 silly audit   '@algolia/client-abtesting': [ '5.48.1' ],
582 silly audit   '@algolia/client-analytics': [ '5.48.1' ],
582 silly audit   '@algolia/client-common': [ '5.48.1' ],
582 silly audit   '@algolia/client-insights': [ '5.48.1' ],
582 silly audit   '@algolia/client-personalization': [ '5.48.1' ],
582 silly audit   '@algolia/client-query-suggestions': [ '5.48.1' ],
582 silly audit   '@algolia/client-search': [ '5.48.1' ],
582 silly audit   '@algolia/ingestion': [ '1.48.1' ],
582 silly audit   '@algolia/monitoring': [ '1.48.1' ],
582 silly audit   '@algolia/recommend': [ '5.48.1' ],
582 silly audit   '@algolia/requester-browser-xhr': [ '5.48.1' ],
582 silly audit   '@algolia/requester-fetch': [ '5.48.1' ],
582 silly audit   '@algolia/requester-node-http': [ '5.48.1' ],
582 silly audit   '@ampproject/remapping': [ '2.3.0' ],
582 silly audit   '@angular/cdk': [ '21.2.14' ],
582 silly audit   '@angular/material': [ '21.2.14' ],
582 silly audit   '@asamuzakjp/css-color': [ '5.0.1' ],
582 silly audit   'lru-cache': [ '11.2.7', '11.5.2', '5.1.1' ],
582 silly audit   '@asamuzakjp/dom-selector': [ '6.8.1' ],
582 silly audit   '@asamuzakjp/nwsapi': [ '2.3.9' ],
582 silly audit   '@babel/code-frame': [ '7.29.7' ],
582 silly audit   '@babel/compat-data': [ '7.29.7' ],
582 silly audit   '@babel/core': [ '7.29.7' ],
582 silly audit   'convert-source-map': [ '2.0.0', '1.9.0' ],
582 silly audit   semver: [ '6.3.1', '7.7.4' ],
582 silly audit   '@babel/generator': [ '7.29.7' ],
582 silly audit   '@babel/helper-annotate-as-pure': [ '7.27.3' ],
582 silly audit   '@babel/helper-compilation-targets': [ '7.29.7' ],
582 silly audit   '@babel/helper-globals': [ '7.29.7' ],
582 silly audit   '@babel/helper-module-imports': [ '7.29.7' ],
582 silly audit   '@babel/helper-module-transforms': [ '7.29.7' ],
582 silly audit   '@babel/helper-split-export-declaration': [ '7.24.7' ],
582 silly audit   '@babel/helper-string-parser': [ '7.29.7' ],
582 silly audit   '@babel/helper-validator-identifier': [ '7.29.7' ],
582 silly audit   '@babel/helper-validator-option': [ '7.29.7' ],
582 silly audit   '@babel/helpers': [ '7.29.7' ],
582 silly audit   '@babel/parser': [ '7.29.7' ],
582 silly audit   '@babel/template': [ '7.29.7' ],
582 silly audit   '@babel/traverse': [ '7.29.7' ],
582 silly audit   '@babel/types': [ '7.29.7' ],
582 silly audit   '@bramus/specificity': [ '2.4.2' ],
582 silly audit   '@csstools/color-helpers': [ '6.0.2' ],
582 silly audit   '@csstools/css-calc': [ '3.1.1' ],
582 silly audit   '@csstools/css-color-parser': [ '4.0.2' ],
582 silly audit   '@csstools/css-parser-algorithms': [ '4.0.0' ],
582 silly audit   '@csstools/css-syntax-patches-for-csstree': [ '1.1.1' ],
582 silly audit   '@csstools/css-tokenizer': [ '4.0.0' ],
582 silly audit   '@emnapi/core': [ '1.9.0' ],
582 silly audit   '@emnapi/runtime': [ '1.9.0' ],
582 silly audit   '@emnapi/wasi-threads': [ '1.2.0' ],
582 silly audit   '@esbuild/aix-ppc64': [ '0.28.1' ],
582 silly audit   '@esbuild/android-arm': [ '0.28.1' ],
582 silly audit   '@esbuild/android-arm64': [ '0.28.1' ],
582 silly audit   '@esbuild/android-x64': [ '0.28.1' ],
582 silly audit   '@esbuild/darwin-arm64': [ '0.28.1' ],
582 silly audit   '@esbuild/darwin-x64': [ '0.28.1' ],
582 silly audit   '@esbuild/freebsd-arm64': [ '0.28.1' ],
582 silly audit   '@esbuild/freebsd-x64': [ '0.28.1' ],
582 silly audit   '@esbuild/linux-arm': [ '0.28.1' ],
582 silly audit   '@esbuild/linux-arm64': [ '0.28.1' ],
582 silly audit   '@esbuild/linux-ia32': [ '0.28.1' ],
582 silly audit   '@esbuild/linux-loong64': [ '0.28.1' ],
582 silly audit   '@esbuild/linux-mips64el': [ '0.28.1' ],
582 silly audit   '@esbuild/linux-ppc64': [ '0.28.1' ],
582 silly audit   '@esbuild/linux-riscv64': [ '0.28.1' ],
582 silly audit   '@esbuild/linux-s390x': [ '0.28.1' ],
582 silly audit   '@esbuild/linux-x64': [ '0.28.1' ],
582 silly audit   '@esbuild/netbsd-arm64': [ '0.28.1' ],
582 silly audit   '@esbuild/netbsd-x64': [ '0.28.1' ],
582 silly audit   '@esbuild/openbsd-arm64': [ '0.28.1' ],
582 silly audit   '@esbuild/openbsd-x64': [ '0.28.1' ],
582 silly audit   '@esbuild/openharmony-arm64': [ '0.28.1' ],
582 silly audit   '@esbuild/sunos-x64': [ '0.28.1' ],
582 silly audit   '@esbuild/win32-arm64': [ '0.28.1' ],
582 silly audit   '@esbuild/win32-ia32': [ '0.28.1' ],
582 silly audit   '@esbuild/win32-x64': [ '0.28.1' ],
582 silly audit   '@exodus/bytes': [ '1.15.0' ],
582 silly audit   '@fortawesome/fontawesome-free': [ '7.2.0' ],
582 silly audit   '@gar/promise-retry': [ '1.0.3' ],
582 silly audit   '@harperfast/extended-iterable': [ '1.0.3' ],
582 silly audit   '@inquirer/ansi': [ '1.0.2' ],
582 silly audit   '@inquirer/checkbox': [ '4.3.2' ],
582 silly audit   '@inquirer/confirm': [ '5.1.21' ],
582 silly audit   '@inquirer/core': [ '10.3.2' ],
582 silly audit   '@inquirer/editor': [ '4.2.23' ],
582 silly audit   '@inquirer/expand': [ '4.0.23' ],
582 silly audit   '@inquirer/external-editor': [ '1.0.3' ],
582 silly audit   '@inquirer/figures': [ '1.0.15' ],
582 silly audit   '@inquirer/input': [ '4.3.1' ],
582 silly audit   '@inquirer/number': [ '3.0.23' ],
582 silly audit   '@inquirer/password': [ '4.0.23' ],
582 silly audit   '@inquirer/prompts': [ '7.10.1' ],
582 silly audit   '@inquirer/rawlist': [ '4.1.11' ],
582 silly audit   '@inquirer/search': [ '3.2.2' ],
582 silly audit   '@inquirer/select': [ '4.4.2' ],
582 silly audit   '@inquirer/type': [ '3.0.10' ],
582 silly audit   '@isaacs/fs-minipass': [ '4.0.1' ],
582 silly audit   '@istanbuljs/schema': [ '0.1.3' ],
582 silly audit   '@jridgewell/gen-mapping': [ '0.3.13' ],
582 silly audit   '@jridgewell/remapping': [ '2.3.5' ],
582 silly audit   '@jridgewell/resolve-uri': [ '3.1.2' ],
582 silly audit   '@jridgewell/sourcemap-codec': [ '1.5.5' ],
582 silly audit   '@jridgewell/trace-mapping': [ '0.3.31' ],
582 silly audit   '@kurkle/color': [ '0.3.4' ],
582 silly audit   '@listr2/prompt-adapter-inquirer': [ '3.0.5' ],
582 silly audit   '@lmdb/lmdb-darwin-arm64': [ '3.5.1' ],
582 silly audit   '@lmdb/lmdb-darwin-x64': [ '3.5.1' ],
582 silly audit   '@lmdb/lmdb-linux-arm': [ '3.5.1' ],
582 silly audit   '@lmdb/lmdb-linux-arm64': [ '3.5.1' ],
582 silly audit   '@lmdb/lmdb-linux-x64': [ '3.5.1' ],
582 silly audit   '@lmdb/lmdb-win32-arm64': [ '3.5.1' ],
582 silly audit   '@lmdb/lmdb-win32-x64': [ '3.5.1' ],
582 silly audit   '@msgpackr-extract/msgpackr-extract-darwin-arm64': [ '3.0.3' ],
582 silly audit   '@msgpackr-extract/msgpackr-extract-darwin-x64': [ '3.0.3' ],
582 silly audit   '@msgpackr-extract/msgpackr-extract-linux-arm': [ '3.0.3' ],
582 silly audit   '@msgpackr-extract/msgpackr-extract-linux-arm64': [ '3.0.3' ],
582 silly audit   '@msgpackr-extract/msgpackr-extract-linux-x64': [ '3.0.3' ],
582 silly audit   '@msgpackr-extract/msgpackr-extract-win32-x64': [ '3.0.3' ],
582 silly audit   '@napi-rs/nice': [ '1.1.1' ],
582 silly audit   '@napi-rs/nice-android-arm-eabi': [ '1.1.1' ],
582 silly audit   '@napi-rs/nice-android-arm64': [ '1.1.1' ],
582 silly audit   '@napi-rs/nice-darwin-arm64': [ '1.1.1' ],
582 silly audit   '@napi-rs/nice-darwin-x64': [ '1.1.1' ],
582 silly audit   '@napi-rs/nice-freebsd-x64': [ '1.1.1' ],
582 silly audit   '@napi-rs/nice-linux-arm-gnueabihf': [ '1.1.1' ],
582 silly audit   '@napi-rs/nice-linux-arm64-gnu': [ '1.1.1' ],
582 silly audit   '@napi-rs/nice-linux-arm64-musl': [ '1.1.1' ],
582 silly audit   '@napi-rs/nice-linux-ppc64-gnu': [ '1.1.1' ],
582 silly audit   '@napi-rs/nice-linux-riscv64-gnu': [ '1.1.1' ],
582 silly audit   '@napi-rs/nice-linux-s390x-gnu': [ '1.1.1' ],
582 silly audit   '@napi-rs/nice-linux-x64-gnu': [ '1.1.1' ],
582 silly audit   '@napi-rs/nice-linux-x64-musl': [ '1.1.1' ],
582 silly audit   '@napi-rs/nice-openharmony-arm64': [ '1.1.1' ],
582 silly audit   '@napi-rs/nice-win32-arm64-msvc': [ '1.1.1' ],
582 silly audit   '@napi-rs/nice-win32-ia32-msvc': [ '1.1.1' ],
582 silly audit   '@napi-rs/nice-win32-x64-msvc': [ '1.1.1' ],
582 silly audit   '@napi-rs/wasm-runtime': [ '1.1.1' ],
582 silly audit   '@npmcli/agent': [ '4.0.2' ],
582 silly audit   '@npmcli/fs': [ '5.0.0' ],
582 silly audit   '@npmcli/git': [ '7.0.2' ],
582 silly audit   isexe: [ '4.0.0', '2.0.0' ],
582 silly audit   which: [ '6.0.1', '2.0.2' ],
582 silly audit   '@npmcli/installed-package-contents': [ '4.0.0' ],
582 silly audit   '@npmcli/node-gyp': [ '5.0.0' ],
582 silly audit   '@npmcli/package-json': [ '7.0.5' ],
582 silly audit   '@npmcli/promise-spawn': [ '9.0.1' ],
582 silly audit   '@npmcli/redact': [ '4.0.0' ],
582 silly audit   '@npmcli/run-script': [ '10.0.4' ],
582 silly audit   '@oxc-project/types': [ '0.113.0' ],
582 silly audit   '@parcel/watcher': [ '2.5.6' ],
582 silly audit   '@parcel/watcher-android-arm64': [ '2.5.6' ],
582 silly audit   '@parcel/watcher-darwin-arm64': [ '2.5.6' ],
582 silly audit   '@parcel/watcher-darwin-x64': [ '2.5.6' ],
582 silly audit   '@parcel/watcher-freebsd-x64': [ '2.5.6' ],
582 silly audit   '@parcel/watcher-linux-arm-glibc': [ '2.5.6' ],
582 silly audit   '@parcel/watcher-linux-arm-musl': [ '2.5.6' ],
582 silly audit   '@parcel/watcher-linux-arm64-glibc': [ '2.5.6' ],
582 silly audit   '@parcel/watcher-linux-arm64-musl': [ '2.5.6' ],
582 silly audit   '@parcel/watcher-linux-x64-glibc': [ '2.5.6' ],
582 silly audit   '@parcel/watcher-linux-x64-musl': [ '2.5.6' ],
582 silly audit   '@parcel/watcher-win32-arm64': [ '2.5.6' ],
582 silly audit   '@parcel/watcher-win32-ia32': [ '2.5.6' ],
582 silly audit   '@parcel/watcher-win32-x64': [ '2.5.6' ],
582 silly audit   'node-addon-api': [ '7.1.1', '6.1.0' ],
582 silly audit   '@rolldown/binding-android-arm64': [ '1.0.0-rc.4' ],
582 silly audit   '@rolldown/binding-darwin-arm64': [ '1.0.0-rc.4' ],
582 silly audit   '@rolldown/binding-darwin-x64': [ '1.0.0-rc.4' ],
582 silly audit   '@rolldown/binding-freebsd-x64': [ '1.0.0-rc.4' ],
582 silly audit   '@rolldown/binding-linux-arm-gnueabihf': [ '1.0.0-rc.4' ],
582 silly audit   '@rolldown/binding-linux-arm64-gnu': [ '1.0.0-rc.4' ],
582 silly audit   '@rolldown/binding-linux-arm64-musl': [ '1.0.0-rc.4' ],
582 silly audit   '@rolldown/binding-linux-x64-gnu': [ '1.0.0-rc.4' ],
582 silly audit   '@rolldown/binding-linux-x64-musl': [ '1.0.0-rc.4' ],
582 silly audit   '@rolldown/binding-openharmony-arm64': [ '1.0.0-rc.4' ],
582 silly audit   '@rolldown/binding-wasm32-wasi': [ '1.0.0-rc.4' ],
582 silly audit   '@rolldown/binding-win32-arm64-msvc': [ '1.0.0-rc.4' ],
582 silly audit   '@rolldown/binding-win32-x64-msvc': [ '1.0.0-rc.4' ],
582 silly audit   '@rolldown/pluginutils': [ '1.0.0-rc.4' ],
582 silly audit   '@rollup/rollup-android-arm-eabi': [ '4.59.0' ],
582 silly audit   '@rollup/rollup-android-arm64': [ '4.59.0' ],
582 silly audit   '@rollup/rollup-darwin-arm64': [ '4.59.0' ],
582 silly audit   '@rollup/rollup-darwin-x64': [ '4.59.0' ],
582 silly audit   '@rollup/rollup-freebsd-arm64': [ '4.59.0' ],
582 silly audit   '@rollup/rollup-freebsd-x64': [ '4.59.0' ],
582 silly audit   '@rollup/rollup-linux-arm-gnueabihf': [ '4.59.0' ],
582 silly audit   '@rollup/rollup-linux-arm-musleabihf': [ '4.59.0' ],
582 silly audit   '@rollup/rollup-linux-arm64-gnu': [ '4.59.0' ],
582 silly audit   '@rollup/rollup-linux-arm64-musl': [ '4.59.0' ],
582 silly audit   '@rollup/rollup-linux-loong64-gnu': [ '4.59.0' ],
582 silly audit   '@rollup/rollup-linux-loong64-musl': [ '4.59.0' ],
582 silly audit   '@rollup/rollup-linux-ppc64-gnu': [ '4.59.0' ],
582 silly audit   '@rollup/rollup-linux-ppc64-musl': [ '4.59.0' ],
582 silly audit   '@rollup/rollup-linux-riscv64-gnu': [ '4.59.0' ],
582 silly audit   '@rollup/rollup-linux-riscv64-musl': [ '4.59.0' ],
582 silly audit   '@rollup/rollup-linux-s390x-gnu': [ '4.59.0' ],
582 silly audit   '@rollup/rollup-linux-x64-gnu': [ '4.59.0' ],
582 silly audit   '@rollup/rollup-linux-x64-musl': [ '4.59.0' ],
582 silly audit   '@rollup/rollup-openbsd-x64': [ '4.59.0' ],
582 silly audit   '@rollup/rollup-openharmony-arm64': [ '4.59.0' ],
582 silly audit   '@rollup/rollup-win32-arm64-msvc': [ '4.59.0' ],
582 silly audit   '@rollup/rollup-win32-ia32-msvc': [ '4.59.0' ],
582 silly audit   '@rollup/rollup-win32-x64-gnu': [ '4.59.0' ],
582 silly audit   '@rollup/rollup-win32-x64-msvc': [ '4.59.0' ],
582 silly audit   '@scarf/scarf': [ '1.4.0' ],
582 silly audit   '@sigstore/bundle': [ '4.0.0' ],
582 silly audit   '@sigstore/core': [ '3.2.1' ],
582 silly audit   '@sigstore/protobuf-specs': [ '0.5.1' ],
582 silly audit   '@sigstore/sign': [ '4.1.1' ],
582 silly audit   '@sigstore/tuf': [ '4.0.2' ],
582 silly audit   '@sigstore/verify': [ '3.1.1' ],
582 silly audit   '@standard-schema/spec': [ '1.1.0' ],
582 silly audit   '@tufjs/canonical-json': [ '2.0.0' ],
582 silly audit   '@tufjs/models': [ '4.1.0' ],
582 silly audit   '@tybys/wasm-util': [ '0.10.1' ],
582 silly audit   '@types/chai': [ '5.2.3' ],
582 silly audit   '@types/deep-eql': [ '4.0.2' ],
582 silly audit   '@types/estree': [ '1.0.8' ],
582 silly audit   '@types/geojson': [ '7946.0.16' ],
582 silly audit   '@types/leaflet': [ '1.9.21' ],
582 silly audit   '@types/leaflet.markercluster': [ '1.5.6' ],
582 silly audit   '@vitejs/plugin-basic-ssl': [ '2.1.4' ],
582 silly audit   '@vitest/expect': [ '4.1.0' ],
582 silly audit   '@vitest/mocker': [ '4.1.0' ],
582 silly audit   '@vitest/pretty-format': [ '4.1.0' ],
582 silly audit   '@vitest/runner': [ '4.1.0' ],
582 silly audit   '@vitest/snapshot': [ '4.1.0' ],
582 silly audit   '@vitest/spy': [ '4.1.0' ],
582 silly audit   '@vitest/utils': [ '4.1.0' ],
582 silly audit   '@yarnpkg/lockfile': [ '1.1.0' ],
582 silly audit   abbrev: [ '4.0.0' ],
582 silly audit   'agent-base': [ '7.1.4' ],
582 silly audit   algoliasearch: [ '5.48.1' ],
582 silly audit   'angular-calendar': [ '0.32.1' ],
582 silly audit   'ansi-escapes': [ '7.3.0' ],
582 silly audit   'ansi-regex': [ '6.2.2', '5.0.1' ],
582 silly audit   'ansi-styles': [ '6.2.3', '4.3.0' ],
582 silly audit   'assertion-error': [ '2.0.1' ],
582 silly audit   'balanced-match': [ '4.0.4' ],
582 silly audit   'baseline-browser-mapping': [ '2.10.8' ],
582 silly audit   beasties: [ '0.4.1' ],
582 silly audit   'bidi-js': [ '1.0.3' ],
582 silly audit   boolbase: [ '1.0.0' ],
582 silly audit   'brace-expansion': [ '5.0.9' ],
582 silly audit   browserslist: [ '4.28.1' ],
582 silly audit   'buffer-from': [ '1.1.2' ],
582 silly audit   cacache: [ '20.0.4' ],
582 silly audit   'calendar-utils': [ '0.12.5' ],
582 silly audit   'caniuse-lite': [ '1.0.30001780' ],
582 silly audit   chai: [ '6.2.2' ],
582 silly audit   chardet: [ '2.1.1' ],
582 silly audit   'chart.js': [ '4.5.1' ],
582 silly audit   'chartjs-plugin-datalabels': [ '2.2.0' ],
582 silly audit   chokidar: [ '5.0.0', '4.0.3' ],
582 silly audit   chownr: [ '3.0.0' ],
582 silly audit   'cli-cursor': [ '5.0.0' ],
582 silly audit   'cli-truncate': [ '5.2.0' ],
582 silly audit   'cli-width': [ '4.1.0' ],
582 silly audit   cliui: [ '9.0.1' ],
582 silly audit   'string-width': [ '7.2.0', '8.2.0', '4.2.3' ],
582 silly audit   'wrap-ansi': [ '9.0.2', '6.2.0' ],
582 silly audit   'color-convert': [ '2.0.1' ],
582 silly audit   'color-name': [ '1.1.4' ],
582 silly audit   colorette: [ '2.0.20' ],
582 silly audit   'css-select': [ '6.0.0' ],
582 silly audit   'css-tree': [ '3.2.1' ],
582 silly audit   'css-what': [ '7.0.0' ],
582 silly audit   cssstyle: [ '6.2.0' ],
582 silly audit   'data-urls': [ '7.0.0' ],
582 silly audit   'date-fns': [ '4.1.0' ],
582 silly audit   debug: [ '4.4.3' ],
582 silly audit   'decimal.js': [ '10.6.0' ],
582 silly audit   'detect-libc': [ '2.1.2' ],
582 silly audit   'dom-serializer': [ '2.0.0' ],
582 silly audit   domelementtype: [ '2.3.0' ],
582 silly audit   domhandler: [ '5.0.3' ],
582 silly audit   domutils: [ '3.2.2' ],
582 silly audit   'electron-to-chromium': [ '1.5.313' ],
582 silly audit   'emoji-regex': [ '10.6.0', '8.0.0' ],
582 silly audit   entities: [ '4.5.0', '7.0.1', '6.0.1' ],
582 silly audit   'env-paths': [ '2.2.1' ],
582 silly audit   environment: [ '1.1.0' ],
582 silly audit   'es-module-lexer': [ '2.0.0' ],
582 silly audit   'es-toolkit': [ '1.45.1' ],
582 silly audit   esbuild: [ '0.28.1' ],
582 silly audit   escalade: [ '3.2.0' ],
582 silly audit   'estree-walker': [ '3.0.3' ],
582 silly audit   eventemitter3: [ '5.0.4' ],
582 silly audit   'expect-type': [ '1.3.0' ],
582 silly audit   'exponential-backoff': [ '3.1.3' ],
582 silly audit   fdir: [ '6.5.0' ],
582 silly audit   'fs-minipass': [ '3.0.3' ],
582 silly audit   fsevents: [ '2.3.3' ],
582 silly audit   gensync: [ '1.0.0-beta.2' ],
582 silly audit   'get-caller-file': [ '2.0.5' ],
582 silly audit   'get-east-asian-width': [ '1.5.0' ],
582 silly audit   glob: [ '13.0.6' ],
582 silly audit   'glob-to-regexp': [ '0.4.1' ],
582 silly audit   'graceful-fs': [ '4.2.11' ],
582 silly audit   'hosted-git-info': [ '9.0.3' ],
582 silly audit   'html-encoding-sniffer': [ '6.0.0' ],
582 silly audit   htmlparser2: [ '10.1.0' ],
582 silly audit   'http-cache-semantics': [ '4.2.0' ],
582 silly audit   'http-proxy-agent': [ '7.0.2' ],
582 silly audit   'https-proxy-agent': [ '7.0.6' ],
582 silly audit   'iconv-lite': [ '0.7.2' ],
582 silly audit   'ignore-walk': [ '8.0.0' ],
582 silly audit   immutable: [ '5.1.9' ],
582 silly audit   ini: [ '6.0.0' ],
582 silly audit   'ip-address': [ '10.5.0' ],
582 silly audit   'is-extglob': [ '2.1.1' ],
582 silly audit   'is-fullwidth-code-point': [ '5.1.0', '3.0.0' ],
582 silly audit   'is-glob': [ '4.0.3' ],
582 silly audit   'is-potential-custom-element-name': [ '1.0.1' ],
582 silly audit   'istanbul-lib-coverage': [ '3.2.2' ],
582 silly audit   'istanbul-lib-instrument': [ '6.0.3' ],
582 silly audit   'js-tokens': [ '4.0.0' ],
582 silly audit   jsdom: [ '28.1.0' ],
582 silly audit   jsesc: [ '3.1.0' ],
582 silly audit   'json-parse-even-better-errors': [ '5.0.0' ],
582 silly audit   json5: [ '2.2.3' ],
582 silly audit   'jsonc-parser': [ '3.3.1' ],
582 silly audit   jsonparse: [ '1.3.1' ],
582 silly audit   leaflet: [ '1.9.4' ],
582 silly audit   'leaflet.markercluster': [ '1.5.3' ],
582 silly audit   listr2: [ '9.0.5' ],
582 silly audit   lmdb: [ '3.5.1' ],
582 silly audit   'log-update': [ '6.1.0' ],
582 silly audit   'slice-ansi': [ '7.1.2', '8.0.0' ],
582 silly audit   'magic-string': [ '0.30.21' ],
582 silly audit   'make-fetch-happen': [ '15.0.6' ],
582 silly audit   'mdn-data': [ '2.27.1' ],
582 silly audit   'mimic-function': [ '5.0.1' ],
582 silly audit   minimatch: [ '10.2.5' ],
582 silly audit   minipass: [ '7.1.3', '3.3.6' ],
582 silly audit   'minipass-collect': [ '2.0.1' ],
582 silly audit   'minipass-fetch': [ '5.0.2' ],
582 silly audit   'minipass-flush': [ '1.0.7' ],
582 silly audit   yallist: [ '4.0.0', '5.0.0', '3.1.1' ],
582 silly audit   'minipass-pipeline': [ '1.2.4' ],
582 silly audit   'minipass-sized': [ '2.0.0' ],
582 silly audit   minizlib: [ '3.1.0' ],
582 silly audit   mrmime: [ '2.0.1' ],
582 silly audit   ms: [ '2.1.3' ],
582 silly audit   msgpackr: [ '1.11.9' ],
582 silly audit   'msgpackr-extract': [ '3.0.3' ],
582 silly audit   'mute-stream': [ '2.0.0' ],
582 silly audit   nanoid: [ '3.3.18' ],
582 silly audit   negotiator: [ '1.0.0' ],
582 silly audit   'ng2-charts': [ '10.0.0' ],
582 silly audit   'node-gyp': [ '12.4.0' ],
582 silly audit   'node-gyp-build-optional-packages': [ '5.2.2' ],
582 silly audit   undici: [ '6.28.0', '7.29.0' ],
582 silly audit   'node-releases': [ '2.0.36' ],
582 silly audit   nopt: [ '9.0.0' ],
582 silly audit   'npm-bundled': [ '5.0.0' ],
582 silly audit   'npm-install-checks': [ '8.0.0' ],
582 silly audit   'npm-normalize-package-bin': [ '5.0.0' ],
582 silly audit   'npm-package-arg': [ '13.0.2' ],
582 silly audit   'npm-packlist': [ '10.0.4' ],
582 silly audit   'npm-pick-manifest': [ '11.0.3' ],
582 silly audit   'npm-registry-fetch': [ '19.1.1' ],
582 silly audit   'nth-check': [ '2.1.1' ],
582 silly audit   obug: [ '2.1.1' ],
582 silly audit   onetime: [ '7.0.0' ],
582 silly audit   'ordered-binary': [ '1.6.1' ],
582 silly audit   'p-map': [ '7.0.5' ],
582 silly audit   pacote: [ '21.5.1' ],
582 silly audit   parse5: [ '8.0.0' ],
582 silly audit   'parse5-html-rewriting-stream': [ '8.0.0' ],
582 silly audit   'parse5-sax-parser': [ '8.0.0' ],
582 silly audit   'path-scurry': [ '2.0.2' ],
582 silly audit   pathe: [ '2.0.3' ],
582 silly audit   picocolors: [ '1.1.1' ],
582 silly audit   picomatch: [ '4.0.4' ],
582 silly audit   piscina: [ '5.2.0' ],
582 silly audit   positioning: [ '3.0.1' ],
582 silly audit   postcss: [ '8.5.26' ],
582 silly audit   'postcss-media-query-parser': [ '0.2.3' ],
582 silly audit   'postcss-safe-parser': [ '7.0.1' ],
582 silly audit   prettier: [ '3.8.1' ],
582 silly audit   'proc-log': [ '6.1.0' ],
582 silly audit   punycode: [ '2.3.1' ],
582 silly audit   readdirp: [ '5.0.0', '4.1.2' ],
582 silly audit   'reflect-metadata': [ '0.2.2' ],
582 silly audit   'require-from-string': [ '2.0.2' ],
582 silly audit   'restore-cursor': [ '5.1.0' ],
582 silly audit   rfdc: [ '1.4.1' ],
582 silly audit   rolldown: [ '1.0.0-rc.4' ],
582 silly audit   rollup: [ '4.59.0' ],
582 silly audit   rxjs: [ '7.8.2' ],
582 silly audit   'safer-buffer': [ '2.1.2' ],
582 silly audit   sass: [ '1.97.3' ],
582 silly audit   saxes: [ '6.0.0' ],
582 silly audit   siginfo: [ '2.0.0' ],
582 silly audit   'signal-exit': [ '4.1.0' ],
582 silly audit   sigstore: [ '4.1.1' ],
582 silly audit   'smart-buffer': [ '4.2.0' ],
582 silly audit   socks: [ '2.8.9' ],
582 silly audit   'socks-proxy-agent': [ '8.0.5' ],
582 silly audit   'source-map': [ '0.6.1', '0.7.6' ],
582 silly audit   'source-map-js': [ '1.2.1' ],
582 silly audit   'source-map-support': [ '0.5.21' ],
582 silly audit   'spdx-exceptions': [ '2.5.0' ],
582 silly audit   'spdx-expression-parse': [ '4.0.0' ],
582 silly audit   'spdx-license-ids': [ '3.0.23' ],
582 silly audit   ssri: [ '13.0.1' ],
582 silly audit   stackback: [ '0.0.2' ],
582 silly audit   'std-env': [ '4.0.0' ],
582 silly audit   'strip-ansi': [ '7.2.0', '6.0.1' ],
582 silly audit   'symbol-tree': [ '3.2.4' ],
582 silly audit   tar: [ '7.5.22' ],
582 silly audit   tinybench: [ '2.9.0' ],
582 silly audit   tinyexec: [ '1.0.4' ],
582 silly audit   tinyglobby: [ '0.2.15' ],
582 silly audit   tinyrainbow: [ '3.1.0' ],
582 silly audit   tldts: [ '7.0.26' ],
582 silly audit   'tldts-core': [ '7.0.26' ],
582 silly audit   'tough-cookie': [ '6.0.1' ],
582 silly audit   tr46: [ '6.0.0' ],
582 silly audit   tslib: [ '2.8.1' ],
582 silly audit   'tuf-js': [ '4.1.0' ],
582 silly audit   typescript: [ '5.9.3' ],
582 silly audit   'update-browserslist-db': [ '1.2.3' ],
582 silly audit   'validate-npm-package-name': [ '7.0.2' ],
582 silly audit   vite: [ '7.3.6' ],
582 silly audit   vitest: [ '4.1.0' ],
582 silly audit   'w3c-xmlserializer': [ '5.0.0' ],
582 silly audit   watchpack: [ '2.5.1' ],
582 silly audit   'weak-lru-cache': [ '1.2.2' ],
582 silly audit   'webidl-conversions': [ '8.0.1' ],
582 silly audit   'whatwg-mimetype': [ '5.0.0' ],
582 silly audit   'whatwg-url': [ '16.0.1' ],
582 silly audit   'why-is-node-running': [ '2.3.0' ],
582 silly audit   'xml-name-validator': [ '5.0.0' ],
582 silly audit   xmlchars: [ '2.2.0' ],
582 silly audit   y18n: [ '5.0.8' ],
582 silly audit   yargs: [ '18.0.0' ],
582 silly audit   'yargs-parser': [ '22.0.0' ],
582 silly audit   'yoctocolors-cjs': [ '2.1.3' ],
582 silly audit   '@angular/build': [ '21.2.21' ],
582 silly audit   '@angular/cli': [ '21.2.21' ],
582 silly audit   '@angular/common': [ '21.2.21' ],
582 silly audit   '@angular/compiler': [ '21.2.21' ],
582 silly audit   '@angular/compiler-cli': [ '21.2.21' ],
582 silly audit   '@angular/core': [ '21.2.21' ],
582 silly audit   '@angular/forms': [ '21.2.21' ],
582 silly audit   '@angular/platform-browser': [ '21.2.21' ],
582 silly audit   '@angular/router': [ '21.2.21' ],
582 silly audit   '@angular-devkit/architect': [ '0.2102.21' ],
582 silly audit   '@angular-devkit/core': [ '21.2.21' ],
582 silly audit   ajv: [ '8.18.0' ],
582 silly audit   'ajv-formats': [ '3.0.1' ],
582 silly audit   '@angular-devkit/schematics': [ '21.2.21' ],
582 silly audit   '@modelcontextprotocol/sdk': [ '1.30.0' ],
582 silly audit   '@schematics/angular': [ '21.2.21' ],
582 silly audit   zod: [ '4.3.6' ],
582 silly audit   ora: [ '9.3.0' ],
582 silly audit   '@hono/node-server': [ '2.1.1' ],
582 silly audit   'content-type': [ '1.0.5', '2.1.0' ],
582 silly audit   cors: [ '2.8.6' ],
582 silly audit   'cross-spawn': [ '7.0.6' ],
582 silly audit   eventsource: [ '3.0.7' ],
582 silly audit   'eventsource-parser': [ '3.1.1' ],
582 silly audit   express: [ '5.2.1' ],
582 silly audit   'express-rate-limit': [ '8.6.2' ],
582 silly audit   hono: [ '4.13.3' ],
582 silly audit   jose: [ '6.2.9' ],
582 silly audit   'json-schema-typed': [ '8.0.2' ],
582 silly audit   'pkce-challenge': [ '5.0.1' ],
582 silly audit   'raw-body': [ '3.0.2' ],
582 silly audit   'zod-to-json-schema': [ '3.25.2' ],
582 silly audit   'fast-deep-equal': [ '3.1.3' ],
582 silly audit   'fast-uri': [ '3.1.5' ],
582 silly audit   'json-schema-traverse': [ '1.0.0' ],
582 silly audit   'object-assign': [ '4.1.1' ],
582 silly audit   vary: [ '1.1.2' ],
582 silly audit   'path-key': [ '3.1.1' ],
582 silly audit   'shebang-command': [ '2.0.0' ],
582 silly audit   accepts: [ '2.0.0' ],
582 silly audit   'body-parser': [ '2.3.0' ],
582 silly audit   'content-disposition': [ '1.1.0' ],
582 silly audit   cookie: [ '0.7.2' ],
582 silly audit   'cookie-signature': [ '1.2.2' ],
582 silly audit   depd: [ '2.0.0' ],
582 silly audit   encodeurl: [ '2.0.0' ],
582 silly audit   'escape-html': [ '1.0.3' ],
582 silly audit   etag: [ '1.8.1' ],
582 silly audit   finalhandler: [ '2.1.1' ],
582 silly audit   fresh: [ '2.0.0' ],
582 silly audit   'http-errors': [ '2.0.1' ],
582 silly audit   'merge-descriptors': [ '2.0.0' ],
582 silly audit   'mime-types': [ '3.0.2' ],
582 silly audit   'on-finished': [ '2.4.1' ],
582 silly audit   once: [ '1.4.0' ],
582 silly audit   parseurl: [ '1.3.3' ],
582 silly audit   'proxy-addr': [ '2.0.7' ],
582 silly audit   qs: [ '6.15.3' ],
582 silly audit   'range-parser': [ '1.3.0' ],
582 silly audit   router: [ '2.2.0' ],
582 silly audit   send: [ '1.2.1' ],
582 silly audit   'serve-static': [ '2.2.1' ],
582 silly audit   statuses: [ '2.0.2' ],
582 silly audit   'type-is': [ '2.1.0' ],
582 silly audit   bytes: [ '3.1.2' ],
582 silly audit   inherits: [ '2.0.4' ],
582 silly audit   setprototypeof: [ '1.2.0' ],
582 silly audit   toidentifier: [ '1.0.1' ],
582 silly audit   'mime-db': [ '1.54.0' ],
582 silly audit   'ee-first': [ '1.1.1' ],
582 silly audit   wrappy: [ '1.0.2' ],
582 silly audit   chalk: [ '5.6.2' ],
582 silly audit   'cli-spinners': [ '3.4.0' ],
582 silly audit   'is-interactive': [ '2.0.0' ],
582 silly audit   'is-unicode-supported': [ '2.1.0' ],
582 silly audit   'log-symbols': [ '7.0.1' ],
582 silly audit   'stdin-discarder': [ '0.3.2' ],
582 silly audit   yoctocolors: [ '2.2.0' ],
582 silly audit   forwarded: [ '0.2.0' ],
582 silly audit   'ipaddr.js': [ '1.9.1' ],
582 silly audit   'es-define-property': [ '1.0.1' ],
582 silly audit   'side-channel': [ '1.1.1' ],
582 silly audit   unpipe: [ '1.0.0' ],
582 silly audit   'is-promise': [ '4.0.0' ],
582 silly audit   'path-to-regexp': [ '8.4.2' ],
582 silly audit   'shebang-regex': [ '3.0.0' ],
582 silly audit   'es-errors': [ '1.3.0' ],
582 silly audit   'object-inspect': [ '1.13.4' ],
582 silly audit   'side-channel-list': [ '1.0.1' ],
582 silly audit   'side-channel-map': [ '1.0.1' ],
582 silly audit   'side-channel-weakmap': [ '1.0.2' ],
582 silly audit   'call-bound': [ '1.0.4' ],
582 silly audit   'get-intrinsic': [ '1.3.0' ],
582 silly audit   'call-bind-apply-helpers': [ '1.0.2' ],
582 silly audit   'function-bind': [ '1.1.2' ],
582 silly audit   'es-object-atoms': [ '1.1.2' ],
582 silly audit   'get-proto': [ '1.0.1' ],
582 silly audit   gopd: [ '1.2.0' ],
582 silly audit   'has-symbols': [ '1.1.0' ],
582 silly audit   hasown: [ '2.0.4' ],
582 silly audit   'math-intrinsics': [ '1.1.0' ],
582 silly audit   'dunder-proto': [ '1.0.1' ],
582 silly audit   'media-typer': [ '1.1.1' ]
582 silly audit }
583 http fetch POST 200 https://registry.npmjs.org/-/npm/v1/security/advisories/bulk 4476ms
584 silly audit report {}
585 verbose cwd C:\Users\Raj\Desktop\HRMS\frontend
586 verbose os Windows_NT 10.0.26200
587 verbose node v24.11.0
588 verbose npm  v11.6.1
589 verbose exit 0
590 info ok
