0 verbose cli C:\Program Files\nodejs\node.exe C:\Program Files\nodejs\node_modules\npm\bin\npm-cli.js
1 info using npm@11.6.1
2 info using node@v24.11.0
3 silly config load:file:C:\Program Files\nodejs\node_modules\npm\npmrc
4 silly config load:file:C:\Users\Raj\Desktop\HRMS\frontend\.npmrc
5 silly config load:file:C:\Users\Raj\.npmrc
6 silly config load:file:C:\Users\Raj\AppData\Roaming\npm\etc\npmrc
7 verbose title npm install @angular/cdk@21.2.21 @angular/common@21.2.21 @angular/compiler@21.2.21 @angular/core@21.2.21 @angular/forms@21.2.21 @angular/material@21.2.21 @angular/platform-browser@21.2.21 @angular/router@21.2.21 @angular/build@21.2.21 @angular/cli@21.2.21 @angular/compiler-cli@21.2.21
8 verbose argv "install" "--package-lock-only" "--legacy-peer-deps" "--cache" ".npm-cache" "@angular/cdk@21.2.21" "@angular/common@21.2.21" "@angular/compiler@21.2.21" "@angular/core@21.2.21" "@angular/forms@21.2.21" "@angular/material@21.2.21" "@angular/platform-browser@21.2.21" "@angular/router@21.2.21" "@angular/build@21.2.21" "@angular/cli@21.2.21" "@angular/compiler-cli@21.2.21" "--save" "--save-dev"
9 verbose logfile logs-max:10 dir:C:\Users\Raj\Desktop\HRMS\frontend\.npm-cache\_logs\2026-08-21T07_52_21_239Z-
10 verbose logfile C:\Users\Raj\Desktop\HRMS\frontend\.npm-cache\_logs\2026-08-21T07_52_21_239Z-debug-0.log
11 silly logfile done cleaning log files
12 silly packumentCache heap:2348810240 maxSize:587202560 maxEntrySize:293601280
13 warn idealTree Removing dependencies.@angular/cdk in favor of devDependencies.@angular/cdk
14 warn idealTree Removing dependencies.@angular/common in favor of devDependencies.@angular/common
15 warn idealTree Removing dependencies.@angular/compiler in favor of devDependencies.@angular/compiler
16 warn idealTree Removing dependencies.@angular/core in favor of devDependencies.@angular/core
17 warn idealTree Removing dependencies.@angular/forms in favor of devDependencies.@angular/forms
18 warn idealTree Removing dependencies.@angular/material in favor of devDependencies.@angular/material
19 warn idealTree Removing dependencies.@angular/platform-browser in favor of devDependencies.@angular/platform-browser
20 warn idealTree Removing dependencies.@angular/router in favor of devDependencies.@angular/router
21 silly idealTree buildDeps
22 silly fetch manifest @angular/build@21.2.21
23 silly packumentCache full:https://registry.npmjs.org/@angular%2fbuild cache-miss
24 http fetch GET 200 https://registry.npmjs.org/@angular%2fbuild 2708ms (cache revalidated)
25 silly packumentCache full:https://registry.npmjs.org/@angular%2fbuild set size:1041917 disposed:false
26 silly fetch manifest @angular/cli@21.2.21
27 silly packumentCache full:https://registry.npmjs.org/@angular%2fcli cache-miss
28 http cache https://registry.npmjs.org/@angular%2fcli 103ms (cache hit)
29 silly packumentCache full:https://registry.npmjs.org/@angular%2fcli set size:3259389 disposed:false
30 silly fetch manifest @angular/compiler-cli@21.2.21
31 silly packumentCache full:https://registry.npmjs.org/@angular%2fcompiler-cli cache-miss
32 http fetch GET 200 https://registry.npmjs.org/@angular%2fcompiler-cli 665ms (cache revalidated)
33 silly packumentCache full:https://registry.npmjs.org/@angular%2fcompiler-cli set size:3408413 disposed:false
34 silly fetch manifest @angular/cdk@21.2.21
35 silly packumentCache full:https://registry.npmjs.org/@angular%2fcdk cache-miss
36 http cache https://registry.npmjs.org/@angular%2fcdk 130ms (cache hit)
37 silly packumentCache full:https://registry.npmjs.org/@angular%2fcdk set size:3802019 disposed:false
38 silly fetch manifest @angular/common@21.2.21
39 silly packumentCache full:https://registry.npmjs.org/@angular%2fcommon cache-miss
40 http fetch GET 200 https://registry.npmjs.org/@angular%2fcommon 387ms (cache revalidated)
41 silly packumentCache full:https://registry.npmjs.org/@angular%2fcommon set size:3233830 disposed:false
42 silly fetch manifest @angular/compiler@21.2.21
43 silly packumentCache full:https://registry.npmjs.org/@angular%2fcompiler cache-miss
44 http fetch GET 200 https://registry.npmjs.org/@angular%2fcompiler 393ms (cache revalidated)
45 silly packumentCache full:https://registry.npmjs.org/@angular%2fcompiler set size:2806313 disposed:false
46 silly fetch manifest @angular/core@21.2.21
47 silly packumentCache full:https://registry.npmjs.org/@angular%2fcore cache-miss
48 http fetch GET 200 https://registry.npmjs.org/@angular%2fcore 190ms (cache revalidated)
49 silly packumentCache full:https://registry.npmjs.org/@angular%2fcore set size:3137910 disposed:false
50 silly fetch manifest @angular/forms@21.2.21
51 silly packumentCache full:https://registry.npmjs.org/@angular%2fforms cache-miss
52 http fetch GET 200 https://registry.npmjs.org/@angular%2fforms 103ms (cache revalidated)
53 silly packumentCache full:https://registry.npmjs.org/@angular%2fforms set size:2874410 disposed:false
54 silly fetch manifest @angular/material@21.2.21
55 silly packumentCache full:https://registry.npmjs.org/@angular%2fmaterial cache-miss
56 http cache https://registry.npmjs.org/@angular%2fmaterial 76ms (cache hit)
57 silly packumentCache full:https://registry.npmjs.org/@angular%2fmaterial set size:9507245 disposed:false
58 silly fetch manifest @angular/platform-browser@21.2.21
59 silly packumentCache full:https://registry.npmjs.org/@angular%2fplatform-browser cache-miss
60 http fetch GET 200 https://registry.npmjs.org/@angular%2fplatform-browser 345ms (cache revalidated)
61 silly packumentCache full:https://registry.npmjs.org/@angular%2fplatform-browser set size:3226345 disposed:false
62 silly fetch manifest @angular/router@21.2.21
63 silly packumentCache full:https://registry.npmjs.org/@angular%2frouter cache-miss
64 http fetch GET 200 https://registry.npmjs.org/@angular%2frouter 144ms (cache revalidated)
65 silly packumentCache full:https://registry.npmjs.org/@angular%2frouter set size:3110871 disposed:false
66 silly placeDep ROOT @angular/build@21.2.21 REPLACE for: frontend@0.0.0 want: 21.2.21
67 silly placeDep ROOT @angular/cdk@ REPLACE for: frontend@0.0.0 want: 21.2.21
68 silly placeDep ROOT @angular/cli@21.2.21 REPLACE for: frontend@0.0.0 want: 21.2.21
69 silly placeDep ROOT @angular/common@21.2.21 REPLACE for: frontend@0.0.0 want: 21.2.21
70 silly placeDep ROOT @angular/compiler@21.2.21 REPLACE for: frontend@0.0.0 want: 21.2.21
71 silly placeDep ROOT @angular/compiler-cli@21.2.21 REPLACE for: frontend@0.0.0 want: 21.2.21
72 silly placeDep ROOT @angular/core@21.2.21 REPLACE for: frontend@0.0.0 want: 21.2.21
73 silly placeDep ROOT @angular/forms@21.2.21 REPLACE for: frontend@0.0.0 want: 21.2.21
74 silly placeDep ROOT @angular/material@ REPLACE for: frontend@0.0.0 want: 21.2.21
75 silly placeDep ROOT @angular/platform-browser@21.2.21 REPLACE for: frontend@0.0.0 want: 21.2.21
76 silly placeDep ROOT @angular/router@21.2.21 REPLACE for: frontend@0.0.0 want: 21.2.21
77 silly fetch manifest undici@7.29.0
78 silly packumentCache full:https://registry.npmjs.org/undici cache-miss
79 silly fetch manifest @angular-devkit/architect@0.2102.21
80 silly packumentCache full:https://registry.npmjs.org/@angular-devkit%2farchitect cache-miss
81 silly fetch manifest zod@4.3.6
82 silly packumentCache full:https://registry.npmjs.org/zod cache-miss
83 http cache https://registry.npmjs.org/@angular-devkit%2farchitect 61ms (cache hit)
84 silly packumentCache full:https://registry.npmjs.org/@angular-devkit%2farchitect set size:2243790 disposed:false
85 silly fetch manifest @schematics/angular@21.2.21
86 silly packumentCache full:https://registry.npmjs.org/@schematics%2fangular cache-miss
87 http cache https://registry.npmjs.org/zod 130ms (cache hit)
88 silly packumentCache full:https://registry.npmjs.org/zod set size:3960573 disposed:false
89 silly fetch manifest @angular-devkit/core@21.2.21
90 silly packumentCache full:https://registry.npmjs.org/@angular-devkit%2fcore cache-miss
91 http fetch GET 200 https://registry.npmjs.org/undici 291ms (cache revalidated)
92 silly packumentCache full:https://registry.npmjs.org/undici set size:1531430 disposed:false
93 silly fetch manifest @modelcontextprotocol/sdk@1.30.0
94 silly packumentCache full:https://registry.npmjs.org/@modelcontextprotocol%2fsdk cache-miss
95 http cache https://registry.npmjs.org/@angular-devkit%2fcore 160ms (cache hit)
96 silly packumentCache full:https://registry.npmjs.org/@angular-devkit%2fcore set size:2462085 disposed:false
97 silly fetch manifest @angular-devkit/schematics@21.2.21
98 silly packumentCache full:https://registry.npmjs.org/@angular-devkit%2fschematics cache-miss
99 http cache https://registry.npmjs.org/@schematics%2fangular 344ms (cache hit)
100 silly packumentCache full:https://registry.npmjs.org/@schematics%2fangular set size:2462510 disposed:false
101 http cache https://registry.npmjs.org/@modelcontextprotocol%2fsdk 285ms (cache hit)
102 silly packumentCache full:https://registry.npmjs.org/@modelcontextprotocol%2fsdk set size:302290 disposed:false
103 http cache https://registry.npmjs.org/@angular-devkit%2fschematics 232ms (cache hit)
104 silly packumentCache full:https://registry.npmjs.org/@angular-devkit%2fschematics set size:2398983 disposed:false
105 silly placeDep ROOT @angular-devkit/architect@0.2102.21 OK for: @angular/build@21.2.21 want: 0.2102.21
106 silly placeDep ROOT undici@7.29.0 REPLACE for: @angular/build@21.2.21 want: 7.29.0
107 silly placeDep ROOT @angular-devkit/core@21.2.21 OK for: @angular-devkit/architect@0.2102.21 want: 21.2.21
108 silly fetch manifest ajv@8.18.0
109 silly packumentCache full:https://registry.npmjs.org/ajv cache-miss
110 silly fetch manifest source-map@0.7.6
111 silly packumentCache full:https://registry.npmjs.org/source-map cache-miss
112 silly fetch manifest ajv-formats@3.0.1
113 silly packumentCache full:https://registry.npmjs.org/ajv-formats cache-miss
114 http cache https://registry.npmjs.org/source-map 182ms (cache hit)
115 silly packumentCache full:https://registry.npmjs.org/source-map set size:231637 disposed:false
116 http cache https://registry.npmjs.org/ajv 205ms (cache hit)
117 silly packumentCache full:https://registry.npmjs.org/ajv set size:1142658 disposed:false
118 http cache https://registry.npmjs.org/ajv-formats 264ms (cache hit)
119 silly packumentCache full:https://registry.npmjs.org/ajv-formats set size:141264 disposed:false
120 silly placeDep ROOT ajv@8.18.0 OK for: @angular-devkit/core@21.2.21 want: 8.18.0
121 silly placeDep ROOT ajv-formats@3.0.1 OK for: @angular-devkit/core@21.2.21 want: 3.0.1
122 silly placeDep ROOT source-map@0.7.6 OK for: @angular-devkit/core@21.2.21 want: 0.7.6
123 silly fetch manifest fast-uri@^3.0.1
124 silly packumentCache full:https://registry.npmjs.org/fast-uri cache-miss
125 silly fetch manifest fast-deep-equal@^3.1.3
126 silly packumentCache full:https://registry.npmjs.org/fast-deep-equal cache-miss
127 silly fetch manifest json-schema-traverse@^1.0.0
128 silly packumentCache full:https://registry.npmjs.org/json-schema-traverse cache-miss
129 http cache https://registry.npmjs.org/fast-deep-equal 198ms (cache hit)
130 silly packumentCache full:https://registry.npmjs.org/fast-deep-equal set size:48634 disposed:false
131 http cache https://registry.npmjs.org/json-schema-traverse 199ms (cache hit)
132 silly packumentCache full:https://registry.npmjs.org/json-schema-traverse set size:23537 disposed:false
133 http cache https://registry.npmjs.org/fast-uri 209ms (cache hit)
134 silly packumentCache full:https://registry.npmjs.org/fast-uri set size:91614 disposed:false
135 silly placeDep ROOT @angular-devkit/schematics@21.2.21 OK for: @angular/cli@21.2.21 want: 21.2.21
136 silly placeDep ROOT @modelcontextprotocol/sdk@1.30.0 OK for: @angular/cli@21.2.21 want: 1.30.0
137 silly placeDep ROOT @schematics/angular@21.2.21 OK for: @angular/cli@21.2.21 want: 21.2.21
138 silly placeDep ROOT zod@4.3.6 OK for: @angular/cli@21.2.21 want: 4.3.6
139 silly fetch manifest ora@9.3.0
140 silly packumentCache full:https://registry.npmjs.org/ora cache-miss
141 silly fetch manifest zod@^3.25 || ^4.0
142 silly packumentCache full:https://registry.npmjs.org/zod cache-miss
143 silly fetch manifest cors@^2.8.5
144 silly packumentCache full:https://registry.npmjs.org/cors cache-miss
145 http cache https://registry.npmjs.org/ora 425ms (cache hit)
146 silly packumentCache full:https://registry.npmjs.org/ora set size:147148 disposed:false
147 silly fetch manifest hono@^4.11.4
148 silly packumentCache full:https://registry.npmjs.org/hono cache-miss
149 http cache https://registry.npmjs.org/zod 507ms (cache hit)
150 silly packumentCache full:https://registry.npmjs.org/zod set size:3960573 disposed:false
151 silly fetch manifest jose@^6.1.3
152 silly packumentCache full:https://registry.npmjs.org/jose cache-miss
153 http cache https://registry.npmjs.org/cors 873ms (cache hit)
154 silly packumentCache full:https://registry.npmjs.org/cors set size:77956 disposed:false
155 silly fetch manifest express@^5.2.1
156 silly packumentCache full:https://registry.npmjs.org/express cache-miss
157 http cache https://registry.npmjs.org/jose 745ms (cache hit)
158 silly packumentCache full:https://registry.npmjs.org/jose set size:1446624 disposed:false
159 silly fetch manifest raw-body@^3.0.0
160 silly packumentCache full:https://registry.npmjs.org/raw-body cache-miss
161 http cache https://registry.npmjs.org/hono 1086ms (cache hit)
162 silly packumentCache full:https://registry.npmjs.org/hono set size:6090037 disposed:false
163 silly fetch manifest cross-spawn@^7.0.5
164 silly packumentCache full:https://registry.npmjs.org/cross-spawn cache-miss
165 http cache https://registry.npmjs.org/express 995ms (cache hit)
166 silly packumentCache full:https://registry.npmjs.org/express set size:804975 disposed:false
167 silly fetch manifest eventsource@^3.0.2
168 silly packumentCache full:https://registry.npmjs.org/eventsource cache-miss
169 http cache https://registry.npmjs.org/raw-body 659ms (cache hit)
170 silly packumentCache full:https://registry.npmjs.org/raw-body set size:120042 disposed:false
171 silly fetch manifest content-type@^1.0.5
172 silly packumentCache full:https://registry.npmjs.org/content-type cache-miss
173 http cache https://registry.npmjs.org/cross-spawn 381ms (cache hit)
174 silly packumentCache full:https://registry.npmjs.org/cross-spawn set size:109066 disposed:false
175 silly fetch manifest pkce-challenge@^5.0.0
176 silly packumentCache full:https://registry.npmjs.org/pkce-challenge cache-miss
177 http cache https://registry.npmjs.org/eventsource 224ms (cache hit)
178 silly packumentCache full:https://registry.npmjs.org/eventsource set size:146228 disposed:false
179 silly fetch manifest @hono/node-server@^1.19.9 || ^2.0.5
180 silly packumentCache full:https://registry.npmjs.org/@hono%2fnode-server cache-miss
181 http cache https://registry.npmjs.org/content-type 140ms (cache hit)
182 silly packumentCache full:https://registry.npmjs.org/content-type set size:23936 disposed:false
183 silly fetch manifest json-schema-typed@^8.0.2
184 silly packumentCache full:https://registry.npmjs.org/json-schema-typed cache-miss
185 http cache https://registry.npmjs.org/pkce-challenge 113ms (cache hit)
186 silly packumentCache full:https://registry.npmjs.org/pkce-challenge set size:37734 disposed:false
187 silly fetch manifest eventsource-parser@^3.0.0
188 silly packumentCache full:https://registry.npmjs.org/eventsource-parser cache-miss
189 http cache https://registry.npmjs.org/@hono%2fnode-server 134ms (cache hit)
190 silly packumentCache full:https://registry.npmjs.org/@hono%2fnode-server set size:284955 disposed:false
191 silly fetch manifest express-rate-limit@^8.2.1
192 silly packumentCache full:https://registry.npmjs.org/express-rate-limit cache-miss
193 http cache https://registry.npmjs.org/eventsource-parser 128ms (cache hit)
194 silly packumentCache full:https://registry.npmjs.org/eventsource-parser set size:89571 disposed:false
195 silly fetch manifest zod-to-json-schema@^3.25.1
196 silly packumentCache full:https://registry.npmjs.org/zod-to-json-schema cache-miss
197 http cache https://registry.npmjs.org/json-schema-typed 153ms (cache hit)
198 silly packumentCache full:https://registry.npmjs.org/json-schema-typed set size:26165 disposed:false
199 http cache https://registry.npmjs.org/express-rate-limit 113ms (cache hit)
200 silly packumentCache full:https://registry.npmjs.org/express-rate-limit set size:456657 disposed:false
201 http cache https://registry.npmjs.org/zod-to-json-schema 111ms (cache hit)
202 silly packumentCache full:https://registry.npmjs.org/zod-to-json-schema set size:309584 disposed:false
203 silly placeDep ROOT ora@9.3.0 OK for: @angular-devkit/schematics@21.2.21 want: 9.3.0
204 silly fetch manifest chalk@^5.6.2
205 silly packumentCache full:https://registry.npmjs.org/chalk cache-miss
206 silly fetch manifest log-symbols@^7.0.1
207 silly packumentCache full:https://registry.npmjs.org/log-symbols cache-miss
208 silly fetch manifest cli-spinners@^3.2.0
209 silly packumentCache full:https://registry.npmjs.org/cli-spinners cache-miss
210 http cache https://registry.npmjs.org/chalk 119ms (cache hit)
211 silly packumentCache full:https://registry.npmjs.org/chalk set size:134775 disposed:false
212 silly fetch manifest is-interactive@^2.0.0
213 silly packumentCache full:https://registry.npmjs.org/is-interactive cache-miss
214 http cache https://registry.npmjs.org/log-symbols 134ms (cache hit)
215 silly packumentCache full:https://registry.npmjs.org/log-symbols set size:31977 disposed:false
216 silly fetch manifest stdin-discarder@^0.3.1
217 silly packumentCache full:https://registry.npmjs.org/stdin-discarder cache-miss
218 http cache https://registry.npmjs.org/cli-spinners 143ms (cache hit)
219 silly packumentCache full:https://registry.npmjs.org/cli-spinners set size:67473 disposed:false
220 silly fetch manifest is-unicode-supported@^2.1.0
221 silly packumentCache full:https://registry.npmjs.org/is-unicode-supported cache-miss
222 http cache https://registry.npmjs.org/stdin-discarder 121ms (cache hit)
223 silly packumentCache full:https://registry.npmjs.org/stdin-discarder set size:15211 disposed:false
224 http cache https://registry.npmjs.org/is-interactive 139ms (cache hit)
225 silly packumentCache full:https://registry.npmjs.org/is-interactive set size:10692 disposed:false
226 http cache https://registry.npmjs.org/is-unicode-supported 123ms (cache hit)
227 silly packumentCache full:https://registry.npmjs.org/is-unicode-supported set size:19461 disposed:false
228 silly placeDep ROOT @hono/node-server@2.1.1 OK for: @modelcontextprotocol/sdk@1.30.0 want: ^1.19.9 || ^2.0.5
229 silly placeDep ROOT content-type@1.0.5 OK for: @modelcontextprotocol/sdk@1.30.0 want: ^1.0.5
230 silly placeDep ROOT cors@2.8.6 OK for: @modelcontextprotocol/sdk@1.30.0 want: ^2.8.5
231 silly placeDep ROOT cross-spawn@7.0.6 OK for: @modelcontextprotocol/sdk@1.30.0 want: ^7.0.5
232 silly placeDep ROOT eventsource@3.0.7 OK for: @modelcontextprotocol/sdk@1.30.0 want: ^3.0.2
233 silly placeDep ROOT eventsource-parser@3.1.1 OK for: @modelcontextprotocol/sdk@1.30.0 want: ^3.0.0
234 silly placeDep ROOT express@5.2.1 OK for: @modelcontextprotocol/sdk@1.30.0 want: ^5.2.1
235 silly placeDep ROOT express-rate-limit@8.6.2 OK for: @modelcontextprotocol/sdk@1.30.0 want: ^8.2.1
236 silly placeDep ROOT hono@4.13.3 OK for: @modelcontextprotocol/sdk@1.30.0 want: ^4.11.4
237 silly placeDep ROOT jose@6.2.9 OK for: @modelcontextprotocol/sdk@1.30.0 want: ^6.1.3
238 silly placeDep ROOT json-schema-typed@8.0.2 OK for: @modelcontextprotocol/sdk@1.30.0 want: ^8.0.2
239 silly placeDep ROOT pkce-challenge@5.0.1 OK for: @modelcontextprotocol/sdk@1.30.0 want: ^5.0.0
240 silly placeDep ROOT raw-body@3.0.2 OK for: @modelcontextprotocol/sdk@1.30.0 want: ^3.0.0
241 silly placeDep ROOT zod-to-json-schema@3.25.2 OK for: @modelcontextprotocol/sdk@1.30.0 want: ^3.25.1
242 silly fetch manifest object-assign@^4
243 silly packumentCache full:https://registry.npmjs.org/object-assign cache-miss
244 silly fetch manifest vary@^1
245 silly packumentCache full:https://registry.npmjs.org/vary cache-miss
246 silly fetch manifest which@^2.0.1
247 silly packumentCache full:https://registry.npmjs.org/which cache-miss
248 http cache https://registry.npmjs.org/vary 101ms (cache hit)
249 silly packumentCache full:https://registry.npmjs.org/vary set size:15994 disposed:false
250 silly fetch manifest path-key@^3.1.0
251 silly packumentCache full:https://registry.npmjs.org/path-key cache-miss
252 http cache https://registry.npmjs.org/object-assign 126ms (cache hit)
253 silly packumentCache full:https://registry.npmjs.org/object-assign set size:28988 disposed:false
254 silly fetch manifest shebang-command@^2.0.0
255 silly packumentCache full:https://registry.npmjs.org/shebang-command cache-miss
256 http cache https://registry.npmjs.org/which 140ms (cache hit)
257 silly packumentCache full:https://registry.npmjs.org/which set size:70087 disposed:false
258 silly fetch manifest eventsource-parser@^3.0.1
259 silly packumentCache full:https://registry.npmjs.org/eventsource-parser cache-hit
260 silly fetch manifest qs@^6.14.0
261 silly packumentCache full:https://registry.npmjs.org/qs cache-miss
262 http cache https://registry.npmjs.org/path-key 118ms (cache hit)
263 silly packumentCache full:https://registry.npmjs.org/path-key set size:16975 disposed:false
264 silly fetch manifest depd@^2.0.0
265 silly packumentCache full:https://registry.npmjs.org/depd cache-miss
266 http cache https://registry.npmjs.org/shebang-command 133ms (cache hit)
267 silly packumentCache full:https://registry.npmjs.org/shebang-command set size:8525 disposed:false
268 silly fetch manifest etag@^1.8.1
269 silly packumentCache full:https://registry.npmjs.org/etag cache-miss
270 http cache https://registry.npmjs.org/qs 148ms (cache hit)
271 silly packumentCache full:https://registry.npmjs.org/qs set size:360318 disposed:false
272 silly fetch manifest once@^1.4.0
273 silly packumentCache full:https://registry.npmjs.org/once cache-miss
274 http cache https://registry.npmjs.org/depd 119ms (cache hit)
275 silly packumentCache full:https://registry.npmjs.org/depd set size:40182 disposed:false
276 silly fetch manifest send@^1.1.0
277 silly packumentCache full:https://registry.npmjs.org/send cache-miss
278 http cache https://registry.npmjs.org/etag 100ms (cache hit)
279 silly packumentCache full:https://registry.npmjs.org/etag set size:30032 disposed:false
280 silly fetch manifest vary@^1.1.2
281 silly packumentCache full:https://registry.npmjs.org/vary cache-hit
282 silly fetch manifest fresh@^2.0.0
283 silly packumentCache full:https://registry.npmjs.org/fresh cache-miss
284 http cache https://registry.npmjs.org/once 131ms (cache hit)
285 silly packumentCache full:https://registry.npmjs.org/once set size:11752 disposed:false
286 silly fetch manifest cookie@^0.7.1
287 silly packumentCache full:https://registry.npmjs.org/cookie cache-miss
288 http cache https://registry.npmjs.org/fresh 136ms (cache hit)
289 silly packumentCache full:https://registry.npmjs.org/fresh set size:25427 disposed:false
290 silly fetch manifest router@^2.2.0
291 silly packumentCache full:https://registry.npmjs.org/router cache-miss
292 http cache https://registry.npmjs.org/send 152ms (cache hit)
293 silly packumentCache full:https://registry.npmjs.org/send set size:152810 disposed:false
294 silly fetch manifest accepts@^2.0.0
295 silly packumentCache full:https://registry.npmjs.org/accepts cache-miss
296 http cache https://registry.npmjs.org/cookie 156ms (cache hit)
297 silly packumentCache full:https://registry.npmjs.org/cookie set size:78274 disposed:false
298 silly fetch manifest type-is@^2.0.1
299 silly packumentCache full:https://registry.npmjs.org/type-is cache-miss
300 http cache https://registry.npmjs.org/router 143ms (cache hit)
301 silly packumentCache full:https://registry.npmjs.org/router set size:116499 disposed:false
302 silly fetch manifest parseurl@^1.3.3
303 silly packumentCache full:https://registry.npmjs.org/parseurl cache-miss
304 http cache https://registry.npmjs.org/accepts 145ms (cache hit)
305 silly packumentCache full:https://registry.npmjs.org/accepts set size:77054 disposed:false
306 silly fetch manifest statuses@^2.0.1
307 silly packumentCache full:https://registry.npmjs.org/statuses cache-miss
308 http cache https://registry.npmjs.org/type-is 147ms (cache hit)
309 silly packumentCache full:https://registry.npmjs.org/type-is set size:88614 disposed:false
310 silly fetch manifest encodeurl@^2.0.0
311 silly packumentCache full:https://registry.npmjs.org/encodeurl cache-miss
312 http cache https://registry.npmjs.org/parseurl 119ms (cache hit)
313 silly packumentCache full:https://registry.npmjs.org/parseurl set size:24148 disposed:false
314 silly fetch manifest mime-types@^3.0.0
315 silly packumentCache full:https://registry.npmjs.org/mime-types cache-miss
316 http cache https://registry.npmjs.org/statuses 112ms (cache hit)
317 silly packumentCache full:https://registry.npmjs.org/statuses set size:37117 disposed:false
318 silly fetch manifest proxy-addr@^2.0.7
319 silly packumentCache full:https://registry.npmjs.org/proxy-addr cache-miss
320 http cache https://registry.npmjs.org/encodeurl 166ms (cache hit)
321 silly packumentCache full:https://registry.npmjs.org/encodeurl set size:12296 disposed:false
322 silly fetch manifest body-parser@^2.2.1
323 silly packumentCache full:https://registry.npmjs.org/body-parser cache-miss
324 http cache https://registry.npmjs.org/proxy-addr 256ms (cache hit)
325 silly packumentCache full:https://registry.npmjs.org/proxy-addr set size:61619 disposed:false
326 silly fetch manifest escape-html@^1.0.3
327 silly packumentCache full:https://registry.npmjs.org/escape-html cache-miss
328 http cache https://registry.npmjs.org/mime-types 272ms (cache hit)
329 silly packumentCache full:https://registry.npmjs.org/mime-types set size:139110 disposed:false
330 silly fetch manifest http-errors@^2.0.0
331 silly packumentCache full:https://registry.npmjs.org/http-errors cache-miss
332 http cache https://registry.npmjs.org/body-parser 288ms (cache hit)
333 silly packumentCache full:https://registry.npmjs.org/body-parser set size:204559 disposed:false
334 silly fetch manifest on-finished@^2.4.1
335 silly packumentCache full:https://registry.npmjs.org/on-finished cache-miss
336 http cache https://registry.npmjs.org/escape-html 343ms (cache hit)
337 silly packumentCache full:https://registry.npmjs.org/escape-html set size:7345 disposed:false
338 silly fetch manifest finalhandler@^2.1.0
339 silly packumentCache full:https://registry.npmjs.org/finalhandler cache-miss
340 http cache https://registry.npmjs.org/http-errors 411ms (cache hit)
341 silly packumentCache full:https://registry.npmjs.org/http-errors set size:71987 disposed:false
342 silly fetch manifest range-parser@^1.2.1
343 silly packumentCache full:https://registry.npmjs.org/range-parser cache-miss
344 http cache https://registry.npmjs.org/on-finished 569ms (cache hit)
345 silly packumentCache full:https://registry.npmjs.org/on-finished set size:23212 disposed:false
346 silly fetch manifest serve-static@^2.2.0
347 silly packumentCache full:https://registry.npmjs.org/serve-static cache-miss
348 http cache https://registry.npmjs.org/finalhandler 504ms (cache hit)
349 silly packumentCache full:https://registry.npmjs.org/finalhandler set size:79291 disposed:false
350 silly fetch manifest cookie-signature@^1.2.1
351 silly packumentCache full:https://registry.npmjs.org/cookie-signature cache-miss
352 http cache https://registry.npmjs.org/range-parser 438ms (cache hit)
353 silly packumentCache full:https://registry.npmjs.org/range-parser set size:24852 disposed:false
354 silly fetch manifest merge-descriptors@^2.0.0
355 silly packumentCache full:https://registry.npmjs.org/merge-descriptors cache-miss
356 http cache https://registry.npmjs.org/serve-static 147ms (cache hit)
357 silly packumentCache full:https://registry.npmjs.org/serve-static set size:150391 disposed:false
358 silly fetch manifest content-disposition@^1.0.0
359 silly packumentCache full:https://registry.npmjs.org/content-disposition cache-miss
360 http cache https://registry.npmjs.org/cookie-signature 81ms (cache hit)
361 silly packumentCache full:https://registry.npmjs.org/cookie-signature set size:21777 disposed:false
362 silly fetch manifest bytes@~3.1.2
363 silly packumentCache full:https://registry.npmjs.org/bytes cache-miss
364 http cache https://registry.npmjs.org/merge-descriptors 128ms (cache hit)
365 silly packumentCache full:https://registry.npmjs.org/merge-descriptors set size:16527 disposed:false
366 silly fetch manifest unpipe@~1.0.0
367 silly packumentCache full:https://registry.npmjs.org/unpipe cache-miss
368 http cache https://registry.npmjs.org/content-disposition 343ms (cache hit)
369 silly packumentCache full:https://registry.npmjs.org/content-disposition set size:45446 disposed:false
370 silly fetch manifest http-errors@~2.0.1
371 silly packumentCache full:https://registry.npmjs.org/http-errors cache-hit
372 http cache https://registry.npmjs.org/bytes 344ms (cache hit)
373 silly packumentCache full:https://registry.npmjs.org/bytes set size:37018 disposed:false
374 http cache https://registry.npmjs.org/unpipe 321ms (cache hit)
375 silly packumentCache full:https://registry.npmjs.org/unpipe set size:3609 disposed:false
376 silly placeDep ROOT fast-deep-equal@3.1.3 OK for: ajv@8.18.0 want: ^3.1.3
377 silly placeDep ROOT fast-uri@3.1.5 OK for: ajv@8.18.0 want: ^3.0.1
378 silly placeDep ROOT json-schema-traverse@1.0.0 OK for: ajv@8.18.0 want: ^1.0.0
379 silly placeDep ROOT object-assign@4.1.1 OK for: cors@2.8.6 want: ^4
380 silly placeDep ROOT vary@1.1.2 OK for: cors@2.8.6 want: ^1
381 silly placeDep ROOT path-key@3.1.1 OK for: cross-spawn@7.0.6 want: ^3.1.0
382 silly placeDep ROOT shebang-command@2.0.0 OK for: cross-spawn@7.0.6 want: ^2.0.0
383 silly placeDep ROOT which@2.0.2 OK for: cross-spawn@7.0.6 want: ^2.0.1
384 silly fetch manifest shebang-regex@^3.0.0
385 silly packumentCache full:https://registry.npmjs.org/shebang-regex cache-miss
386 silly fetch manifest isexe@^2.0.0
387 silly packumentCache full:https://registry.npmjs.org/isexe cache-miss
388 http cache https://registry.npmjs.org/shebang-regex 183ms (cache hit)
389 silly packumentCache full:https://registry.npmjs.org/shebang-regex set size:9763 disposed:false
390 http cache https://registry.npmjs.org/isexe 216ms (cache hit)
391 silly packumentCache full:https://registry.npmjs.org/isexe set size:31756 disposed:false
392 silly placeDep ROOT accepts@2.0.0 OK for: express@5.2.1 want: ^2.0.0
393 silly placeDep ROOT body-parser@2.3.0 OK for: express@5.2.1 want: ^2.2.1
394 silly placeDep ROOT content-disposition@1.1.0 OK for: express@5.2.1 want: ^1.0.0
395 silly placeDep ROOT cookie@0.7.2 OK for: express@5.2.1 want: ^0.7.1
396 silly placeDep ROOT cookie-signature@1.2.2 OK for: express@5.2.1 want: ^1.2.1
397 silly placeDep ROOT depd@2.0.0 OK for: express@5.2.1 want: ^2.0.0
398 silly placeDep ROOT encodeurl@2.0.0 OK for: express@5.2.1 want: ^2.0.0
399 silly placeDep ROOT escape-html@1.0.3 OK for: express@5.2.1 want: ^1.0.3
400 silly placeDep ROOT etag@1.8.1 OK for: express@5.2.1 want: ^1.8.1
401 silly placeDep ROOT finalhandler@2.1.1 OK for: express@5.2.1 want: ^2.1.0
402 silly placeDep ROOT fresh@2.0.0 OK for: express@5.2.1 want: ^2.0.0
403 silly placeDep ROOT http-errors@2.0.1 OK for: express@5.2.1 want: ^2.0.0
404 silly placeDep ROOT merge-descriptors@2.0.0 OK for: express@5.2.1 want: ^2.0.0
405 silly placeDep ROOT mime-types@3.0.2 OK for: express@5.2.1 want: ^3.0.0
406 silly placeDep ROOT on-finished@2.4.1 OK for: express@5.2.1 want: ^2.4.1
407 silly placeDep ROOT once@1.4.0 OK for: express@5.2.1 want: ^1.4.0
408 silly placeDep ROOT parseurl@1.3.3 OK for: express@5.2.1 want: ^1.3.3
409 silly placeDep ROOT proxy-addr@2.0.7 OK for: express@5.2.1 want: ^2.0.7
410 silly placeDep ROOT qs@6.15.3 OK for: express@5.2.1 want: ^6.14.0
411 silly placeDep ROOT range-parser@1.3.0 OK for: express@5.2.1 want: ^1.2.1
412 silly placeDep ROOT router@2.2.0 OK for: express@5.2.1 want: ^2.2.0
413 silly placeDep ROOT send@1.2.1 OK for: express@5.2.1 want: ^1.1.0
414 silly placeDep ROOT serve-static@2.2.1 OK for: express@5.2.1 want: ^2.2.0
415 silly placeDep ROOT statuses@2.0.2 OK for: express@5.2.1 want: ^2.0.1
416 silly placeDep ROOT type-is@2.1.0 OK for: express@5.2.1 want: ^2.0.1
417 silly fetch manifest qs@^6.15.2
418 silly packumentCache full:https://registry.npmjs.org/qs cache-hit
419 silly fetch manifest bytes@^3.1.2
420 silly packumentCache full:https://registry.npmjs.org/bytes cache-hit
421 silly fetch manifest type-is@^2.1.0
422 silly packumentCache full:https://registry.npmjs.org/type-is cache-hit
423 silly fetch manifest http-errors@^2.0.1
424 silly packumentCache full:https://registry.npmjs.org/http-errors cache-hit
425 silly fetch manifest content-type@^2.0.0
426 silly packumentCache full:https://registry.npmjs.org/content-type cache-hit
427 silly fetch manifest inherits@~2.0.4
428 silly packumentCache full:https://registry.npmjs.org/inherits cache-miss
429 silly fetch manifest setprototypeof@~1.2.0
430 silly packumentCache full:https://registry.npmjs.org/setprototypeof cache-miss
431 silly fetch manifest statuses@~2.0.2
432 silly packumentCache full:https://registry.npmjs.org/statuses cache-hit
433 silly fetch manifest toidentifier@~1.0.1
434 silly packumentCache full:https://registry.npmjs.org/toidentifier cache-miss
435 http cache https://registry.npmjs.org/inherits 308ms (cache hit)
436 silly packumentCache full:https://registry.npmjs.org/inherits set size:12925 disposed:false
437 silly fetch manifest mime-db@^1.54.0
438 silly packumentCache full:https://registry.npmjs.org/mime-db cache-miss
439 http cache https://registry.npmjs.org/setprototypeof 304ms (cache hit)
440 silly packumentCache full:https://registry.npmjs.org/setprototypeof set size:14532 disposed:false
441 silly fetch manifest ee-first@1.1.1
442 silly packumentCache full:https://registry.npmjs.org/ee-first cache-miss
443 http cache https://registry.npmjs.org/toidentifier 318ms (cache hit)
444 silly packumentCache full:https://registry.npmjs.org/toidentifier set size:12006 disposed:false
445 silly fetch manifest wrappy@1
446 silly packumentCache full:https://registry.npmjs.org/wrappy cache-miss
447 http cache https://registry.npmjs.org/ee-first 416ms (cache hit)
448 silly packumentCache full:https://registry.npmjs.org/ee-first set size:15327 disposed:false
449 silly fetch manifest forwarded@0.2.0
450 silly packumentCache full:https://registry.npmjs.org/forwarded cache-miss
451 http cache https://registry.npmjs.org/mime-db 465ms (cache hit)
452 silly packumentCache full:https://registry.npmjs.org/mime-db set size:164953 disposed:false
453 silly fetch manifest ipaddr.js@1.9.1
454 silly packumentCache full:https://registry.npmjs.org/ipaddr.js cache-miss
455 http cache https://registry.npmjs.org/wrappy 451ms (cache hit)
456 silly packumentCache full:https://registry.npmjs.org/wrappy set size:7682 disposed:false
457 silly fetch manifest side-channel@^1.1.1
458 silly packumentCache full:https://registry.npmjs.org/side-channel cache-miss
459 http cache https://registry.npmjs.org/side-channel 135ms (cache hit)
460 silly packumentCache full:https://registry.npmjs.org/side-channel set size:27650 disposed:false
461 silly fetch manifest es-define-property@^1.0.1
462 silly packumentCache full:https://registry.npmjs.org/es-define-property cache-miss
463 http cache https://registry.npmjs.org/forwarded 177ms (cache hit)
464 silly packumentCache full:https://registry.npmjs.org/forwarded set size:11229 disposed:false
465 silly fetch manifest is-promise@^4.0.0
466 silly packumentCache full:https://registry.npmjs.org/is-promise cache-miss
467 http cache https://registry.npmjs.org/ipaddr.js 213ms (cache hit)
468 silly packumentCache full:https://registry.npmjs.org/ipaddr.js set size:84329 disposed:false
469 silly fetch manifest path-to-regexp@^8.0.0
470 silly packumentCache full:https://registry.npmjs.org/path-to-regexp cache-miss
471 http cache https://registry.npmjs.org/es-define-property 204ms (cache hit)
472 silly packumentCache full:https://registry.npmjs.org/es-define-property set size:8542 disposed:false
473 silly fetch manifest statuses@^2.0.2
474 silly packumentCache full:https://registry.npmjs.org/statuses cache-hit
475 silly fetch manifest media-typer@^1.1.0
476 silly packumentCache full:https://registry.npmjs.org/media-typer cache-miss
477 http cache https://registry.npmjs.org/is-promise 220ms (cache hit)
478 silly packumentCache full:https://registry.npmjs.org/is-promise set size:18599 disposed:false
479 http cache https://registry.npmjs.org/path-to-regexp 194ms (cache hit)
480 silly packumentCache full:https://registry.npmjs.org/path-to-regexp set size:216334 disposed:false
481 http cache https://registry.npmjs.org/media-typer 163ms (cache hit)
482 silly packumentCache full:https://registry.npmjs.org/media-typer set size:22074 disposed:false
483 silly placeDep ROOT bytes@3.1.2 OK for: body-parser@2.3.0 want: ^3.1.2
484 silly placeDep node_modules/body-parser content-type@2.1.0 OK for: body-parser@2.3.0 want: ^2.0.0
485 silly placeDep ROOT inherits@2.0.4 OK for: http-errors@2.0.1 want: ~2.0.4
486 silly placeDep ROOT setprototypeof@1.2.0 OK for: http-errors@2.0.1 want: ~1.2.0
487 silly placeDep ROOT toidentifier@1.0.1 OK for: http-errors@2.0.1 want: ~1.0.1
488 silly placeDep ROOT mime-db@1.54.0 OK for: mime-types@3.0.2 want: ^1.54.0
489 silly placeDep ROOT ee-first@1.1.1 OK for: on-finished@2.4.1 want: 1.1.1
490 silly placeDep ROOT wrappy@1.0.2 OK for: once@1.4.0 want: 1
491 silly placeDep ROOT chalk@5.6.2 OK for: ora@9.3.0 want: ^5.6.2
492 silly placeDep ROOT cli-spinners@3.4.0 OK for: ora@9.3.0 want: ^3.2.0
493 silly placeDep ROOT is-interactive@2.0.0 OK for: ora@9.3.0 want: ^2.0.0
494 silly placeDep ROOT is-unicode-supported@2.1.0 OK for: ora@9.3.0 want: ^2.1.0
495 silly placeDep ROOT log-symbols@7.0.1 OK for: ora@9.3.0 want: ^7.0.1
496 silly placeDep ROOT stdin-discarder@0.3.2 OK for: ora@9.3.0 want: ^0.3.1
497 silly fetch manifest yoctocolors@^2.1.1
498 silly packumentCache full:https://registry.npmjs.org/yoctocolors cache-miss
499 http cache https://registry.npmjs.org/yoctocolors 169ms (cache hit)
500 silly packumentCache full:https://registry.npmjs.org/yoctocolors set size:29077 disposed:false
501 silly placeDep ROOT yoctocolors@2.2.0 OK for: log-symbols@7.0.1 want: ^2.1.1
502 silly placeDep ROOT forwarded@0.2.0 OK for: proxy-addr@2.0.7 want: 0.2.0
503 silly placeDep ROOT ipaddr.js@1.9.1 OK for: proxy-addr@2.0.7 want: 1.9.1
504 silly placeDep ROOT es-define-property@1.0.1 OK for: qs@6.15.3 want: ^1.0.1
505 silly placeDep ROOT side-channel@1.1.1 OK for: qs@6.15.3 want: ^1.1.1
506 silly fetch manifest es-errors@^1.3.0
507 silly packumentCache full:https://registry.npmjs.org/es-errors cache-miss
508 silly fetch manifest object-inspect@^1.13.4
509 silly packumentCache full:https://registry.npmjs.org/object-inspect cache-miss
510 silly fetch manifest side-channel-list@^1.0.1
511 silly packumentCache full:https://registry.npmjs.org/side-channel-list cache-miss
512 http cache https://registry.npmjs.org/side-channel-list 632ms (cache hit)
513 silly packumentCache full:https://registry.npmjs.org/side-channel-list set size:9021 disposed:false
514 silly fetch manifest side-channel-map@^1.0.1
515 silly packumentCache full:https://registry.npmjs.org/side-channel-map cache-miss
516 http cache https://registry.npmjs.org/object-inspect 775ms (cache hit)
517 silly packumentCache full:https://registry.npmjs.org/object-inspect set size:101927 disposed:false
518 silly fetch manifest side-channel-weakmap@^1.0.2
519 silly packumentCache full:https://registry.npmjs.org/side-channel-weakmap cache-miss
520 http cache https://registry.npmjs.org/es-errors 841ms (cache hit)
521 silly packumentCache full:https://registry.npmjs.org/es-errors set size:16918 disposed:false
522 http cache https://registry.npmjs.org/side-channel-weakmap 700ms (cache hit)
523 silly packumentCache full:https://registry.npmjs.org/side-channel-weakmap set size:12620 disposed:false
524 http cache https://registry.npmjs.org/side-channel-map 757ms (cache hit)
525 silly packumentCache full:https://registry.npmjs.org/side-channel-map set size:9126 disposed:false
526 silly placeDep ROOT unpipe@1.0.0 OK for: raw-body@3.0.2 want: ~1.0.0
527 silly placeDep ROOT is-promise@4.0.0 OK for: router@2.2.0 want: ^4.0.0
528 silly placeDep ROOT path-to-regexp@8.4.2 OK for: router@2.2.0 want: ^8.0.0
529 silly placeDep ROOT shebang-regex@3.0.0 OK for: shebang-command@2.0.0 want: ^3.0.0
530 silly placeDep ROOT es-errors@1.3.0 OK for: side-channel@1.1.1 want: ^1.3.0
531 silly placeDep ROOT object-inspect@1.13.4 OK for: side-channel@1.1.1 want: ^1.13.4
532 silly placeDep ROOT side-channel-list@1.0.1 OK for: side-channel@1.1.1 want: ^1.0.1
533 silly placeDep ROOT side-channel-map@1.0.1 OK for: side-channel@1.1.1 want: ^1.0.1
534 silly placeDep ROOT side-channel-weakmap@1.0.2 OK for: side-channel@1.1.1 want: ^1.0.2
535 silly fetch manifest call-bound@^1.0.2
536 silly packumentCache full:https://registry.npmjs.org/call-bound cache-miss
537 silly fetch manifest get-intrinsic@^1.2.5
538 silly packumentCache full:https://registry.npmjs.org/get-intrinsic cache-miss
539 silly fetch manifest call-bound@^1.0.2
540 silly packumentCache full:https://registry.npmjs.org/call-bound cache-miss
541 http cache https://registry.npmjs.org/call-bound 341ms (cache hit)
542 silly packumentCache full:https://registry.npmjs.org/call-bound set size:15317 disposed:false
543 silly fetch manifest get-intrinsic@^1.2.5
544 silly packumentCache full:https://registry.npmjs.org/get-intrinsic cache-miss
545 http cache https://registry.npmjs.org/get-intrinsic 346ms (cache hit)
546 silly packumentCache full:https://registry.npmjs.org/get-intrinsic set size:60985 disposed:false
547 http cache https://registry.npmjs.org/call-bound 347ms (cache hit)
548 silly packumentCache full:https://registry.npmjs.org/call-bound set size:15317 disposed:false
549 silly packumentCache full:https://registry.npmjs.org/call-bound dispose
550 http cache https://registry.npmjs.org/get-intrinsic 254ms (cache hit)
551 silly packumentCache full:https://registry.npmjs.org/get-intrinsic set size:60985 disposed:false
552 silly packumentCache full:https://registry.npmjs.org/get-intrinsic dispose
553 silly placeDep ROOT call-bound@1.0.4 OK for: side-channel-map@1.0.1 want: ^1.0.2
554 silly placeDep ROOT get-intrinsic@1.3.0 OK for: side-channel-map@1.0.1 want: ^1.2.5
555 silly fetch manifest call-bind-apply-helpers@^1.0.2
556 silly packumentCache full:https://registry.npmjs.org/call-bind-apply-helpers cache-miss
557 silly fetch manifest get-intrinsic@^1.3.0
558 silly packumentCache full:https://registry.npmjs.org/get-intrinsic cache-hit
559 silly fetch manifest gopd@^1.2.0
560 silly packumentCache full:https://registry.npmjs.org/gopd cache-miss
561 silly fetch manifest hasown@^2.0.2
562 silly packumentCache full:https://registry.npmjs.org/hasown cache-miss
563 http cache https://registry.npmjs.org/gopd 154ms (cache hit)
564 silly packumentCache full:https://registry.npmjs.org/gopd set size:11483 disposed:false
565 silly fetch manifest get-proto@^1.0.1
566 silly packumentCache full:https://registry.npmjs.org/get-proto cache-miss
567 http cache https://registry.npmjs.org/call-bind-apply-helpers 176ms (cache hit)
568 silly packumentCache full:https://registry.npmjs.org/call-bind-apply-helpers set size:12744 disposed:false
569 silly fetch manifest has-symbols@^1.1.0
570 silly packumentCache full:https://registry.npmjs.org/has-symbols cache-miss
571 http cache https://registry.npmjs.org/hasown 165ms (cache hit)
572 silly packumentCache full:https://registry.npmjs.org/hasown set size:18361 disposed:false
573 silly fetch manifest function-bind@^1.1.2
574 silly packumentCache full:https://registry.npmjs.org/function-bind cache-miss
575 http cache https://registry.npmjs.org/has-symbols 120ms (cache hit)
576 silly packumentCache full:https://registry.npmjs.org/has-symbols set size:21550 disposed:false
577 silly fetch manifest es-object-atoms@^1.1.1
578 silly packumentCache full:https://registry.npmjs.org/es-object-atoms cache-miss
579 http cache https://registry.npmjs.org/get-proto 142ms (cache hit)
580 silly packumentCache full:https://registry.npmjs.org/get-proto set size:8300 disposed:false
581 silly fetch manifest math-intrinsics@^1.1.0
582 silly packumentCache full:https://registry.npmjs.org/math-intrinsics cache-miss
583 http cache https://registry.npmjs.org/function-bind 148ms (cache hit)
584 silly packumentCache full:https://registry.npmjs.org/function-bind set size:15733 disposed:false
585 http cache https://registry.npmjs.org/math-intrinsics 148ms (cache hit)
586 silly packumentCache full:https://registry.npmjs.org/math-intrinsics set size:9265 disposed:false
587 http cache https://registry.npmjs.org/es-object-atoms 161ms (cache hit)
588 silly packumentCache full:https://registry.npmjs.org/es-object-atoms set size:18278 disposed:false
589 silly placeDep ROOT call-bind-apply-helpers@1.0.2 OK for: call-bound@1.0.4 want: ^1.0.2
590 silly placeDep ROOT function-bind@1.1.2 OK for: call-bind-apply-helpers@1.0.2 want: ^1.1.2
591 silly placeDep ROOT es-object-atoms@1.1.2 OK for: get-intrinsic@1.3.0 want: ^1.1.1
592 silly placeDep ROOT get-proto@1.0.1 OK for: get-intrinsic@1.3.0 want: ^1.0.1
593 silly placeDep ROOT gopd@1.2.0 OK for: get-intrinsic@1.3.0 want: ^1.2.0
594 silly placeDep ROOT has-symbols@1.1.0 OK for: get-intrinsic@1.3.0 want: ^1.1.0
595 silly placeDep ROOT hasown@2.0.4 OK for: get-intrinsic@1.3.0 want: ^2.0.2
596 silly placeDep ROOT math-intrinsics@1.1.0 OK for: get-intrinsic@1.3.0 want: ^1.1.0
597 silly fetch manifest dunder-proto@^1.0.1
598 silly packumentCache full:https://registry.npmjs.org/dunder-proto cache-miss
599 http cache https://registry.npmjs.org/dunder-proto 91ms (cache hit)
600 silly packumentCache full:https://registry.npmjs.org/dunder-proto set size:8256 disposed:false
601 silly placeDep ROOT dunder-proto@1.0.1 OK for: get-proto@1.0.1 want: ^1.0.1
602 silly placeDep node_modules/type-is content-type@2.1.0 OK for: type-is@2.1.0 want: ^2.0.0
603 silly placeDep ROOT media-typer@1.1.1 OK for: type-is@2.1.0 want: ^1.1.0
604 silly placeDep ROOT isexe@2.0.0 OK for: which@2.0.2 want: ^2.0.0
605 verbose type version
606 verbose stack @angular/cdk: No matching version found for @angular/cdk@21.2.21.
606 verbose stack     at module.exports (C:\Program Files\nodejs\node_modules\npm\node_modules\npm-pick-manifest\lib\index.js:210:23)
606 verbose stack     at RegistryFetcher.manifest (C:\Program Files\nodejs\node_modules\npm\node_modules\pacote\lib\registry.js:130:54)
606 verbose stack     at async #fetchManifest (C:\Program Files\nodejs\node_modules\npm\node_modules\@npmcli\arborist\lib\arborist\build-ideal-tree.js:1214:20)
606 verbose stack     at async #nodeFromEdge (C:\Program Files\nodejs\node_modules\npm\node_modules\@npmcli\arborist\lib\arborist\build-ideal-tree.js:1052:19)
606 verbose stack     at async #buildDepStep (C:\Program Files\nodejs\node_modules\npm\node_modules\@npmcli\arborist\lib\arborist\build-ideal-tree.js:916:11)
606 verbose stack     at async Arborist.buildIdealTree (C:\Program Files\nodejs\node_modules\npm\node_modules\@npmcli\arborist\lib\arborist\build-ideal-tree.js:182:7)
606 verbose stack     at async Arborist.reify (C:\Program Files\nodejs\node_modules\npm\node_modules\@npmcli\arborist\lib\arborist\reify.js:117:5)
606 verbose stack     at async Install.exec (C:\Program Files\nodejs\node_modules\npm\lib\commands\install.js:150:5)
606 verbose stack     at async Npm.exec (C:\Program Files\nodejs\node_modules\npm\lib\npm.js:208:9)
606 verbose stack     at async module.exports (C:\Program Files\nodejs\node_modules\npm\lib\cli\entry.js:67:5)
607 error code ETARGET
608 error notarget No matching version found for @angular/cdk@21.2.21.
609 error notarget In most cases you or one of your dependencies are requesting
609 error notarget a package version that doesn't exist.
610 silly unfinished npm timer reify 1787298742570
611 silly unfinished npm timer reify:loadTrees 1787298742570
612 verbose cwd C:\Users\Raj\Desktop\HRMS\frontend
613 verbose os Windows_NT 10.0.26200
614 verbose node v24.11.0
615 verbose npm  v11.6.1
616 verbose exit 1
617 verbose code 1
618 error A complete log of this run can be found in: C:\Users\Raj\Desktop\HRMS\frontend\.npm-cache\_logs\2026-08-21T07_52_21_239Z-debug-0.log
