0 verbose cli C:\Program Files\nodejs\node.exe C:\Program Files\nodejs\node_modules\npm\bin\npm-cli.js
1 info using npm@11.6.1
2 info using node@v24.11.0
3 silly config load:file:C:\Program Files\nodejs\node_modules\npm\npmrc
4 silly config load:file:C:\Users\Raj\Desktop\HRMS\frontend\.npmrc
5 silly config load:file:C:\Users\Raj\.npmrc
6 silly config load:file:C:\Users\Raj\AppData\Roaming\npm\etc\npmrc
7 verbose title npm install
8 verbose argv "install" "--cache" ".npm-cache"
9 verbose logfile logs-max:10 dir:C:\Users\Raj\Desktop\HRMS\frontend\.npm-cache\_logs\2026-08-21T07_55_25_308Z-
10 verbose logfile C:\Users\Raj\Desktop\HRMS\frontend\.npm-cache\_logs\2026-08-21T07_55_25_308Z-debug-0.log
11 silly logfile done cleaning log files
12 silly packumentCache heap:2348810240 maxSize:587202560 maxEntrySize:293601280
13 silly idealTree buildDeps
14 silly fetch manifest angular-draggable-droppable@^9.0.1
15 silly packumentCache full:https://registry.npmjs.org/angular-draggable-droppable cache-miss
16 verbose shrinkwrap failed to load node_modules/.package-lock.json missing from lockfile: node_modules/angular-draggable-droppable
17 http cache https://registry.npmjs.org/angular-draggable-droppable 738ms (cache hit)
18 silly packumentCache full:https://registry.npmjs.org/angular-draggable-droppable set size:451446 disposed:false
19 silly fetch manifest @angular/core@>=20.2.0
20 silly packumentCache full:https://registry.npmjs.org/@angular%2fcore cache-miss
21 http cache https://registry.npmjs.org/@angular%2fcore 55ms (cache hit)
22 silly packumentCache full:https://registry.npmjs.org/@angular%2fcore set size:3137910 disposed:false
23 silly fetch manifest @angular/compiler@21.2.21
24 silly packumentCache full:https://registry.npmjs.org/@angular%2fcompiler cache-miss
25 http cache https://registry.npmjs.org/@angular%2fcompiler 1313ms (cache hit)
26 silly packumentCache full:https://registry.npmjs.org/@angular%2fcompiler set size:2806313 disposed:false
27 silly fetch manifest rxjs@^6.5.3 || ^7.4.0
28 silly packumentCache full:https://registry.npmjs.org/rxjs cache-miss
29 http cache https://registry.npmjs.org/rxjs 276ms (cache hit)
30 silly packumentCache full:https://registry.npmjs.org/rxjs set size:1028301 disposed:false
31 silly fetch manifest zone.js@~0.15.0 || ~0.16.0
32 silly packumentCache full:https://registry.npmjs.org/zone.js cache-miss
33 http cache https://registry.npmjs.org/zone.js 314ms (cache hit)
34 silly packumentCache full:https://registry.npmjs.org/zone.js set size:378576 disposed:false
35 silly fetch manifest angular-resizable-element@^8.0.0
36 silly packumentCache full:https://registry.npmjs.org/angular-resizable-element cache-miss
37 http cache https://registry.npmjs.org/angular-resizable-element 262ms (cache hit)
38 silly packumentCache full:https://registry.npmjs.org/angular-resizable-element set size:212500 disposed:false
39 silly placeDep ROOT angular-draggable-droppable@9.0.1 OK for: angular-calendar@0.32.1 want: ^9.0.1
40 silly placeDep ROOT angular-resizable-element@8.0.3 OK for: angular-calendar@0.32.1 want: ^8.0.0
41 silly fetch manifest @mattlewis92/dom-autoscroller@^2.4.2
42 silly packumentCache full:https://registry.npmjs.org/@mattlewis92%2fdom-autoscroller cache-miss
43 http cache https://registry.npmjs.org/@mattlewis92%2fdom-autoscroller 125ms (cache hit)
44 silly packumentCache full:https://registry.npmjs.org/@mattlewis92%2fdom-autoscroller set size:29179 disposed:false
45 silly placeDep ROOT @mattlewis92/dom-autoscroller@2.4.2 OK for: angular-draggable-droppable@9.0.1 want: ^2.4.2
46 silly reify mark retired [
46 silly reify   'C:\\Users\\Raj\\Desktop\\HRMS\\frontend\\node_modules\\angular-draggable-droppable'
46 silly reify ]
47 silly reify mark retired [
47 silly reify   'C:\\Users\\Raj\\Desktop\\HRMS\\frontend\\node_modules\\angular-resizable-element'
47 silly reify ]
48 silly reify mark retired [
48 silly reify   'C:\\Users\\Raj\\Desktop\\HRMS\\frontend\\node_modules\\body-parser\\node_modules\\content-type'
48 silly reify ]
49 silly reify mark retired [
49 silly reify   'C:\\Users\\Raj\\Desktop\\HRMS\\frontend\\node_modules\\content-disposition'
49 silly reify ]
50 silly reify mark retired [
50 silly reify   'C:\\Users\\Raj\\Desktop\\HRMS\\frontend\\node_modules\\eventsource-parser'
50 silly reify ]
51 silly reify mark retired [
51 silly reify   'C:\\Users\\Raj\\Desktop\\HRMS\\frontend\\node_modules\\express-rate-limit'
51 silly reify ]
52 silly reify mark retired [ 'C:\\Users\\Raj\\Desktop\\HRMS\\frontend\\node_modules\\jose' ]
53 silly reify mark retired [
53 silly reify   'C:\\Users\\Raj\\Desktop\\HRMS\\frontend\\node_modules\\media-typer'
53 silly reify ]
54 silly reify mark retired [
54 silly reify   'C:\\Users\\Raj\\Desktop\\HRMS\\frontend\\node_modules\\range-parser'
54 silly reify ]
55 silly reify mark retired [
55 silly reify   'C:\\Users\\Raj\\Desktop\\HRMS\\frontend\\node_modules\\type-is\\node_modules\\content-type'
55 silly reify ]
56 silly reify mark retired [ 'C:\\Users\\Raj\\Desktop\\HRMS\\frontend\\node_modules\\undici' ]
57 silly reify mark retired [
57 silly reify   'C:\\Users\\Raj\\Desktop\\HRMS\\frontend\\node_modules\\zod-to-json-schema'
57 silly reify ]
58 silly reify mark retired [
58 silly reify   'C:\\Users\\Raj\\Desktop\\HRMS\\frontend\\node_modules\\yoctocolors'
58 silly reify ]
59 silly reify mark retired [
59 silly reify   'C:\\Users\\Raj\\Desktop\\HRMS\\frontend\\node_modules\\@angular\\build'
59 silly reify ]
60 silly reify mark retired [
60 silly reify   'C:\\Users\\Raj\\Desktop\\HRMS\\frontend\\node_modules\\@angular\\cli',
60 silly reify   'C:\\Users\\Raj\\Desktop\\HRMS\\frontend\\node_modules\\.bin\\ng',
60 silly reify   'C:\\Users\\Raj\\Desktop\\HRMS\\frontend\\node_modules\\.bin\\ng.cmd',
60 silly reify   'C:\\Users\\Raj\\Desktop\\HRMS\\frontend\\node_modules\\.bin\\ng.ps1'
60 silly reify ]
61 silly reify mark retired [
61 silly reify   'C:\\Users\\Raj\\Desktop\\HRMS\\frontend\\node_modules\\@angular\\compiler'
61 silly reify ]
62 silly reify mark retired [
62 silly reify   'C:\\Users\\Raj\\Desktop\\HRMS\\frontend\\node_modules\\@angular\\common'
62 silly reify ]
63 silly reify mark retired [
63 silly reify   'C:\\Users\\Raj\\Desktop\\HRMS\\frontend\\node_modules\\@angular\\compiler-cli',
63 silly reify   'C:\\Users\\Raj\\Desktop\\HRMS\\frontend\\node_modules\\.bin\\ngc',
63 silly reify   'C:\\Users\\Raj\\Desktop\\HRMS\\frontend\\node_modules\\.bin\\ngc.cmd',
63 silly reify   'C:\\Users\\Raj\\Desktop\\HRMS\\frontend\\node_modules\\.bin\\ngc.ps1',
63 silly reify   'C:\\Users\\Raj\\Desktop\\HRMS\\frontend\\node_modules\\.bin\\ng-xi18n',
63 silly reify   'C:\\Users\\Raj\\Desktop\\HRMS\\frontend\\node_modules\\.bin\\ng-xi18n.cmd',
63 silly reify   'C:\\Users\\Raj\\Desktop\\HRMS\\frontend\\node_modules\\.bin\\ng-xi18n.ps1'
63 silly reify ]
64 silly reify mark retired [
64 silly reify   'C:\\Users\\Raj\\Desktop\\HRMS\\frontend\\node_modules\\@angular\\core'
64 silly reify ]
65 silly reify mark retired [
65 silly reify   'C:\\Users\\Raj\\Desktop\\HRMS\\frontend\\node_modules\\@angular-devkit\\architect',
65 silly reify   'C:\\Users\\Raj\\Desktop\\HRMS\\frontend\\node_modules\\.bin\\architect',
65 silly reify   'C:\\Users\\Raj\\Desktop\\HRMS\\frontend\\node_modules\\.bin\\architect.cmd',
65 silly reify   'C:\\Users\\Raj\\Desktop\\HRMS\\frontend\\node_modules\\.bin\\architect.ps1'
65 silly reify ]
66 silly reify mark retired [
66 silly reify   'C:\\Users\\Raj\\Desktop\\HRMS\\frontend\\node_modules\\@angular\\forms'
66 silly reify ]
67 silly reify mark retired [
67 silly reify   'C:\\Users\\Raj\\Desktop\\HRMS\\frontend\\node_modules\\@angular\\platform-browser'
67 silly reify ]
68 silly reify mark retired [
68 silly reify   'C:\\Users\\Raj\\Desktop\\HRMS\\frontend\\node_modules\\@angular\\router'
68 silly reify ]
69 silly reify mark retired [
69 silly reify   'C:\\Users\\Raj\\Desktop\\HRMS\\frontend\\node_modules\\@angular-devkit\\core'
69 silly reify ]
70 silly reify mark retired [
70 silly reify   'C:\\Users\\Raj\\Desktop\\HRMS\\frontend\\node_modules\\@angular-devkit\\schematics'
70 silly reify ]
71 silly reify mark retired [
71 silly reify   'C:\\Users\\Raj\\Desktop\\HRMS\\frontend\\node_modules\\@hono\\node-server'
71 silly reify ]
72 silly reify mark retired [
72 silly reify   'C:\\Users\\Raj\\Desktop\\HRMS\\frontend\\node_modules\\@mattlewis92\\dom-autoscroller'
72 silly reify ]
73 silly reify mark retired [
73 silly reify   'C:\\Users\\Raj\\Desktop\\HRMS\\frontend\\node_modules\\@modelcontextprotocol\\sdk'
73 silly reify ]
74 silly reify mark retired [
74 silly reify   'C:\\Users\\Raj\\Desktop\\HRMS\\frontend\\node_modules\\@schematics\\angular'
74 silly reify ]
75 silly reify moves {
75 silly reify   'C:\\Users\\Raj\\Desktop\\HRMS\\frontend\\node_modules\\angular-draggable-droppable': 'C:\\Users\\Raj\\Desktop\\HRMS\\frontend\\node_modules\\.angular-draggable-droppable-2wTw4kI5',
75 silly reify   'C:\\Users\\Raj\\Desktop\\HRMS\\frontend\\node_modules\\angular-resizable-element': 'C:\\Users\\Raj\\Desktop\\HRMS\\frontend\\node_modules\\.angular-resizable-element-BUPCxLbd',
75 silly reify   'C:\\Users\\Raj\\Desktop\\HRMS\\frontend\\node_modules\\body-parser\\node_modules\\content-type': 'C:\\Users\\Raj\\Desktop\\HRMS\\frontend\\node_modules\\body-parser\\node_modules\\.content-type-hriWJL4A',
75 silly reify   'C:\\Users\\Raj\\Desktop\\HRMS\\frontend\\node_modules\\content-disposition': 'C:\\Users\\Raj\\Desktop\\HRMS\\frontend\\node_modules\\.content-disposition-qO5FviWz',
75 silly reify   'C:\\Users\\Raj\\Desktop\\HRMS\\frontend\\node_modules\\eventsource-parser': 'C:\\Users\\Raj\\Desktop\\HRMS\\frontend\\node_modules\\.eventsource-parser-S6TWV22R',
75 silly reify   'C:\\Users\\Raj\\Desktop\\HRMS\\frontend\\node_modules\\express-rate-limit': 'C:\\Users\\Raj\\Desktop\\HRMS\\frontend\\node_modules\\.express-rate-limit-ZUsLDU05',
75 silly reify   'C:\\Users\\Raj\\Desktop\\HRMS\\frontend\\node_modules\\jose': 'C:\\Users\\Raj\\Desktop\\HRMS\\frontend\\node_modules\\.jose-bukuLXAn',
75 silly reify   'C:\\Users\\Raj\\Desktop\\HRMS\\frontend\\node_modules\\media-typer': 'C:\\Users\\Raj\\Desktop\\HRMS\\frontend\\node_modules\\.media-typer-w90YUcb9',
75 silly reify   'C:\\Users\\Raj\\Desktop\\HRMS\\frontend\\node_modules\\range-parser': 'C:\\Users\\Raj\\Desktop\\HRMS\\frontend\\node_modules\\.range-parser-mSw1mlHM',
75 silly reify   'C:\\Users\\Raj\\Desktop\\HRMS\\frontend\\node_modules\\type-is\\node_modules\\content-type': 'C:\\Users\\Raj\\Desktop\\HRMS\\frontend\\node_modules\\type-is\\node_modules\\.content-type-6dk7cnbq',
75 silly reify   'C:\\Users\\Raj\\Desktop\\HRMS\\frontend\\node_modules\\undici': 'C:\\Users\\Raj\\Desktop\\HRMS\\frontend\\node_modules\\.undici-K6voHUSN',
75 silly reify   'C:\\Users\\Raj\\Desktop\\HRMS\\frontend\\node_modules\\zod-to-json-schema': 'C:\\Users\\Raj\\Desktop\\HRMS\\frontend\\node_modules\\.zod-to-json-schema-mM9QWwJh',
75 silly reify   'C:\\Users\\Raj\\Desktop\\HRMS\\frontend\\node_modules\\yoctocolors': 'C:\\Users\\Raj\\Desktop\\HRMS\\frontend\\node_modules\\.yoctocolors-l1eFIaSL',
75 silly reify   'C:\\Users\\Raj\\Desktop\\HRMS\\frontend\\node_modules\\@angular\\build': 'C:\\Users\\Raj\\Desktop\\HRMS\\frontend\\node_modules\\@angular\\.build-BTaqKxGs',
75 silly reify   'C:\\Users\\Raj\\Desktop\\HRMS\\frontend\\node_modules\\@angular\\cli': 'C:\\Users\\Raj\\Desktop\\HRMS\\frontend\\node_modules\\@angular\\.cli-qcWzAz0P',
75 silly reify   'C:\\Users\\Raj\\Desktop\\HRMS\\frontend\\node_modules\\.bin\\ng': 'C:\\Users\\Raj\\Desktop\\HRMS\\frontend\\node_modules\\.bin\\.ng-8byzZX5J',
75 silly reify   'C:\\Users\\Raj\\Desktop\\HRMS\\frontend\\node_modules\\.bin\\ng.cmd': 'C:\\Users\\Raj\\Desktop\\HRMS\\frontend\\node_modules\\.bin\\.ng.cmd-L0DxU8rF',
75 silly reify   'C:\\Users\\Raj\\Desktop\\HRMS\\frontend\\node_modules\\.bin\\ng.ps1': 'C:\\Users\\Raj\\Desktop\\HRMS\\frontend\\node_modules\\.bin\\.ng.ps1-5QYzKrw2',
75 silly reify   'C:\\Users\\Raj\\Desktop\\HRMS\\frontend\\node_modules\\@angular\\compiler': 'C:\\Users\\Raj\\Desktop\\HRMS\\frontend\\node_modules\\@angular\\.compiler-5ixvuV5B',
75 silly reify   'C:\\Users\\Raj\\Desktop\\HRMS\\frontend\\node_modules\\@angular\\common': 'C:\\Users\\Raj\\Desktop\\HRMS\\frontend\\node_modules\\@angular\\.common-R9X3mi6v',
75 silly reify   'C:\\Users\\Raj\\Desktop\\HRMS\\frontend\\node_modules\\@angular\\compiler-cli': 'C:\\Users\\Raj\\Desktop\\HRMS\\frontend\\node_modules\\@angular\\.compiler-cli-2mmbpmVP',
75 silly reify   'C:\\Users\\Raj\\Desktop\\HRMS\\frontend\\node_modules\\.bin\\ngc': 'C:\\Users\\Raj\\Desktop\\HRMS\\frontend\\node_modules\\.bin\\.ngc-1oUya1If',
75 silly reify   'C:\\Users\\Raj\\Desktop\\HRMS\\frontend\\node_modules\\.bin\\ngc.cmd': 'C:\\Users\\Raj\\Desktop\\HRMS\\frontend\\node_modules\\.bin\\.ngc.cmd-GrtLyGcg',
75 silly reify   'C:\\Users\\Raj\\Desktop\\HRMS\\frontend\\node_modules\\.bin\\ngc.ps1': 'C:\\Users\\Raj\\Desktop\\HRMS\\frontend\\node_modules\\.bin\\.ngc.ps1-dudx0Isw',
75 silly reify   'C:\\Users\\Raj\\Desktop\\HRMS\\frontend\\node_modules\\.bin\\ng-xi18n': 'C:\\Users\\Raj\\Desktop\\HRMS\\frontend\\node_modules\\.bin\\.ng-xi18n-jF0pF1q3',
75 silly reify   'C:\\Users\\Raj\\Desktop\\HRMS\\frontend\\node_modules\\.bin\\ng-xi18n.cmd': 'C:\\Users\\Raj\\Desktop\\HRMS\\frontend\\node_modules\\.bin\\.ng-xi18n.cmd-5QEOgpwi',
75 silly reify   'C:\\Users\\Raj\\Desktop\\HRMS\\frontend\\node_modules\\.bin\\ng-xi18n.ps1': 'C:\\Users\\Raj\\Desktop\\HRMS\\frontend\\node_modules\\.bin\\.ng-xi18n.ps1-TjbVOHMK',
75 silly reify   'C:\\Users\\Raj\\Desktop\\HRMS\\frontend\\node_modules\\@angular\\core': 'C:\\Users\\Raj\\Desktop\\HRMS\\frontend\\node_modules\\@angular\\.core-J9uj1RQr',
75 silly reify   'C:\\Users\\Raj\\Desktop\\HRMS\\frontend\\node_modules\\@angular-devkit\\architect': 'C:\\Users\\Raj\\Desktop\\HRMS\\frontend\\node_modules\\@angular-devkit\\.architect-mdBE4p2I',
75 silly reify   'C:\\Users\\Raj\\Desktop\\HRMS\\frontend\\node_modules\\.bin\\architect': 'C:\\Users\\Raj\\Desktop\\HRMS\\frontend\\node_modules\\.bin\\.architect-BdfSCJVS',
75 silly reify   'C:\\Users\\Raj\\Desktop\\HRMS\\frontend\\node_modules\\.bin\\architect.cmd': 'C:\\Users\\Raj\\Desktop\\HRMS\\frontend\\node_modules\\.bin\\.architect.cmd-N9RXbHJm',
75 silly reify   'C:\\Users\\Raj\\Desktop\\HRMS\\frontend\\node_modules\\.bin\\architect.ps1': 'C:\\Users\\Raj\\Desktop\\HRMS\\frontend\\node_modules\\.bin\\.architect.ps1-e1GoPmcx',
75 silly reify   'C:\\Users\\Raj\\Desktop\\HRMS\\frontend\\node_modules\\@angular\\forms': 'C:\\Users\\Raj\\Desktop\\HRMS\\frontend\\node_modules\\@angular\\.forms-CzBtQMDu',
75 silly reify   'C:\\Users\\Raj\\Desktop\\HRMS\\frontend\\node_modules\\@angular\\platform-browser': 'C:\\Users\\Raj\\Desktop\\HRMS\\frontend\\node_modules\\@angular\\.platform-browser-EOM0phft',
75 silly reify   'C:\\Users\\Raj\\Desktop\\HRMS\\frontend\\node_modules\\@angular\\router': 'C:\\Users\\Raj\\Desktop\\HRMS\\frontend\\node_modules\\@angular\\.router-SToMx8Hy',
75 silly reify   'C:\\Users\\Raj\\Desktop\\HRMS\\frontend\\node_modules\\@angular-devkit\\core': 'C:\\Users\\Raj\\Desktop\\HRMS\\frontend\\node_modules\\@angular-devkit\\.core-1vVv3mea',
75 silly reify   'C:\\Users\\Raj\\Desktop\\HRMS\\frontend\\node_modules\\@angular-devkit\\schematics': 'C:\\Users\\Raj\\Desktop\\HRMS\\frontend\\node_modules\\@angular-devkit\\.schematics-lBWjInXi',
75 silly reify   'C:\\Users\\Raj\\Desktop\\HRMS\\frontend\\node_modules\\@hono\\node-server': 'C:\\Users\\Raj\\Desktop\\HRMS\\frontend\\node_modules\\@hono\\.node-server-15EutHnS',
75 silly reify   'C:\\Users\\Raj\\Desktop\\HRMS\\frontend\\node_modules\\@mattlewis92\\dom-autoscroller': 'C:\\Users\\Raj\\Desktop\\HRMS\\frontend\\node_modules\\@mattlewis92\\.dom-autoscroller-6FFkbR7T',
75 silly reify   'C:\\Users\\Raj\\Desktop\\HRMS\\frontend\\node_modules\\@modelcontextprotocol\\sdk': 'C:\\Users\\Raj\\Desktop\\HRMS\\frontend\\node_modules\\@modelcontextprotocol\\.sdk-MxrG2BGD',
75 silly reify   'C:\\Users\\Raj\\Desktop\\HRMS\\frontend\\node_modules\\@schematics\\angular': 'C:\\Users\\Raj\\Desktop\\HRMS\\frontend\\node_modules\\@schematics\\.angular-0bxDyqeJ'
75 silly reify }
76 silly audit bulk request {
76 silly audit   '@acemir/cssom': [ '0.9.31' ],
76 silly audit   '@algolia/abtesting': [ '1.14.1' ],
76 silly audit   '@algolia/client-abtesting': [ '5.48.1' ],
76 silly audit   '@algolia/client-analytics': [ '5.48.1' ],
76 silly audit   '@algolia/client-common': [ '5.48.1' ],
76 silly audit   '@algolia/client-insights': [ '5.48.1' ],
76 silly audit   '@algolia/client-personalization': [ '5.48.1' ],
76 silly audit   '@algolia/client-query-suggestions': [ '5.48.1' ],
76 silly audit   '@algolia/client-search': [ '5.48.1' ],
76 silly audit   '@algolia/ingestion': [ '1.48.1' ],
76 silly audit   '@algolia/monitoring': [ '1.48.1' ],
76 silly audit   '@algolia/recommend': [ '5.48.1' ],
76 silly audit   '@algolia/requester-browser-xhr': [ '5.48.1' ],
76 silly audit   '@algolia/requester-fetch': [ '5.48.1' ],
76 silly audit   '@algolia/requester-node-http': [ '5.48.1' ],
76 silly audit   '@ampproject/remapping': [ '2.3.0' ],
76 silly audit   '@angular-devkit/architect': [ '0.2102.21' ],
76 silly audit   '@angular-devkit/core': [ '21.2.21' ],
76 silly audit   '@angular-devkit/schematics': [ '21.2.21' ],
76 silly audit   '@angular/build': [ '21.2.21' ],
76 silly audit   '@angular/cdk': [ '21.2.14' ],
76 silly audit   '@angular/cli': [ '21.2.21' ],
76 silly audit   '@angular/common': [ '21.2.21' ],
76 silly audit   '@angular/compiler': [ '21.2.21' ],
76 silly audit   '@angular/compiler-cli': [ '21.2.21' ],
76 silly audit   '@angular/core': [ '21.2.21' ],
76 silly audit   '@angular/forms': [ '21.2.21' ],
76 silly audit   '@angular/material': [ '21.2.14' ],
76 silly audit   '@angular/platform-browser': [ '21.2.21' ],
76 silly audit   '@angular/router': [ '21.2.21' ],
76 silly audit   '@asamuzakjp/css-color': [ '5.0.1' ],
76 silly audit   'lru-cache': [ '11.2.7', '11.5.2', '5.1.1' ],
76 silly audit   '@asamuzakjp/dom-selector': [ '6.8.1' ],
76 silly audit   '@asamuzakjp/nwsapi': [ '2.3.9' ],
76 silly audit   '@babel/code-frame': [ '7.29.7' ],
76 silly audit   '@babel/compat-data': [ '7.29.7' ],
76 silly audit   '@babel/core': [ '7.29.7' ],
76 silly audit   'convert-source-map': [ '2.0.0', '1.9.0' ],
76 silly audit   semver: [ '6.3.1', '7.7.4' ],
76 silly audit   '@babel/generator': [ '7.29.7' ],
76 silly audit   '@babel/helper-annotate-as-pure': [ '7.27.3' ],
76 silly audit   '@babel/helper-compilation-targets': [ '7.29.7' ],
76 silly audit   '@babel/helper-globals': [ '7.29.7' ],
76 silly audit   '@babel/helper-module-imports': [ '7.29.7' ],
76 silly audit   '@babel/helper-module-transforms': [ '7.29.7' ],
76 silly audit   '@babel/helper-split-export-declaration': [ '7.24.7' ],
76 silly audit   '@babel/helper-string-parser': [ '7.29.7' ],
76 silly audit   '@babel/helper-validator-identifier': [ '7.29.7' ],
76 silly audit   '@babel/helper-validator-option': [ '7.29.7' ],
76 silly audit   '@babel/helpers': [ '7.29.7' ],
76 silly audit   '@babel/parser': [ '7.29.7' ],
76 silly audit   '@babel/template': [ '7.29.7' ],
76 silly audit   '@babel/traverse': [ '7.29.7' ],
76 silly audit   '@babel/types': [ '7.29.7' ],
76 silly audit   '@bramus/specificity': [ '2.4.2' ],
76 silly audit   '@csstools/color-helpers': [ '6.0.2' ],
76 silly audit   '@csstools/css-calc': [ '3.1.1' ],
76 silly audit   '@csstools/css-color-parser': [ '4.0.2' ],
76 silly audit   '@csstools/css-parser-algorithms': [ '4.0.0' ],
76 silly audit   '@csstools/css-syntax-patches-for-csstree': [ '1.1.1' ],
76 silly audit   '@csstools/css-tokenizer': [ '4.0.0' ],
76 silly audit   '@emnapi/core': [ '1.9.0' ],
76 silly audit   '@emnapi/runtime': [ '1.9.0' ],
76 silly audit   '@emnapi/wasi-threads': [ '1.2.0' ],
76 silly audit   '@esbuild/aix-ppc64': [ '0.28.1' ],
76 silly audit   '@esbuild/android-arm': [ '0.28.1' ],
76 silly audit   '@esbuild/android-arm64': [ '0.28.1' ],
76 silly audit   '@esbuild/android-x64': [ '0.28.1' ],
76 silly audit   '@esbuild/darwin-arm64': [ '0.28.1' ],
76 silly audit   '@esbuild/darwin-x64': [ '0.28.1' ],
76 silly audit   '@esbuild/freebsd-arm64': [ '0.28.1' ],
76 silly audit   '@esbuild/freebsd-x64': [ '0.28.1' ],
76 silly audit   '@esbuild/linux-arm': [ '0.28.1' ],
76 silly audit   '@esbuild/linux-arm64': [ '0.28.1' ],
76 silly audit   '@esbuild/linux-ia32': [ '0.28.1' ],
76 silly audit   '@esbuild/linux-loong64': [ '0.28.1' ],
76 silly audit   '@esbuild/linux-mips64el': [ '0.28.1' ],
76 silly audit   '@esbuild/linux-ppc64': [ '0.28.1' ],
76 silly audit   '@esbuild/linux-riscv64': [ '0.28.1' ],
76 silly audit   '@esbuild/linux-s390x': [ '0.28.1' ],
76 silly audit   '@esbuild/linux-x64': [ '0.28.1' ],
76 silly audit   '@esbuild/netbsd-arm64': [ '0.28.1' ],
76 silly audit   '@esbuild/netbsd-x64': [ '0.28.1' ],
76 silly audit   '@esbuild/openbsd-arm64': [ '0.28.1' ],
76 silly audit   '@esbuild/openbsd-x64': [ '0.28.1' ],
76 silly audit   '@esbuild/openharmony-arm64': [ '0.28.1' ],
76 silly audit   '@esbuild/sunos-x64': [ '0.28.1' ],
76 silly audit   '@esbuild/win32-arm64': [ '0.28.1' ],
76 silly audit   '@esbuild/win32-ia32': [ '0.28.1' ],
76 silly audit   '@esbuild/win32-x64': [ '0.28.1' ],
76 silly audit   '@exodus/bytes': [ '1.15.0' ],
76 silly audit   '@fortawesome/fontawesome-free': [ '7.2.0' ],
76 silly audit   '@gar/promise-retry': [ '1.0.3' ],
76 silly audit   '@harperfast/extended-iterable': [ '1.0.3' ],
76 silly audit   '@hono/node-server': [ '2.1.1' ],
76 silly audit   '@inquirer/ansi': [ '1.0.2' ],
76 silly audit   '@inquirer/checkbox': [ '4.3.2' ],
76 silly audit   '@inquirer/confirm': [ '5.1.21' ],
76 silly audit   '@inquirer/core': [ '10.3.2' ],
76 silly audit   '@inquirer/editor': [ '4.2.23' ],
76 silly audit   '@inquirer/expand': [ '4.0.23' ],
76 silly audit   '@inquirer/external-editor': [ '1.0.3' ],
76 silly audit   '@inquirer/figures': [ '1.0.15' ],
76 silly audit   '@inquirer/input': [ '4.3.1' ],
76 silly audit   '@inquirer/number': [ '3.0.23' ],
76 silly audit   '@inquirer/password': [ '4.0.23' ],
76 silly audit   '@inquirer/prompts': [ '7.10.1' ],
76 silly audit   '@inquirer/rawlist': [ '4.1.11' ],
76 silly audit   '@inquirer/search': [ '3.2.2' ],
76 silly audit   '@inquirer/select': [ '4.4.2' ],
76 silly audit   '@inquirer/type': [ '3.0.10' ],
76 silly audit   '@isaacs/fs-minipass': [ '4.0.1' ],
76 silly audit   '@istanbuljs/schema': [ '0.1.3' ],
76 silly audit   '@jridgewell/gen-mapping': [ '0.3.13' ],
76 silly audit   '@jridgewell/remapping': [ '2.3.5' ],
76 silly audit   '@jridgewell/resolve-uri': [ '3.1.2' ],
76 silly audit   '@jridgewell/sourcemap-codec': [ '1.5.5' ],
76 silly audit   '@jridgewell/trace-mapping': [ '0.3.31' ],
76 silly audit   '@kurkle/color': [ '0.3.4' ],
76 silly audit   '@listr2/prompt-adapter-inquirer': [ '3.0.5' ],
76 silly audit   '@lmdb/lmdb-darwin-arm64': [ '3.5.1' ],
76 silly audit   '@lmdb/lmdb-darwin-x64': [ '3.5.1' ],
76 silly audit   '@lmdb/lmdb-linux-arm': [ '3.5.1' ],
76 silly audit   '@lmdb/lmdb-linux-arm64': [ '3.5.1' ],
76 silly audit   '@lmdb/lmdb-linux-x64': [ '3.5.1' ],
76 silly audit   '@lmdb/lmdb-win32-arm64': [ '3.5.1' ],
76 silly audit   '@lmdb/lmdb-win32-x64': [ '3.5.1' ],
76 silly audit   '@modelcontextprotocol/sdk': [ '1.30.0' ],
76 silly audit   '@msgpackr-extract/msgpackr-extract-darwin-arm64': [ '3.0.3' ],
76 silly audit   '@msgpackr-extract/msgpackr-extract-darwin-x64': [ '3.0.3' ],
76 silly audit   '@msgpackr-extract/msgpackr-extract-linux-arm': [ '3.0.3' ],
76 silly audit   '@msgpackr-extract/msgpackr-extract-linux-arm64': [ '3.0.3' ],
76 silly audit   '@msgpackr-extract/msgpackr-extract-linux-x64': [ '3.0.3' ],
76 silly audit   '@msgpackr-extract/msgpackr-extract-win32-x64': [ '3.0.3' ],
76 silly audit   '@napi-rs/nice': [ '1.1.1' ],
76 silly audit   '@napi-rs/nice-android-arm-eabi': [ '1.1.1' ],
76 silly audit   '@napi-rs/nice-android-arm64': [ '1.1.1' ],
76 silly audit   '@napi-rs/nice-darwin-arm64': [ '1.1.1' ],
76 silly audit   '@napi-rs/nice-darwin-x64': [ '1.1.1' ],
76 silly audit   '@napi-rs/nice-freebsd-x64': [ '1.1.1' ],
76 silly audit   '@napi-rs/nice-linux-arm-gnueabihf': [ '1.1.1' ],
76 silly audit   '@napi-rs/nice-linux-arm64-gnu': [ '1.1.1' ],
76 silly audit   '@napi-rs/nice-linux-arm64-musl': [ '1.1.1' ],
76 silly audit   '@napi-rs/nice-linux-ppc64-gnu': [ '1.1.1' ],
76 silly audit   '@napi-rs/nice-linux-riscv64-gnu': [ '1.1.1' ],
76 silly audit   '@napi-rs/nice-linux-s390x-gnu': [ '1.1.1' ],
76 silly audit   '@napi-rs/nice-linux-x64-gnu': [ '1.1.1' ],
76 silly audit   '@napi-rs/nice-linux-x64-musl': [ '1.1.1' ],
76 silly audit   '@napi-rs/nice-openharmony-arm64': [ '1.1.1' ],
76 silly audit   '@napi-rs/nice-win32-arm64-msvc': [ '1.1.1' ],
76 silly audit   '@napi-rs/nice-win32-ia32-msvc': [ '1.1.1' ],
76 silly audit   '@napi-rs/nice-win32-x64-msvc': [ '1.1.1' ],
76 silly audit   '@napi-rs/wasm-runtime': [ '1.1.1' ],
76 silly audit   '@npmcli/agent': [ '4.0.2' ],
76 silly audit   '@npmcli/fs': [ '5.0.0' ],
76 silly audit   '@npmcli/git': [ '7.0.2' ],
76 silly audit   isexe: [ '4.0.0', '2.0.0' ],
76 silly audit   which: [ '6.0.1', '2.0.2' ],
76 silly audit   '@npmcli/installed-package-contents': [ '4.0.0' ],
76 silly audit   '@npmcli/node-gyp': [ '5.0.0' ],
76 silly audit   '@npmcli/package-json': [ '7.0.5' ],
76 silly audit   '@npmcli/promise-spawn': [ '9.0.1' ],
76 silly audit   '@npmcli/redact': [ '4.0.0' ],
76 silly audit   '@npmcli/run-script': [ '10.0.4' ],
76 silly audit   '@oxc-project/types': [ '0.113.0' ],
76 silly audit   '@parcel/watcher': [ '2.5.6' ],
76 silly audit   '@parcel/watcher-android-arm64': [ '2.5.6' ],
76 silly audit   '@parcel/watcher-darwin-arm64': [ '2.5.6' ],
76 silly audit   '@parcel/watcher-darwin-x64': [ '2.5.6' ],
76 silly audit   '@parcel/watcher-freebsd-x64': [ '2.5.6' ],
76 silly audit   '@parcel/watcher-linux-arm-glibc': [ '2.5.6' ],
76 silly audit   '@parcel/watcher-linux-arm-musl': [ '2.5.6' ],
76 silly audit   '@parcel/watcher-linux-arm64-glibc': [ '2.5.6' ],
76 silly audit   '@parcel/watcher-linux-arm64-musl': [ '2.5.6' ],
76 silly audit   '@parcel/watcher-linux-x64-glibc': [ '2.5.6' ],
76 silly audit   '@parcel/watcher-linux-x64-musl': [ '2.5.6' ],
76 silly audit   '@parcel/watcher-win32-arm64': [ '2.5.6' ],
76 silly audit   '@parcel/watcher-win32-ia32': [ '2.5.6' ],
76 silly audit   '@parcel/watcher-win32-x64': [ '2.5.6' ],
76 silly audit   'node-addon-api': [ '7.1.1', '6.1.0' ],
76 silly audit   '@rolldown/binding-android-arm64': [ '1.0.0-rc.4' ],
76 silly audit   '@rolldown/binding-darwin-arm64': [ '1.0.0-rc.4' ],
76 silly audit   '@rolldown/binding-darwin-x64': [ '1.0.0-rc.4' ],
76 silly audit   '@rolldown/binding-freebsd-x64': [ '1.0.0-rc.4' ],
76 silly audit   '@rolldown/binding-linux-arm-gnueabihf': [ '1.0.0-rc.4' ],
76 silly audit   '@rolldown/binding-linux-arm64-gnu': [ '1.0.0-rc.4' ],
76 silly audit   '@rolldown/binding-linux-arm64-musl': [ '1.0.0-rc.4' ],
76 silly audit   '@rolldown/binding-linux-x64-gnu': [ '1.0.0-rc.4' ],
76 silly audit   '@rolldown/binding-linux-x64-musl': [ '1.0.0-rc.4' ],
76 silly audit   '@rolldown/binding-openharmony-arm64': [ '1.0.0-rc.4' ],
76 silly audit   '@rolldown/binding-wasm32-wasi': [ '1.0.0-rc.4' ],
76 silly audit   '@rolldown/binding-win32-arm64-msvc': [ '1.0.0-rc.4' ],
76 silly audit   '@rolldown/binding-win32-x64-msvc': [ '1.0.0-rc.4' ],
76 silly audit   '@rolldown/pluginutils': [ '1.0.0-rc.4' ],
76 silly audit   '@rollup/rollup-android-arm-eabi': [ '4.59.0' ],
76 silly audit   '@rollup/rollup-android-arm64': [ '4.59.0' ],
76 silly audit   '@rollup/rollup-darwin-arm64': [ '4.59.0' ],
76 silly audit   '@rollup/rollup-darwin-x64': [ '4.59.0' ],
76 silly audit   '@rollup/rollup-freebsd-arm64': [ '4.59.0' ],
76 silly audit   '@rollup/rollup-freebsd-x64': [ '4.59.0' ],
76 silly audit   '@rollup/rollup-linux-arm-gnueabihf': [ '4.59.0' ],
76 silly audit   '@rollup/rollup-linux-arm-musleabihf': [ '4.59.0' ],
76 silly audit   '@rollup/rollup-linux-arm64-gnu': [ '4.59.0' ],
76 silly audit   '@rollup/rollup-linux-arm64-musl': [ '4.59.0' ],
76 silly audit   '@rollup/rollup-linux-loong64-gnu': [ '4.59.0' ],
76 silly audit   '@rollup/rollup-linux-loong64-musl': [ '4.59.0' ],
76 silly audit   '@rollup/rollup-linux-ppc64-gnu': [ '4.59.0' ],
76 silly audit   '@rollup/rollup-linux-ppc64-musl': [ '4.59.0' ],
76 silly audit   '@rollup/rollup-linux-riscv64-gnu': [ '4.59.0' ],
76 silly audit   '@rollup/rollup-linux-riscv64-musl': [ '4.59.0' ],
76 silly audit   '@rollup/rollup-linux-s390x-gnu': [ '4.59.0' ],
76 silly audit   '@rollup/rollup-linux-x64-gnu': [ '4.59.0' ],
76 silly audit   '@rollup/rollup-linux-x64-musl': [ '4.59.0' ],
76 silly audit   '@rollup/rollup-openbsd-x64': [ '4.59.0' ],
76 silly audit   '@rollup/rollup-openharmony-arm64': [ '4.59.0' ],
76 silly audit   '@rollup/rollup-win32-arm64-msvc': [ '4.59.0' ],
76 silly audit   '@rollup/rollup-win32-ia32-msvc': [ '4.59.0' ],
76 silly audit   '@rollup/rollup-win32-x64-gnu': [ '4.59.0' ],
76 silly audit   '@rollup/rollup-win32-x64-msvc': [ '4.59.0' ],
76 silly audit   '@scarf/scarf': [ '1.4.0' ],
76 silly audit   '@schematics/angular': [ '21.2.21' ],
76 silly audit   '@sigstore/bundle': [ '4.0.0' ],
76 silly audit   '@sigstore/core': [ '3.2.1' ],
76 silly audit   '@sigstore/protobuf-specs': [ '0.5.1' ],
76 silly audit   '@sigstore/sign': [ '4.1.1' ],
76 silly audit   '@sigstore/tuf': [ '4.0.2' ],
76 silly audit   '@sigstore/verify': [ '3.1.1' ],
76 silly audit   '@standard-schema/spec': [ '1.1.0' ],
76 silly audit   '@tufjs/canonical-json': [ '2.0.0' ],
76 silly audit   '@tufjs/models': [ '4.1.0' ],
76 silly audit   '@tybys/wasm-util': [ '0.10.1' ],
76 silly audit   '@types/chai': [ '5.2.3' ],
76 silly audit   '@types/deep-eql': [ '4.0.2' ],
76 silly audit   '@types/estree': [ '1.0.8' ],
76 silly audit   '@types/geojson': [ '7946.0.16' ],
76 silly audit   '@types/leaflet': [ '1.9.21' ],
76 silly audit   '@types/leaflet.markercluster': [ '1.5.6' ],
76 silly audit   '@vitejs/plugin-basic-ssl': [ '2.1.4' ],
76 silly audit   '@vitest/expect': [ '4.1.0' ],
76 silly audit   '@vitest/mocker': [ '4.1.0' ],
76 silly audit   '@vitest/pretty-format': [ '4.1.0' ],
76 silly audit   '@vitest/runner': [ '4.1.0' ],
76 silly audit   '@vitest/snapshot': [ '4.1.0' ],
76 silly audit   '@vitest/spy': [ '4.1.0' ],
76 silly audit   '@vitest/utils': [ '4.1.0' ],
76 silly audit   '@yarnpkg/lockfile': [ '1.1.0' ],
76 silly audit   abbrev: [ '4.0.0' ],
76 silly audit   accepts: [ '2.0.0' ],
76 silly audit   'agent-base': [ '7.1.4' ],
76 silly audit   ajv: [ '8.18.0' ],
76 silly audit   'ajv-formats': [ '3.0.1' ],
76 silly audit   algoliasearch: [ '5.48.1' ],
76 silly audit   'angular-calendar': [ '0.32.1' ],
76 silly audit   'ansi-escapes': [ '7.3.0' ],
76 silly audit   'ansi-regex': [ '6.2.2', '5.0.1' ],
76 silly audit   'ansi-styles': [ '6.2.3', '4.3.0' ],
76 silly audit   'assertion-error': [ '2.0.1' ],
76 silly audit   'balanced-match': [ '4.0.4' ],
76 silly audit   'baseline-browser-mapping': [ '2.10.8' ],
76 silly audit   beasties: [ '0.4.1' ],
76 silly audit   'bidi-js': [ '1.0.3' ],
76 silly audit   'body-parser': [ '2.3.0' ],
76 silly audit   'content-type': [ '2.1.0', '1.0.5' ],
76 silly audit   boolbase: [ '1.0.0' ],
76 silly audit   'brace-expansion': [ '5.0.9' ],
76 silly audit   browserslist: [ '4.28.1' ],
76 silly audit   'buffer-from': [ '1.1.2' ],
76 silly audit   bytes: [ '3.1.2' ],
76 silly audit   cacache: [ '20.0.4' ],
76 silly audit   'calendar-utils': [ '0.12.5' ],
76 silly audit   'call-bind-apply-helpers': [ '1.0.2' ],
76 silly audit   'call-bound': [ '1.0.4' ],
76 silly audit   'caniuse-lite': [ '1.0.30001780' ],
76 silly audit   chai: [ '6.2.2' ],
76 silly audit   chalk: [ '5.6.2' ],
76 silly audit   chardet: [ '2.1.1' ],
76 silly audit   'chart.js': [ '4.5.1' ],
76 silly audit   'chartjs-plugin-datalabels': [ '2.2.0' ],
76 silly audit   chokidar: [ '5.0.0', '4.0.3' ],
76 silly audit   chownr: [ '3.0.0' ],
76 silly audit   'cli-cursor': [ '5.0.0' ],
76 silly audit   'cli-spinners': [ '3.4.0' ],
76 silly audit   'cli-truncate': [ '5.2.0' ],
76 silly audit   'cli-width': [ '4.1.0' ],
76 silly audit   cliui: [ '9.0.1' ],
76 silly audit   'string-width': [ '7.2.0', '8.2.0', '4.2.3' ],
76 silly audit   'wrap-ansi': [ '9.0.2', '6.2.0' ],
76 silly audit   'color-convert': [ '2.0.1' ],
76 silly audit   'color-name': [ '1.1.4' ],
76 silly audit   colorette: [ '2.0.20' ],
76 silly audit   'content-disposition': [ '1.1.0' ],
76 silly audit   cookie: [ '0.7.2' ],
76 silly audit   'cookie-signature': [ '1.2.2' ],
76 silly audit   cors: [ '2.8.6' ],
76 silly audit   'cross-spawn': [ '7.0.6' ],
76 silly audit   'css-select': [ '6.0.0' ],
76 silly audit   'css-tree': [ '3.2.1' ],
76 silly audit   'css-what': [ '7.0.0' ],
76 silly audit   cssstyle: [ '6.2.0' ],
76 silly audit   'data-urls': [ '7.0.0' ],
76 silly audit   'date-fns': [ '4.1.0' ],
76 silly audit   debug: [ '4.4.3' ],
76 silly audit   'decimal.js': [ '10.6.0' ],
76 silly audit   depd: [ '2.0.0' ],
76 silly audit   'detect-libc': [ '2.1.2' ],
76 silly audit   'dom-serializer': [ '2.0.0' ],
76 silly audit   domelementtype: [ '2.3.0' ],
76 silly audit   domhandler: [ '5.0.3' ],
76 silly audit   domutils: [ '3.2.2' ],
76 silly audit   'dunder-proto': [ '1.0.1' ],
76 silly audit   'ee-first': [ '1.1.1' ],
76 silly audit   'electron-to-chromium': [ '1.5.313' ],
76 silly audit   'emoji-regex': [ '10.6.0', '8.0.0' ],
76 silly audit   encodeurl: [ '2.0.0' ],
76 silly audit   entities: [ '4.5.0', '7.0.1', '6.0.1' ],
76 silly audit   'env-paths': [ '2.2.1' ],
76 silly audit   environment: [ '1.1.0' ],
76 silly audit   'es-define-property': [ '1.0.1' ],
76 silly audit   'es-errors': [ '1.3.0' ],
76 silly audit   'es-module-lexer': [ '2.0.0' ],
76 silly audit   'es-object-atoms': [ '1.1.2' ],
76 silly audit   'es-toolkit': [ '1.45.1' ],
76 silly audit   esbuild: [ '0.28.1' ],
76 silly audit   escalade: [ '3.2.0' ],
76 silly audit   'escape-html': [ '1.0.3' ],
76 silly audit   'estree-walker': [ '3.0.3' ],
76 silly audit   etag: [ '1.8.1' ],
76 silly audit   eventemitter3: [ '5.0.4' ],
76 silly audit   eventsource: [ '3.0.7' ],
76 silly audit   'eventsource-parser': [ '3.1.1' ],
76 silly audit   'expect-type': [ '1.3.0' ],
76 silly audit   'exponential-backoff': [ '3.1.3' ],
76 silly audit   express: [ '5.2.1' ],
76 silly audit   'express-rate-limit': [ '8.6.2' ],
76 silly audit   'fast-deep-equal': [ '3.1.3' ],
76 silly audit   'fast-uri': [ '3.1.5' ],
76 silly audit   fdir: [ '6.5.0' ],
76 silly audit   finalhandler: [ '2.1.1' ],
76 silly audit   forwarded: [ '0.2.0' ],
76 silly audit   fresh: [ '2.0.0' ],
76 silly audit   'fs-minipass': [ '3.0.3' ],
76 silly audit   fsevents: [ '2.3.3' ],
76 silly audit   'function-bind': [ '1.1.2' ],
76 silly audit   gensync: [ '1.0.0-beta.2' ],
76 silly audit   'get-caller-file': [ '2.0.5' ],
76 silly audit   'get-east-asian-width': [ '1.5.0' ],
76 silly audit   'get-intrinsic': [ '1.3.0' ],
76 silly audit   'get-proto': [ '1.0.1' ],
76 silly audit   glob: [ '13.0.6' ],
76 silly audit   'glob-to-regexp': [ '0.4.1' ],
76 silly audit   gopd: [ '1.2.0' ],
76 silly audit   'graceful-fs': [ '4.2.11' ],
76 silly audit   'has-symbols': [ '1.1.0' ],
76 silly audit   hasown: [ '2.0.4' ],
76 silly audit   hono: [ '4.13.3' ],
76 silly audit   'hosted-git-info': [ '9.0.3' ],
76 silly audit   'html-encoding-sniffer': [ '6.0.0' ],
76 silly audit   htmlparser2: [ '10.1.0' ],
76 silly audit   'http-cache-semantics': [ '4.2.0' ],
76 silly audit   'http-errors': [ '2.0.1' ],
76 silly audit   'http-proxy-agent': [ '7.0.2' ],
76 silly audit   'https-proxy-agent': [ '7.0.6' ],
76 silly audit   'iconv-lite': [ '0.7.2' ],
76 silly audit   'ignore-walk': [ '8.0.0' ],
76 silly audit   immutable: [ '5.1.9' ],
76 silly audit   inherits: [ '2.0.4' ],
76 silly audit   ini: [ '6.0.0' ],
76 silly audit   'ip-address': [ '10.5.0' ],
76 silly audit   'ipaddr.js': [ '1.9.1' ],
76 silly audit   'is-extglob': [ '2.1.1' ],
76 silly audit   'is-fullwidth-code-point': [ '5.1.0', '3.0.0' ],
76 silly audit   'is-glob': [ '4.0.3' ],
76 silly audit   'is-interactive': [ '2.0.0' ],
76 silly audit   'is-potential-custom-element-name': [ '1.0.1' ],
76 silly audit   'is-promise': [ '4.0.0' ],
76 silly audit   'is-unicode-supported': [ '2.1.0' ],
76 silly audit   'istanbul-lib-coverage': [ '3.2.2' ],
76 silly audit   'istanbul-lib-instrument': [ '6.0.3' ],
76 silly audit   jose: [ '6.2.9' ],
76 silly audit   'js-tokens': [ '4.0.0' ],
76 silly audit   jsdom: [ '28.1.0' ],
76 silly audit   jsesc: [ '3.1.0' ],
76 silly audit   'json-parse-even-better-errors': [ '5.0.0' ],
76 silly audit   'json-schema-traverse': [ '1.0.0' ],
76 silly audit   'json-schema-typed': [ '8.0.2' ],
76 silly audit   json5: [ '2.2.3' ],
76 silly audit   'jsonc-parser': [ '3.3.1' ],
76 silly audit   jsonparse: [ '1.3.1' ],
76 silly audit   leaflet: [ '1.9.4' ],
76 silly audit   'leaflet.markercluster': [ '1.5.3' ],
76 silly audit   listr2: [ '9.0.5' ],
76 silly audit   lmdb: [ '3.5.1' ],
76 silly audit   'log-symbols': [ '7.0.1' ],
76 silly audit   'log-update': [ '6.1.0' ],
76 silly audit   'slice-ansi': [ '7.1.2', '8.0.0' ],
76 silly audit   'magic-string': [ '0.30.21' ],
76 silly audit   'make-fetch-happen': [ '15.0.6' ],
76 silly audit   'math-intrinsics': [ '1.1.0' ],
76 silly audit   'mdn-data': [ '2.27.1' ],
76 silly audit   'media-typer': [ '1.1.1' ],
76 silly audit   'merge-descriptors': [ '2.0.0' ],
76 silly audit   'mime-db': [ '1.54.0' ],
76 silly audit   'mime-types': [ '3.0.2' ],
76 silly audit   'mimic-function': [ '5.0.1' ],
76 silly audit   minimatch: [ '10.2.5' ],
76 silly audit   minipass: [ '7.1.3', '3.3.6' ],
76 silly audit   'minipass-collect': [ '2.0.1' ],
76 silly audit   'minipass-fetch': [ '5.0.2' ],
76 silly audit   'minipass-flush': [ '1.0.7' ],
76 silly audit   yallist: [ '4.0.0', '5.0.0', '3.1.1' ],
76 silly audit   'minipass-pipeline': [ '1.2.4' ],
76 silly audit   'minipass-sized': [ '2.0.0' ],
76 silly audit   minizlib: [ '3.1.0' ],
76 silly audit   mrmime: [ '2.0.1' ],
76 silly audit   ms: [ '2.1.3' ],
76 silly audit   msgpackr: [ '1.11.9' ],
76 silly audit   'msgpackr-extract': [ '3.0.3' ],
76 silly audit   'mute-stream': [ '2.0.0' ],
76 silly audit   nanoid: [ '3.3.18' ],
76 silly audit   negotiator: [ '1.0.0' ],
76 silly audit   'ng2-charts': [ '10.0.0' ],
76 silly audit   'node-gyp': [ '12.4.0' ],
76 silly audit   'node-gyp-build-optional-packages': [ '5.2.2' ],
76 silly audit   undici: [ '6.28.0', '7.29.0' ],
76 silly audit   'node-releases': [ '2.0.36' ],
76 silly audit   nopt: [ '9.0.0' ],
76 silly audit   'npm-bundled': [ '5.0.0' ],
76 silly audit   'npm-install-checks': [ '8.0.0' ],
76 silly audit   'npm-normalize-package-bin': [ '5.0.0' ],
76 silly audit   'npm-package-arg': [ '13.0.2' ],
76 silly audit   'npm-packlist': [ '10.0.4' ],
76 silly audit   'npm-pick-manifest': [ '11.0.3' ],
76 silly audit   'npm-registry-fetch': [ '19.1.1' ],
76 silly audit   'nth-check': [ '2.1.1' ],
76 silly audit   'object-assign': [ '4.1.1' ],
76 silly audit   'object-inspect': [ '1.13.4' ],
76 silly audit   obug: [ '2.1.1' ],
76 silly audit   'on-finished': [ '2.4.1' ],
76 silly audit   once: [ '1.4.0' ],
76 silly audit   onetime: [ '7.0.0' ],
76 silly audit   ora: [ '9.3.0' ],
76 silly audit   'ordered-binary': [ '1.6.1' ],
76 silly audit   'p-map': [ '7.0.5' ],
76 silly audit   pacote: [ '21.5.1' ],
76 silly audit   parse5: [ '8.0.0' ],
76 silly audit   'parse5-html-rewriting-stream': [ '8.0.0' ],
76 silly audit   'parse5-sax-parser': [ '8.0.0' ],
76 silly audit   parseurl: [ '1.3.3' ],
76 silly audit   'path-key': [ '3.1.1' ],
76 silly audit   'path-scurry': [ '2.0.2' ],
76 silly audit   'path-to-regexp': [ '8.4.2' ],
76 silly audit   pathe: [ '2.0.3' ],
76 silly audit   picocolors: [ '1.1.1' ],
76 silly audit   picomatch: [ '4.0.4' ],
76 silly audit   piscina: [ '5.2.0' ],
76 silly audit   'pkce-challenge': [ '5.0.1' ],
76 silly audit   positioning: [ '3.0.1' ],
76 silly audit   postcss: [ '8.5.26' ],
76 silly audit   'postcss-media-query-parser': [ '0.2.3' ],
76 silly audit   'postcss-safe-parser': [ '7.0.1' ],
76 silly audit   prettier: [ '3.8.1' ],
76 silly audit   'proc-log': [ '6.1.0' ],
76 silly audit   'proxy-addr': [ '2.0.7' ],
76 silly audit   punycode: [ '2.3.1' ],
76 silly audit   qs: [ '6.15.3' ],
76 silly audit   'range-parser': [ '1.3.0' ],
76 silly audit   'raw-body': [ '3.0.2' ],
76 silly audit   readdirp: [ '5.0.0', '4.1.2' ],
76 silly audit   'reflect-metadata': [ '0.2.2' ],
76 silly audit   'require-from-string': [ '2.0.2' ],
76 silly audit   'restore-cursor': [ '5.1.0' ],
76 silly audit   rfdc: [ '1.4.1' ],
76 silly audit   rolldown: [ '1.0.0-rc.4' ],
76 silly audit   rollup: [ '4.59.0' ],
76 silly audit   router: [ '2.2.0' ],
76 silly audit   rxjs: [ '7.8.2' ],
76 silly audit   'safer-buffer': [ '2.1.2' ],
76 silly audit   sass: [ '1.97.3' ],
76 silly audit   saxes: [ '6.0.0' ],
76 silly audit   send: [ '1.2.1' ],
76 silly audit   'serve-static': [ '2.2.1' ],
76 silly audit   setprototypeof: [ '1.2.0' ],
76 silly audit   'shebang-command': [ '2.0.0' ],
76 silly audit   'shebang-regex': [ '3.0.0' ],
76 silly audit   'side-channel': [ '1.1.1' ],
76 silly audit   'side-channel-list': [ '1.0.1' ],
76 silly audit   'side-channel-map': [ '1.0.1' ],
76 silly audit   'side-channel-weakmap': [ '1.0.2' ],
76 silly audit   siginfo: [ '2.0.0' ],
76 silly audit   'signal-exit': [ '4.1.0' ],
76 silly audit   sigstore: [ '4.1.1' ],
76 silly audit   'smart-buffer': [ '4.2.0' ],
76 silly audit   socks: [ '2.8.9' ],
76 silly audit   'socks-proxy-agent': [ '8.0.5' ],
76 silly audit   'source-map': [ '0.7.6', '0.6.1' ],
76 silly audit   'source-map-js': [ '1.2.1' ],
76 silly audit   'source-map-support': [ '0.5.21' ],
76 silly audit   'spdx-exceptions': [ '2.5.0' ],
76 silly audit   'spdx-expression-parse': [ '4.0.0' ],
76 silly audit   'spdx-license-ids': [ '3.0.23' ],
76 silly audit   ssri: [ '13.0.1' ],
76 silly audit   stackback: [ '0.0.2' ],
76 silly audit   statuses: [ '2.0.2' ],
76 silly audit   'std-env': [ '4.0.0' ],
76 silly audit   'stdin-discarder': [ '0.3.2' ],
76 silly audit   'strip-ansi': [ '7.2.0', '6.0.1' ],
76 silly audit   'symbol-tree': [ '3.2.4' ],
76 silly audit   tar: [ '7.5.22' ],
76 silly audit   tinybench: [ '2.9.0' ],
76 silly audit   tinyexec: [ '1.0.4' ],
76 silly audit   tinyglobby: [ '0.2.15' ],
76 silly audit   tinyrainbow: [ '3.1.0' ],
76 silly audit   tldts: [ '7.0.26' ],
76 silly audit   'tldts-core': [ '7.0.26' ],
76 silly audit   toidentifier: [ '1.0.1' ],
76 silly audit   'tough-cookie': [ '6.0.1' ],
76 silly audit   tr46: [ '6.0.0' ],
76 silly audit   tslib: [ '2.8.1' ],
76 silly audit   'tuf-js': [ '4.1.0' ],
76 silly audit   'type-is': [ '2.1.0' ],
76 silly audit   typescript: [ '5.9.3' ],
76 silly audit   unpipe: [ '1.0.0' ],
76 silly audit   'update-browserslist-db': [ '1.2.3' ],
76 silly audit   'validate-npm-package-name': [ '7.0.2' ],
76 silly audit   vary: [ '1.1.2' ],
76 silly audit   vite: [ '7.3.6' ],
76 silly audit   vitest: [ '4.1.0' ],
76 silly audit   'w3c-xmlserializer': [ '5.0.0' ],
76 silly audit   watchpack: [ '2.5.1' ],
76 silly audit   'weak-lru-cache': [ '1.2.2' ],
76 silly audit   'webidl-conversions': [ '8.0.1' ],
76 silly audit   'whatwg-mimetype': [ '5.0.0' ],
76 silly audit   'whatwg-url': [ '16.0.1' ],
76 silly audit   'why-is-node-running': [ '2.3.0' ],
76 silly audit   wrappy: [ '1.0.2' ],
76 silly audit   'xml-name-validator': [ '5.0.0' ],
76 silly audit   xmlchars: [ '2.2.0' ],
76 silly audit   y18n: [ '5.0.8' ],
76 silly audit   yargs: [ '18.0.0' ],
76 silly audit   'yargs-parser': [ '22.0.0' ],
76 silly audit   yoctocolors: [ '2.2.0' ],
76 silly audit   'yoctocolors-cjs': [ '2.1.3' ],
76 silly audit   zod: [ '4.3.6' ],
76 silly audit   'zod-to-json-schema': [ '3.25.2' ],
76 silly audit   'angular-draggable-droppable': [ '9.0.1' ],
76 silly audit   'angular-resizable-element': [ '8.0.3' ],
76 silly audit   '@mattlewis92/dom-autoscroller': [ '2.4.2' ]
76 silly audit }
77 verbose reify failed optional dependency C:\Users\Raj\Desktop\HRMS\frontend\node_modules\fsevents
78 silly reify mark deleted [ 'C:\\Users\\Raj\\Desktop\\HRMS\\frontend\\node_modules\\fsevents' ]
79 verbose reify failed optional dependency C:\Users\Raj\Desktop\HRMS\frontend\node_modules\@rollup\rollup-win32-ia32-msvc
80 silly reify mark deleted [
80 silly reify   'C:\\Users\\Raj\\Desktop\\HRMS\\frontend\\node_modules\\@rollup\\rollup-win32-ia32-msvc'
80 silly reify ]
81 verbose reify failed optional dependency C:\Users\Raj\Desktop\HRMS\frontend\node_modules\@rollup\rollup-win32-arm64-msvc
82 silly reify mark deleted [
82 silly reify   'C:\\Users\\Raj\\Desktop\\HRMS\\frontend\\node_modules\\@rollup\\rollup-win32-arm64-msvc'
82 silly reify ]
83 verbose reify failed optional dependency C:\Users\Raj\Desktop\HRMS\frontend\node_modules\@rollup\rollup-openharmony-arm64
84 silly reify mark deleted [
84 silly reify   'C:\\Users\\Raj\\Desktop\\HRMS\\frontend\\node_modules\\@rollup\\rollup-openharmony-arm64'
84 silly reify ]
85 verbose reify failed optional dependency C:\Users\Raj\Desktop\HRMS\frontend\node_modules\@rollup\rollup-openbsd-x64
86 silly reify mark deleted [
86 silly reify   'C:\\Users\\Raj\\Desktop\\HRMS\\frontend\\node_modules\\@rollup\\rollup-openbsd-x64'
86 silly reify ]
87 verbose reify failed optional dependency C:\Users\Raj\Desktop\HRMS\frontend\node_modules\@rollup\rollup-linux-x64-musl
88 silly reify mark deleted [
88 silly reify   'C:\\Users\\Raj\\Desktop\\HRMS\\frontend\\node_modules\\@rollup\\rollup-linux-x64-musl'
88 silly reify ]
89 verbose reify failed optional dependency C:\Users\Raj\Desktop\HRMS\frontend\node_modules\@rollup\rollup-linux-x64-gnu
90 silly reify mark deleted [
90 silly reify   'C:\\Users\\Raj\\Desktop\\HRMS\\frontend\\node_modules\\@rollup\\rollup-linux-x64-gnu'
90 silly reify ]
91 verbose reify failed optional dependency C:\Users\Raj\Desktop\HRMS\frontend\node_modules\@rollup\rollup-linux-s390x-gnu
92 silly reify mark deleted [
92 silly reify   'C:\\Users\\Raj\\Desktop\\HRMS\\frontend\\node_modules\\@rollup\\rollup-linux-s390x-gnu'
92 silly reify ]
93 verbose reify failed optional dependency C:\Users\Raj\Desktop\HRMS\frontend\node_modules\@rollup\rollup-linux-riscv64-musl
94 silly reify mark deleted [
94 silly reify   'C:\\Users\\Raj\\Desktop\\HRMS\\frontend\\node_modules\\@rollup\\rollup-linux-riscv64-musl'
94 silly reify ]
95 verbose reify failed optional dependency C:\Users\Raj\Desktop\HRMS\frontend\node_modules\@rollup\rollup-linux-riscv64-gnu
96 silly reify mark deleted [
96 silly reify   'C:\\Users\\Raj\\Desktop\\HRMS\\frontend\\node_modules\\@rollup\\rollup-linux-riscv64-gnu'
96 silly reify ]
97 verbose reify failed optional dependency C:\Users\Raj\Desktop\HRMS\frontend\node_modules\@rollup\rollup-linux-ppc64-musl
98 silly reify mark deleted [
98 silly reify   'C:\\Users\\Raj\\Desktop\\HRMS\\frontend\\node_modules\\@rollup\\rollup-linux-ppc64-musl'
98 silly reify ]
99 verbose reify failed optional dependency C:\Users\Raj\Desktop\HRMS\frontend\node_modules\@rollup\rollup-linux-ppc64-gnu
100 silly reify mark deleted [
100 silly reify   'C:\\Users\\Raj\\Desktop\\HRMS\\frontend\\node_modules\\@rollup\\rollup-linux-ppc64-gnu'
100 silly reify ]
101 verbose reify failed optional dependency C:\Users\Raj\Desktop\HRMS\frontend\node_modules\@rollup\rollup-linux-loong64-musl
102 silly reify mark deleted [
102 silly reify   'C:\\Users\\Raj\\Desktop\\HRMS\\frontend\\node_modules\\@rollup\\rollup-linux-loong64-musl'
102 silly reify ]
103 verbose reify failed optional dependency C:\Users\Raj\Desktop\HRMS\frontend\node_modules\@rollup\rollup-linux-loong64-gnu
104 silly reify mark deleted [
104 silly reify   'C:\\Users\\Raj\\Desktop\\HRMS\\frontend\\node_modules\\@rollup\\rollup-linux-loong64-gnu'
104 silly reify ]
105 verbose reify failed optional dependency C:\Users\Raj\Desktop\HRMS\frontend\node_modules\@rollup\rollup-linux-arm64-musl
106 silly reify mark deleted [
106 silly reify   'C:\\Users\\Raj\\Desktop\\HRMS\\frontend\\node_modules\\@rollup\\rollup-linux-arm64-musl'
106 silly reify ]
107 verbose reify failed optional dependency C:\Users\Raj\Desktop\HRMS\frontend\node_modules\@rollup\rollup-linux-arm64-gnu
108 silly reify mark deleted [
108 silly reify   'C:\\Users\\Raj\\Desktop\\HRMS\\frontend\\node_modules\\@rollup\\rollup-linux-arm64-gnu'
108 silly reify ]
109 verbose reify failed optional dependency C:\Users\Raj\Desktop\HRMS\frontend\node_modules\@rollup\rollup-linux-arm-musleabihf
110 silly reify mark deleted [
110 silly reify   'C:\\Users\\Raj\\Desktop\\HRMS\\frontend\\node_modules\\@rollup\\rollup-linux-arm-musleabihf'
110 silly reify ]
111 verbose reify failed optional dependency C:\Users\Raj\Desktop\HRMS\frontend\node_modules\@rollup\rollup-linux-arm-gnueabihf
112 silly reify mark deleted [
112 silly reify   'C:\\Users\\Raj\\Desktop\\HRMS\\frontend\\node_modules\\@rollup\\rollup-linux-arm-gnueabihf'
112 silly reify ]
113 verbose reify failed optional dependency C:\Users\Raj\Desktop\HRMS\frontend\node_modules\@rollup\rollup-freebsd-x64
114 silly reify mark deleted [
114 silly reify   'C:\\Users\\Raj\\Desktop\\HRMS\\frontend\\node_modules\\@rollup\\rollup-freebsd-x64'
114 silly reify ]
115 verbose reify failed optional dependency C:\Users\Raj\Desktop\HRMS\frontend\node_modules\@rollup\rollup-freebsd-arm64
116 silly reify mark deleted [
116 silly reify   'C:\\Users\\Raj\\Desktop\\HRMS\\frontend\\node_modules\\@rollup\\rollup-freebsd-arm64'
116 silly reify ]
117 verbose reify failed optional dependency C:\Users\Raj\Desktop\HRMS\frontend\node_modules\@rollup\rollup-darwin-x64
118 silly reify mark deleted [
118 silly reify   'C:\\Users\\Raj\\Desktop\\HRMS\\frontend\\node_modules\\@rollup\\rollup-darwin-x64'
118 silly reify ]
119 verbose reify failed optional dependency C:\Users\Raj\Desktop\HRMS\frontend\node_modules\@rollup\rollup-darwin-arm64
120 silly reify mark deleted [
120 silly reify   'C:\\Users\\Raj\\Desktop\\HRMS\\frontend\\node_modules\\@rollup\\rollup-darwin-arm64'
120 silly reify ]
121 verbose reify failed optional dependency C:\Users\Raj\Desktop\HRMS\frontend\node_modules\@rollup\rollup-android-arm64
122 silly reify mark deleted [
122 silly reify   'C:\\Users\\Raj\\Desktop\\HRMS\\frontend\\node_modules\\@rollup\\rollup-android-arm64'
122 silly reify ]
123 verbose reify failed optional dependency C:\Users\Raj\Desktop\HRMS\frontend\node_modules\@rollup\rollup-android-arm-eabi
124 silly reify mark deleted [
124 silly reify   'C:\\Users\\Raj\\Desktop\\HRMS\\frontend\\node_modules\\@rollup\\rollup-android-arm-eabi'
124 silly reify ]
125 verbose reify failed optional dependency C:\Users\Raj\Desktop\HRMS\frontend\node_modules\@rolldown\binding-win32-arm64-msvc
126 silly reify mark deleted [
126 silly reify   'C:\\Users\\Raj\\Desktop\\HRMS\\frontend\\node_modules\\@rolldown\\binding-win32-arm64-msvc'
126 silly reify ]
127 verbose reify failed optional dependency C:\Users\Raj\Desktop\HRMS\frontend\node_modules\@rolldown\binding-wasm32-wasi
128 silly reify mark deleted [
128 silly reify   'C:\\Users\\Raj\\Desktop\\HRMS\\frontend\\node_modules\\@rolldown\\binding-wasm32-wasi'
128 silly reify ]
129 verbose reify failed optional dependency C:\Users\Raj\Desktop\HRMS\frontend\node_modules\@napi-rs\wasm-runtime
130 silly reify mark deleted [
130 silly reify   'C:\\Users\\Raj\\Desktop\\HRMS\\frontend\\node_modules\\@napi-rs\\wasm-runtime'
130 silly reify ]
131 verbose reify failed optional dependency C:\Users\Raj\Desktop\HRMS\frontend\node_modules\@emnapi\core
132 silly reify mark deleted [
132 silly reify   'C:\\Users\\Raj\\Desktop\\HRMS\\frontend\\node_modules\\@emnapi\\core'
132 silly reify ]
133 verbose reify failed optional dependency C:\Users\Raj\Desktop\HRMS\frontend\node_modules\@emnapi\runtime
134 silly reify mark deleted [
134 silly reify   'C:\\Users\\Raj\\Desktop\\HRMS\\frontend\\node_modules\\@emnapi\\runtime'
134 silly reify ]
135 verbose reify failed optional dependency C:\Users\Raj\Desktop\HRMS\frontend\node_modules\@tybys\wasm-util
136 silly reify mark deleted [
136 silly reify   'C:\\Users\\Raj\\Desktop\\HRMS\\frontend\\node_modules\\@tybys\\wasm-util'
136 silly reify ]
137 verbose reify failed optional dependency C:\Users\Raj\Desktop\HRMS\frontend\node_modules\@emnapi\wasi-threads
138 silly reify mark deleted [
138 silly reify   'C:\\Users\\Raj\\Desktop\\HRMS\\frontend\\node_modules\\@emnapi\\wasi-threads'
138 silly reify ]
139 verbose reify failed optional dependency C:\Users\Raj\Desktop\HRMS\frontend\node_modules\@rolldown\binding-openharmony-arm64
140 silly reify mark deleted [
140 silly reify   'C:\\Users\\Raj\\Desktop\\HRMS\\frontend\\node_modules\\@rolldown\\binding-openharmony-arm64'
140 silly reify ]
141 verbose reify failed optional dependency C:\Users\Raj\Desktop\HRMS\frontend\node_modules\@rolldown\binding-linux-x64-musl
142 silly reify mark deleted [
142 silly reify   'C:\\Users\\Raj\\Desktop\\HRMS\\frontend\\node_modules\\@rolldown\\binding-linux-x64-musl'
142 silly reify ]
143 verbose reify failed optional dependency C:\Users\Raj\Desktop\HRMS\frontend\node_modules\@rolldown\binding-linux-x64-gnu
144 silly reify mark deleted [
144 silly reify   'C:\\Users\\Raj\\Desktop\\HRMS\\frontend\\node_modules\\@rolldown\\binding-linux-x64-gnu'
144 silly reify ]
145 verbose reify failed optional dependency C:\Users\Raj\Desktop\HRMS\frontend\node_modules\@rolldown\binding-linux-arm64-musl
146 silly reify mark deleted [
146 silly reify   'C:\\Users\\Raj\\Desktop\\HRMS\\frontend\\node_modules\\@rolldown\\binding-linux-arm64-musl'
146 silly reify ]
147 verbose reify failed optional dependency C:\Users\Raj\Desktop\HRMS\frontend\node_modules\@rolldown\binding-linux-arm64-gnu
148 silly reify mark deleted [
148 silly reify   'C:\\Users\\Raj\\Desktop\\HRMS\\frontend\\node_modules\\@rolldown\\binding-linux-arm64-gnu'
148 silly reify ]
149 verbose reify failed optional dependency C:\Users\Raj\Desktop\HRMS\frontend\node_modules\@rolldown\binding-linux-arm-gnueabihf
150 silly reify mark deleted [
150 silly reify   'C:\\Users\\Raj\\Desktop\\HRMS\\frontend\\node_modules\\@rolldown\\binding-linux-arm-gnueabihf'
150 silly reify ]
151 verbose reify failed optional dependency C:\Users\Raj\Desktop\HRMS\frontend\node_modules\@rolldown\binding-freebsd-x64
152 silly reify mark deleted [
152 silly reify   'C:\\Users\\Raj\\Desktop\\HRMS\\frontend\\node_modules\\@rolldown\\binding-freebsd-x64'
152 silly reify ]
153 verbose reify failed optional dependency C:\Users\Raj\Desktop\HRMS\frontend\node_modules\@rolldown\binding-darwin-x64
154 silly reify mark deleted [
154 silly reify   'C:\\Users\\Raj\\Desktop\\HRMS\\frontend\\node_modules\\@rolldown\\binding-darwin-x64'
154 silly reify ]
155 verbose reify failed optional dependency C:\Users\Raj\Desktop\HRMS\frontend\node_modules\@rolldown\binding-darwin-arm64
156 silly reify mark deleted [
156 silly reify   'C:\\Users\\Raj\\Desktop\\HRMS\\frontend\\node_modules\\@rolldown\\binding-darwin-arm64'
156 silly reify ]
157 verbose reify failed optional dependency C:\Users\Raj\Desktop\HRMS\frontend\node_modules\@rolldown\binding-android-arm64
158 silly reify mark deleted [
158 silly reify   'C:\\Users\\Raj\\Desktop\\HRMS\\frontend\\node_modules\\@rolldown\\binding-android-arm64'
158 silly reify ]
159 verbose reify failed optional dependency C:\Users\Raj\Desktop\HRMS\frontend\node_modules\@parcel\watcher-win32-ia32
160 silly reify mark deleted [
160 silly reify   'C:\\Users\\Raj\\Desktop\\HRMS\\frontend\\node_modules\\@parcel\\watcher-win32-ia32'
160 silly reify ]
161 verbose reify failed optional dependency C:\Users\Raj\Desktop\HRMS\frontend\node_modules\@parcel\watcher-win32-arm64
162 silly reify mark deleted [
162 silly reify   'C:\\Users\\Raj\\Desktop\\HRMS\\frontend\\node_modules\\@parcel\\watcher-win32-arm64'
162 silly reify ]
163 verbose reify failed optional dependency C:\Users\Raj\Desktop\HRMS\frontend\node_modules\@parcel\watcher-linux-x64-musl
164 silly reify mark deleted [
164 silly reify   'C:\\Users\\Raj\\Desktop\\HRMS\\frontend\\node_modules\\@parcel\\watcher-linux-x64-musl'
164 silly reify ]
165 verbose reify failed optional dependency C:\Users\Raj\Desktop\HRMS\frontend\node_modules\@parcel\watcher-linux-x64-glibc
166 silly reify mark deleted [
166 silly reify   'C:\\Users\\Raj\\Desktop\\HRMS\\frontend\\node_modules\\@parcel\\watcher-linux-x64-glibc'
166 silly reify ]
167 verbose reify failed optional dependency C:\Users\Raj\Desktop\HRMS\frontend\node_modules\@parcel\watcher-linux-arm64-musl
168 silly reify mark deleted [
168 silly reify   'C:\\Users\\Raj\\Desktop\\HRMS\\frontend\\node_modules\\@parcel\\watcher-linux-arm64-musl'
168 silly reify ]
169 verbose reify failed optional dependency C:\Users\Raj\Desktop\HRMS\frontend\node_modules\@parcel\watcher-linux-arm64-glibc
170 silly reify mark deleted [
170 silly reify   'C:\\Users\\Raj\\Desktop\\HRMS\\frontend\\node_modules\\@parcel\\watcher-linux-arm64-glibc'
170 silly reify ]
171 verbose reify failed optional dependency C:\Users\Raj\Desktop\HRMS\frontend\node_modules\@parcel\watcher-linux-arm-musl
172 silly reify mark deleted [
172 silly reify   'C:\\Users\\Raj\\Desktop\\HRMS\\frontend\\node_modules\\@parcel\\watcher-linux-arm-musl'
172 silly reify ]
173 verbose reify failed optional dependency C:\Users\Raj\Desktop\HRMS\frontend\node_modules\@parcel\watcher-linux-arm-glibc
174 silly reify mark deleted [
174 silly reify   'C:\\Users\\Raj\\Desktop\\HRMS\\frontend\\node_modules\\@parcel\\watcher-linux-arm-glibc'
174 silly reify ]
175 verbose reify failed optional dependency C:\Users\Raj\Desktop\HRMS\frontend\node_modules\@parcel\watcher-freebsd-x64
176 silly reify mark deleted [
176 silly reify   'C:\\Users\\Raj\\Desktop\\HRMS\\frontend\\node_modules\\@parcel\\watcher-freebsd-x64'
176 silly reify ]
177 verbose reify failed optional dependency C:\Users\Raj\Desktop\HRMS\frontend\node_modules\@parcel\watcher-darwin-x64
178 silly reify mark deleted [
178 silly reify   'C:\\Users\\Raj\\Desktop\\HRMS\\frontend\\node_modules\\@parcel\\watcher-darwin-x64'
178 silly reify ]
179 verbose reify failed optional dependency C:\Users\Raj\Desktop\HRMS\frontend\node_modules\@parcel\watcher-darwin-arm64
180 silly reify mark deleted [
180 silly reify   'C:\\Users\\Raj\\Desktop\\HRMS\\frontend\\node_modules\\@parcel\\watcher-darwin-arm64'
180 silly reify ]
181 verbose reify failed optional dependency C:\Users\Raj\Desktop\HRMS\frontend\node_modules\@parcel\watcher-android-arm64
182 silly reify mark deleted [
182 silly reify   'C:\\Users\\Raj\\Desktop\\HRMS\\frontend\\node_modules\\@parcel\\watcher-android-arm64'
182 silly reify ]
183 verbose reify failed optional dependency C:\Users\Raj\Desktop\HRMS\frontend\node_modules\@napi-rs\nice-win32-ia32-msvc
184 silly reify mark deleted [
184 silly reify   'C:\\Users\\Raj\\Desktop\\HRMS\\frontend\\node_modules\\@napi-rs\\nice-win32-ia32-msvc'
184 silly reify ]
185 verbose reify failed optional dependency C:\Users\Raj\Desktop\HRMS\frontend\node_modules\@napi-rs\nice-win32-arm64-msvc
186 silly reify mark deleted [
186 silly reify   'C:\\Users\\Raj\\Desktop\\HRMS\\frontend\\node_modules\\@napi-rs\\nice-win32-arm64-msvc'
186 silly reify ]
187 verbose reify failed optional dependency C:\Users\Raj\Desktop\HRMS\frontend\node_modules\@napi-rs\nice-openharmony-arm64
188 silly reify mark deleted [
188 silly reify   'C:\\Users\\Raj\\Desktop\\HRMS\\frontend\\node_modules\\@napi-rs\\nice-openharmony-arm64'
188 silly reify ]
189 verbose reify failed optional dependency C:\Users\Raj\Desktop\HRMS\frontend\node_modules\@napi-rs\nice-linux-x64-musl
190 silly reify mark deleted [
190 silly reify   'C:\\Users\\Raj\\Desktop\\HRMS\\frontend\\node_modules\\@napi-rs\\nice-linux-x64-musl'
190 silly reify ]
191 verbose reify failed optional dependency C:\Users\Raj\Desktop\HRMS\frontend\node_modules\@napi-rs\nice-linux-x64-gnu
192 silly reify mark deleted [
192 silly reify   'C:\\Users\\Raj\\Desktop\\HRMS\\frontend\\node_modules\\@napi-rs\\nice-linux-x64-gnu'
192 silly reify ]
193 verbose reify failed optional dependency C:\Users\Raj\Desktop\HRMS\frontend\node_modules\@napi-rs\nice-linux-s390x-gnu
194 silly reify mark deleted [
194 silly reify   'C:\\Users\\Raj\\Desktop\\HRMS\\frontend\\node_modules\\@napi-rs\\nice-linux-s390x-gnu'
194 silly reify ]
195 verbose reify failed optional dependency C:\Users\Raj\Desktop\HRMS\frontend\node_modules\@napi-rs\nice-linux-riscv64-gnu
196 silly reify mark deleted [
196 silly reify   'C:\\Users\\Raj\\Desktop\\HRMS\\frontend\\node_modules\\@napi-rs\\nice-linux-riscv64-gnu'
196 silly reify ]
197 verbose reify failed optional dependency C:\Users\Raj\Desktop\HRMS\frontend\node_modules\@napi-rs\nice-linux-ppc64-gnu
198 silly reify mark deleted [
198 silly reify   'C:\\Users\\Raj\\Desktop\\HRMS\\frontend\\node_modules\\@napi-rs\\nice-linux-ppc64-gnu'
198 silly reify ]
199 verbose reify failed optional dependency C:\Users\Raj\Desktop\HRMS\frontend\node_modules\@napi-rs\nice-linux-arm64-musl
200 silly reify mark deleted [
200 silly reify   'C:\\Users\\Raj\\Desktop\\HRMS\\frontend\\node_modules\\@napi-rs\\nice-linux-arm64-musl'
200 silly reify ]
201 verbose reify failed optional dependency C:\Users\Raj\Desktop\HRMS\frontend\node_modules\@napi-rs\nice-linux-arm64-gnu
202 silly reify mark deleted [
202 silly reify   'C:\\Users\\Raj\\Desktop\\HRMS\\frontend\\node_modules\\@napi-rs\\nice-linux-arm64-gnu'
202 silly reify ]
203 verbose reify failed optional dependency C:\Users\Raj\Desktop\HRMS\frontend\node_modules\@napi-rs\nice-linux-arm-gnueabihf
204 silly reify mark deleted [
204 silly reify   'C:\\Users\\Raj\\Desktop\\HRMS\\frontend\\node_modules\\@napi-rs\\nice-linux-arm-gnueabihf'
204 silly reify ]
205 verbose reify failed optional dependency C:\Users\Raj\Desktop\HRMS\frontend\node_modules\@napi-rs\nice-freebsd-x64
206 silly reify mark deleted [
206 silly reify   'C:\\Users\\Raj\\Desktop\\HRMS\\frontend\\node_modules\\@napi-rs\\nice-freebsd-x64'
206 silly reify ]
207 verbose reify failed optional dependency C:\Users\Raj\Desktop\HRMS\frontend\node_modules\@napi-rs\nice-darwin-x64
208 silly reify mark deleted [
208 silly reify   'C:\\Users\\Raj\\Desktop\\HRMS\\frontend\\node_modules\\@napi-rs\\nice-darwin-x64'
208 silly reify ]
209 verbose reify failed optional dependency C:\Users\Raj\Desktop\HRMS\frontend\node_modules\@napi-rs\nice-darwin-arm64
210 silly reify mark deleted [
210 silly reify   'C:\\Users\\Raj\\Desktop\\HRMS\\frontend\\node_modules\\@napi-rs\\nice-darwin-arm64'
210 silly reify ]
211 verbose reify failed optional dependency C:\Users\Raj\Desktop\HRMS\frontend\node_modules\@napi-rs\nice-android-arm64
212 silly reify mark deleted [
212 silly reify   'C:\\Users\\Raj\\Desktop\\HRMS\\frontend\\node_modules\\@napi-rs\\nice-android-arm64'
212 silly reify ]
213 verbose reify failed optional dependency C:\Users\Raj\Desktop\HRMS\frontend\node_modules\@napi-rs\nice-android-arm-eabi
214 silly reify mark deleted [
214 silly reify   'C:\\Users\\Raj\\Desktop\\HRMS\\frontend\\node_modules\\@napi-rs\\nice-android-arm-eabi'
214 silly reify ]
215 verbose reify failed optional dependency C:\Users\Raj\Desktop\HRMS\frontend\node_modules\@msgpackr-extract\msgpackr-extract-linux-x64
216 silly reify mark deleted [
216 silly reify   'C:\\Users\\Raj\\Desktop\\HRMS\\frontend\\node_modules\\@msgpackr-extract\\msgpackr-extract-linux-x64'
216 silly reify ]
217 verbose reify failed optional dependency C:\Users\Raj\Desktop\HRMS\frontend\node_modules\@msgpackr-extract\msgpackr-extract-linux-arm64
218 silly reify mark deleted [
218 silly reify   'C:\\Users\\Raj\\Desktop\\HRMS\\frontend\\node_modules\\@msgpackr-extract\\msgpackr-extract-linux-arm64'
218 silly reify ]
219 verbose reify failed optional dependency C:\Users\Raj\Desktop\HRMS\frontend\node_modules\@msgpackr-extract\msgpackr-extract-linux-arm
220 silly reify mark deleted [
220 silly reify   'C:\\Users\\Raj\\Desktop\\HRMS\\frontend\\node_modules\\@msgpackr-extract\\msgpackr-extract-linux-arm'
220 silly reify ]
221 verbose reify failed optional dependency C:\Users\Raj\Desktop\HRMS\frontend\node_modules\@msgpackr-extract\msgpackr-extract-darwin-x64
222 silly reify mark deleted [
222 silly reify   'C:\\Users\\Raj\\Desktop\\HRMS\\frontend\\node_modules\\@msgpackr-extract\\msgpackr-extract-darwin-x64'
222 silly reify ]
223 verbose reify failed optional dependency C:\Users\Raj\Desktop\HRMS\frontend\node_modules\@msgpackr-extract\msgpackr-extract-darwin-arm64
224 silly reify mark deleted [
224 silly reify   'C:\\Users\\Raj\\Desktop\\HRMS\\frontend\\node_modules\\@msgpackr-extract\\msgpackr-extract-darwin-arm64'
224 silly reify ]
225 verbose reify failed optional dependency C:\Users\Raj\Desktop\HRMS\frontend\node_modules\@lmdb\lmdb-win32-arm64
226 silly reify mark deleted [
226 silly reify   'C:\\Users\\Raj\\Desktop\\HRMS\\frontend\\node_modules\\@lmdb\\lmdb-win32-arm64'
226 silly reify ]
227 verbose reify failed optional dependency C:\Users\Raj\Desktop\HRMS\frontend\node_modules\@lmdb\lmdb-linux-x64
228 silly reify mark deleted [
228 silly reify   'C:\\Users\\Raj\\Desktop\\HRMS\\frontend\\node_modules\\@lmdb\\lmdb-linux-x64'
228 silly reify ]
229 verbose reify failed optional dependency C:\Users\Raj\Desktop\HRMS\frontend\node_modules\@lmdb\lmdb-linux-arm64
230 silly reify mark deleted [
230 silly reify   'C:\\Users\\Raj\\Desktop\\HRMS\\frontend\\node_modules\\@lmdb\\lmdb-linux-arm64'
230 silly reify ]
231 verbose reify failed optional dependency C:\Users\Raj\Desktop\HRMS\frontend\node_modules\@lmdb\lmdb-linux-arm
232 silly reify mark deleted [
232 silly reify   'C:\\Users\\Raj\\Desktop\\HRMS\\frontend\\node_modules\\@lmdb\\lmdb-linux-arm'
232 silly reify ]
233 verbose reify failed optional dependency C:\Users\Raj\Desktop\HRMS\frontend\node_modules\@lmdb\lmdb-darwin-x64
234 silly reify mark deleted [
234 silly reify   'C:\\Users\\Raj\\Desktop\\HRMS\\frontend\\node_modules\\@lmdb\\lmdb-darwin-x64'
234 silly reify ]
235 verbose reify failed optional dependency C:\Users\Raj\Desktop\HRMS\frontend\node_modules\@lmdb\lmdb-darwin-arm64
236 silly reify mark deleted [
236 silly reify   'C:\\Users\\Raj\\Desktop\\HRMS\\frontend\\node_modules\\@lmdb\\lmdb-darwin-arm64'
236 silly reify ]
237 verbose reify failed optional dependency C:\Users\Raj\Desktop\HRMS\frontend\node_modules\@esbuild\win32-ia32
238 silly reify mark deleted [
238 silly reify   'C:\\Users\\Raj\\Desktop\\HRMS\\frontend\\node_modules\\@esbuild\\win32-ia32'
238 silly reify ]
239 verbose reify failed optional dependency C:\Users\Raj\Desktop\HRMS\frontend\node_modules\@esbuild\win32-arm64
240 silly reify mark deleted [
240 silly reify   'C:\\Users\\Raj\\Desktop\\HRMS\\frontend\\node_modules\\@esbuild\\win32-arm64'
240 silly reify ]
241 verbose reify failed optional dependency C:\Users\Raj\Desktop\HRMS\frontend\node_modules\@esbuild\sunos-x64
242 silly reify mark deleted [
242 silly reify   'C:\\Users\\Raj\\Desktop\\HRMS\\frontend\\node_modules\\@esbuild\\sunos-x64'
242 silly reify ]
243 verbose reify failed optional dependency C:\Users\Raj\Desktop\HRMS\frontend\node_modules\@esbuild\openharmony-arm64
244 silly reify mark deleted [
244 silly reify   'C:\\Users\\Raj\\Desktop\\HRMS\\frontend\\node_modules\\@esbuild\\openharmony-arm64'
244 silly reify ]
245 verbose reify failed optional dependency C:\Users\Raj\Desktop\HRMS\frontend\node_modules\@esbuild\openbsd-x64
246 silly reify mark deleted [
246 silly reify   'C:\\Users\\Raj\\Desktop\\HRMS\\frontend\\node_modules\\@esbuild\\openbsd-x64'
246 silly reify ]
247 verbose reify failed optional dependency C:\Users\Raj\Desktop\HRMS\frontend\node_modules\@esbuild\openbsd-arm64
248 silly reify mark deleted [
248 silly reify   'C:\\Users\\Raj\\Desktop\\HRMS\\frontend\\node_modules\\@esbuild\\openbsd-arm64'
248 silly reify ]
249 verbose reify failed optional dependency C:\Users\Raj\Desktop\HRMS\frontend\node_modules\@esbuild\netbsd-x64
250 silly reify mark deleted [
250 silly reify   'C:\\Users\\Raj\\Desktop\\HRMS\\frontend\\node_modules\\@esbuild\\netbsd-x64'
250 silly reify ]
251 verbose reify failed optional dependency C:\Users\Raj\Desktop\HRMS\frontend\node_modules\@esbuild\netbsd-arm64
252 silly reify mark deleted [
252 silly reify   'C:\\Users\\Raj\\Desktop\\HRMS\\frontend\\node_modules\\@esbuild\\netbsd-arm64'
252 silly reify ]
253 verbose reify failed optional dependency C:\Users\Raj\Desktop\HRMS\frontend\node_modules\@esbuild\linux-x64
254 silly reify mark deleted [
254 silly reify   'C:\\Users\\Raj\\Desktop\\HRMS\\frontend\\node_modules\\@esbuild\\linux-x64'
254 silly reify ]
255 verbose reify failed optional dependency C:\Users\Raj\Desktop\HRMS\frontend\node_modules\@esbuild\linux-s390x
256 silly reify mark deleted [
256 silly reify   'C:\\Users\\Raj\\Desktop\\HRMS\\frontend\\node_modules\\@esbuild\\linux-s390x'
256 silly reify ]
257 verbose reify failed optional dependency C:\Users\Raj\Desktop\HRMS\frontend\node_modules\@esbuild\linux-riscv64
258 silly reify mark deleted [
258 silly reify   'C:\\Users\\Raj\\Desktop\\HRMS\\frontend\\node_modules\\@esbuild\\linux-riscv64'
258 silly reify ]
259 verbose reify failed optional dependency C:\Users\Raj\Desktop\HRMS\frontend\node_modules\@esbuild\linux-ppc64
260 silly reify mark deleted [
260 silly reify   'C:\\Users\\Raj\\Desktop\\HRMS\\frontend\\node_modules\\@esbuild\\linux-ppc64'
260 silly reify ]
261 verbose reify failed optional dependency C:\Users\Raj\Desktop\HRMS\frontend\node_modules\@esbuild\linux-mips64el
262 silly reify mark deleted [
262 silly reify   'C:\\Users\\Raj\\Desktop\\HRMS\\frontend\\node_modules\\@esbuild\\linux-mips64el'
262 silly reify ]
263 verbose reify failed optional dependency C:\Users\Raj\Desktop\HRMS\frontend\node_modules\@esbuild\linux-loong64
264 silly reify mark deleted [
264 silly reify   'C:\\Users\\Raj\\Desktop\\HRMS\\frontend\\node_modules\\@esbuild\\linux-loong64'
264 silly reify ]
265 verbose reify failed optional dependency C:\Users\Raj\Desktop\HRMS\frontend\node_modules\@esbuild\linux-ia32
266 silly reify mark deleted [
266 silly reify   'C:\\Users\\Raj\\Desktop\\HRMS\\frontend\\node_modules\\@esbuild\\linux-ia32'
266 silly reify ]
267 verbose reify failed optional dependency C:\Users\Raj\Desktop\HRMS\frontend\node_modules\@esbuild\linux-arm64
268 silly reify mark deleted [
268 silly reify   'C:\\Users\\Raj\\Desktop\\HRMS\\frontend\\node_modules\\@esbuild\\linux-arm64'
268 silly reify ]
269 verbose reify failed optional dependency C:\Users\Raj\Desktop\HRMS\frontend\node_modules\@esbuild\linux-arm
270 silly reify mark deleted [
270 silly reify   'C:\\Users\\Raj\\Desktop\\HRMS\\frontend\\node_modules\\@esbuild\\linux-arm'
270 silly reify ]
271 verbose reify failed optional dependency C:\Users\Raj\Desktop\HRMS\frontend\node_modules\@esbuild\freebsd-x64
272 silly reify mark deleted [
272 silly reify   'C:\\Users\\Raj\\Desktop\\HRMS\\frontend\\node_modules\\@esbuild\\freebsd-x64'
272 silly reify ]
273 verbose reify failed optional dependency C:\Users\Raj\Desktop\HRMS\frontend\node_modules\@esbuild\freebsd-arm64
274 silly reify mark deleted [
274 silly reify   'C:\\Users\\Raj\\Desktop\\HRMS\\frontend\\node_modules\\@esbuild\\freebsd-arm64'
274 silly reify ]
275 verbose reify failed optional dependency C:\Users\Raj\Desktop\HRMS\frontend\node_modules\@esbuild\darwin-x64
276 silly reify mark deleted [
276 silly reify   'C:\\Users\\Raj\\Desktop\\HRMS\\frontend\\node_modules\\@esbuild\\darwin-x64'
276 silly reify ]
277 verbose reify failed optional dependency C:\Users\Raj\Desktop\HRMS\frontend\node_modules\@esbuild\darwin-arm64
278 silly reify mark deleted [
278 silly reify   'C:\\Users\\Raj\\Desktop\\HRMS\\frontend\\node_modules\\@esbuild\\darwin-arm64'
278 silly reify ]
279 verbose reify failed optional dependency C:\Users\Raj\Desktop\HRMS\frontend\node_modules\@esbuild\android-x64
280 silly reify mark deleted [
280 silly reify   'C:\\Users\\Raj\\Desktop\\HRMS\\frontend\\node_modules\\@esbuild\\android-x64'
280 silly reify ]
281 verbose reify failed optional dependency C:\Users\Raj\Desktop\HRMS\frontend\node_modules\@esbuild\android-arm64
282 silly reify mark deleted [
282 silly reify   'C:\\Users\\Raj\\Desktop\\HRMS\\frontend\\node_modules\\@esbuild\\android-arm64'
282 silly reify ]
283 verbose reify failed optional dependency C:\Users\Raj\Desktop\HRMS\frontend\node_modules\@esbuild\android-arm
284 silly reify mark deleted [
284 silly reify   'C:\\Users\\Raj\\Desktop\\HRMS\\frontend\\node_modules\\@esbuild\\android-arm'
284 silly reify ]
285 verbose reify failed optional dependency C:\Users\Raj\Desktop\HRMS\frontend\node_modules\@esbuild\aix-ppc64
286 silly reify mark deleted [
286 silly reify   'C:\\Users\\Raj\\Desktop\\HRMS\\frontend\\node_modules\\@esbuild\\aix-ppc64'
286 silly reify ]
287 http cache @napi-rs/wasm-runtime@https://registry.npmjs.org/@napi-rs/wasm-runtime/-/wasm-runtime-1.1.1.tgz 0ms (cache hit)
288 http cache @tybys/wasm-util@https://registry.npmjs.org/@tybys/wasm-util/-/wasm-util-0.10.1.tgz 1ms (cache hit)
289 http cache @emnapi/runtime@https://registry.npmjs.org/@emnapi/runtime/-/runtime-1.9.0.tgz 0ms (cache hit)
290 http cache @emnapi/wasi-threads@https://registry.npmjs.org/@emnapi/wasi-threads/-/wasi-threads-1.2.0.tgz 0ms (cache hit)
291 http cache @schematics/angular@https://registry.npmjs.org/@schematics/angular/-/angular-21.2.21.tgz 0ms (cache hit)
292 http cache @modelcontextprotocol/sdk@https://registry.npmjs.org/@modelcontextprotocol/sdk/-/sdk-1.30.0.tgz 0ms (cache hit)
293 http cache @mattlewis92/dom-autoscroller@https://registry.npmjs.org/@mattlewis92/dom-autoscroller/-/dom-autoscroller-2.4.2.tgz 0ms (cache hit)
294 http cache @emnapi/core@https://registry.npmjs.org/@emnapi/core/-/core-1.9.0.tgz 0ms (cache hit)
295 http cache @hono/node-server@https://registry.npmjs.org/@hono/node-server/-/node-server-2.1.1.tgz 0ms (cache hit)
296 http cache @angular/router@https://registry.npmjs.org/@angular/router/-/router-21.2.21.tgz 0ms (cache hit)
297 http cache @angular/platform-browser@https://registry.npmjs.org/@angular/platform-browser/-/platform-browser-21.2.21.tgz 0ms (cache hit)
298 http cache @angular/forms@https://registry.npmjs.org/@angular/forms/-/forms-21.2.21.tgz 0ms (cache hit)
299 http cache @angular-devkit/architect@https://registry.npmjs.org/@angular-devkit/architect/-/architect-0.2102.21.tgz 0ms (cache hit)
300 http cache @angular/core@https://registry.npmjs.org/@angular/core/-/core-21.2.21.tgz 0ms (cache hit)
301 http cache @angular-devkit/core@https://registry.npmjs.org/@angular-devkit/core/-/core-21.2.21.tgz 0ms (cache hit)
302 http cache @angular-devkit/schematics@https://registry.npmjs.org/@angular-devkit/schematics/-/schematics-21.2.21.tgz 1ms (cache hit)
303 http cache @angular/compiler-cli@https://registry.npmjs.org/@angular/compiler-cli/-/compiler-cli-21.2.21.tgz 0ms (cache hit)
304 http cache @angular/compiler@https://registry.npmjs.org/@angular/compiler/-/compiler-21.2.21.tgz 0ms (cache hit)
305 http cache @angular/cli@https://registry.npmjs.org/@angular/cli/-/cli-21.2.21.tgz 0ms (cache hit)
306 http cache @angular/common@https://registry.npmjs.org/@angular/common/-/common-21.2.21.tgz 0ms (cache hit)
307 http cache @angular/build@https://registry.npmjs.org/@angular/build/-/build-21.2.21.tgz 1ms (cache hit)
308 http cache yoctocolors@https://registry.npmjs.org/yoctocolors/-/yoctocolors-2.2.0.tgz 0ms (cache hit)
309 http cache zod-to-json-schema@https://registry.npmjs.org/zod-to-json-schema/-/zod-to-json-schema-3.25.2.tgz 0ms (cache hit)
310 http cache undici@https://registry.npmjs.org/undici/-/undici-7.29.0.tgz 0ms (cache hit)
311 http cache range-parser@https://registry.npmjs.org/range-parser/-/range-parser-1.3.0.tgz 0ms (cache hit)
312 http cache media-typer@https://registry.npmjs.org/media-typer/-/media-typer-1.1.1.tgz 0ms (cache hit)
313 http cache jose@https://registry.npmjs.org/jose/-/jose-6.2.9.tgz 0ms (cache hit)
314 http cache express-rate-limit@https://registry.npmjs.org/express-rate-limit/-/express-rate-limit-8.6.2.tgz 0ms (cache hit)
315 http cache eventsource-parser@https://registry.npmjs.org/eventsource-parser/-/eventsource-parser-3.1.1.tgz 0ms (cache hit)
316 http cache content-disposition@https://registry.npmjs.org/content-disposition/-/content-disposition-1.1.0.tgz 0ms (cache hit)
317 http cache content-type@https://registry.npmjs.org/content-type/-/content-type-2.1.0.tgz 0ms (cache hit)
318 http cache angular-draggable-droppable@https://registry.npmjs.org/angular-draggable-droppable/-/angular-draggable-droppable-9.0.1.tgz 0ms (cache hit)
319 silly tarball no local data for @napi-rs/wasm-runtime@https://registry.npmjs.org/@napi-rs/wasm-runtime/-/wasm-runtime-1.1.1.tgz. Extracting by manifest.
320 silly tarball no local data for @tybys/wasm-util@https://registry.npmjs.org/@tybys/wasm-util/-/wasm-util-0.10.1.tgz. Extracting by manifest.
321 silly tarball no local data for @emnapi/runtime@https://registry.npmjs.org/@emnapi/runtime/-/runtime-1.9.0.tgz. Extracting by manifest.
322 silly tarball no local data for @emnapi/wasi-threads@https://registry.npmjs.org/@emnapi/wasi-threads/-/wasi-threads-1.2.0.tgz. Extracting by manifest.
323 silly tarball no local data for @schematics/angular@https://registry.npmjs.org/@schematics/angular/-/angular-21.2.21.tgz. Extracting by manifest.
324 silly tarball no local data for @modelcontextprotocol/sdk@https://registry.npmjs.org/@modelcontextprotocol/sdk/-/sdk-1.30.0.tgz. Extracting by manifest.
325 silly tarball no local data for @mattlewis92/dom-autoscroller@https://registry.npmjs.org/@mattlewis92/dom-autoscroller/-/dom-autoscroller-2.4.2.tgz. Extracting by manifest.
326 silly tarball no local data for @emnapi/core@https://registry.npmjs.org/@emnapi/core/-/core-1.9.0.tgz. Extracting by manifest.
327 silly tarball no local data for @hono/node-server@https://registry.npmjs.org/@hono/node-server/-/node-server-2.1.1.tgz. Extracting by manifest.
328 silly tarball no local data for @angular/router@https://registry.npmjs.org/@angular/router/-/router-21.2.21.tgz. Extracting by manifest.
329 silly tarball no local data for @angular/platform-browser@https://registry.npmjs.org/@angular/platform-browser/-/platform-browser-21.2.21.tgz. Extracting by manifest.
330 silly tarball no local data for @angular/forms@https://registry.npmjs.org/@angular/forms/-/forms-21.2.21.tgz. Extracting by manifest.
331 silly tarball no local data for @angular-devkit/architect@https://registry.npmjs.org/@angular-devkit/architect/-/architect-0.2102.21.tgz. Extracting by manifest.
332 silly tarball no local data for @angular/core@https://registry.npmjs.org/@angular/core/-/core-21.2.21.tgz. Extracting by manifest.
333 silly tarball no local data for @angular-devkit/core@https://registry.npmjs.org/@angular-devkit/core/-/core-21.2.21.tgz. Extracting by manifest.
334 silly tarball no local data for @angular-devkit/schematics@https://registry.npmjs.org/@angular-devkit/schematics/-/schematics-21.2.21.tgz. Extracting by manifest.
335 http cache content-type@https://registry.npmjs.org/content-type/-/content-type-2.1.0.tgz 5ms (cache hit)
336 silly tarball no local data for @angular/compiler-cli@https://registry.npmjs.org/@angular/compiler-cli/-/compiler-cli-21.2.21.tgz. Extracting by manifest.
337 silly tarball no local data for @angular/compiler@https://registry.npmjs.org/@angular/compiler/-/compiler-21.2.21.tgz. Extracting by manifest.
338 silly tarball no local data for @angular/cli@https://registry.npmjs.org/@angular/cli/-/cli-21.2.21.tgz. Extracting by manifest.
339 silly tarball no local data for @angular/common@https://registry.npmjs.org/@angular/common/-/common-21.2.21.tgz. Extracting by manifest.
340 silly tarball no local data for @angular/build@https://registry.npmjs.org/@angular/build/-/build-21.2.21.tgz. Extracting by manifest.
341 silly tarball no local data for yoctocolors@https://registry.npmjs.org/yoctocolors/-/yoctocolors-2.2.0.tgz. Extracting by manifest.
342 silly tarball no local data for zod-to-json-schema@https://registry.npmjs.org/zod-to-json-schema/-/zod-to-json-schema-3.25.2.tgz. Extracting by manifest.
343 silly tarball no local data for undici@https://registry.npmjs.org/undici/-/undici-7.29.0.tgz. Extracting by manifest.
344 silly tarball no local data for range-parser@https://registry.npmjs.org/range-parser/-/range-parser-1.3.0.tgz. Extracting by manifest.
345 silly tarball no local data for media-typer@https://registry.npmjs.org/media-typer/-/media-typer-1.1.1.tgz. Extracting by manifest.
346 silly tarball no local data for jose@https://registry.npmjs.org/jose/-/jose-6.2.9.tgz. Extracting by manifest.
347 silly tarball no local data for express-rate-limit@https://registry.npmjs.org/express-rate-limit/-/express-rate-limit-8.6.2.tgz. Extracting by manifest.
348 silly tarball no local data for eventsource-parser@https://registry.npmjs.org/eventsource-parser/-/eventsource-parser-3.1.1.tgz. Extracting by manifest.
349 silly tarball no local data for content-disposition@https://registry.npmjs.org/content-disposition/-/content-disposition-1.1.0.tgz. Extracting by manifest.
350 http cache angular-resizable-element@https://registry.npmjs.org/angular-resizable-element/-/angular-resizable-element-8.0.3.tgz 0ms (cache hit)
351 silly tarball no local data for content-type@https://registry.npmjs.org/content-type/-/content-type-2.1.0.tgz. Extracting by manifest.
352 silly tarball no local data for angular-draggable-droppable@https://registry.npmjs.org/angular-draggable-droppable/-/angular-draggable-droppable-9.0.1.tgz. Extracting by manifest.
353 silly tarball no local data for content-type@https://registry.npmjs.org/content-type/-/content-type-2.1.0.tgz. Extracting by manifest.
354 silly tarball no local data for angular-resizable-element@https://registry.npmjs.org/angular-resizable-element/-/angular-resizable-element-8.0.3.tgz. Extracting by manifest.
355 http fetch POST 200 https://registry.npmjs.org/-/npm/v1/security/advisories/bulk 3369ms
356 silly audit report {}
357 http fetch GET 200 https://registry.npmjs.org/content-type/-/content-type-2.1.0.tgz 8919ms (cache miss)
358 http fetch GET 200 https://registry.npmjs.org/media-typer/-/media-typer-1.1.1.tgz 11084ms (cache miss)
359 http fetch GET 200 https://registry.npmjs.org/range-parser/-/range-parser-1.3.0.tgz 11192ms (cache miss)
360 http fetch GET 200 https://registry.npmjs.org/content-disposition/-/content-disposition-1.1.0.tgz 11309ms (cache miss)
361 http fetch GET 200 https://registry.npmjs.org/yoctocolors/-/yoctocolors-2.2.0.tgz 12556ms (cache miss)
362 http fetch GET 200 https://registry.npmjs.org/content-type/-/content-type-2.1.0.tgz 13473ms (cache miss)
363 http fetch GET 200 https://registry.npmjs.org/angular-resizable-element/-/angular-resizable-element-8.0.3.tgz 15983ms (cache miss)
364 http fetch GET 200 https://registry.npmjs.org/angular-draggable-droppable/-/angular-draggable-droppable-9.0.1.tgz 16390ms (cache miss)
365 http fetch GET 200 https://registry.npmjs.org/express-rate-limit/-/express-rate-limit-8.6.2.tgz 18287ms (cache miss)
366 http fetch GET 200 https://registry.npmjs.org/@mattlewis92/dom-autoscroller/-/dom-autoscroller-2.4.2.tgz 22872ms (cache miss)
367 http fetch GET 200 https://registry.npmjs.org/@emnapi/wasi-threads/-/wasi-threads-1.2.0.tgz 27212ms (cache miss)
368 http fetch GET 200 https://registry.npmjs.org/eventsource-parser/-/eventsource-parser-3.1.1.tgz 29738ms (cache miss)
369 http fetch GET 200 https://registry.npmjs.org/@emnapi/runtime/-/runtime-1.9.0.tgz 33273ms (cache miss)
370 http fetch GET 200 https://registry.npmjs.org/@angular/platform-browser/-/platform-browser-21.2.21.tgz 36751ms (cache miss)
371 http fetch GET 200 https://registry.npmjs.org/@hono/node-server/-/node-server-2.1.1.tgz 44527ms (cache miss)
372 http fetch GET 200 https://registry.npmjs.org/@angular/router/-/router-21.2.21.tgz 47387ms (cache miss)
373 http fetch GET 200 https://registry.npmjs.org/@emnapi/core/-/core-1.9.0.tgz 51279ms (cache miss)
374 http fetch GET 200 https://registry.npmjs.org/@angular/forms/-/forms-21.2.21.tgz 51802ms (cache miss)
375 http fetch GET 200 https://registry.npmjs.org/@angular/compiler/-/compiler-21.2.21.tgz 55533ms (cache miss)
376 http fetch GET 200 https://registry.npmjs.org/@napi-rs/wasm-runtime/-/wasm-runtime-1.1.1.tgz 57104ms (cache miss)
377 http fetch GET 200 https://registry.npmjs.org/@tybys/wasm-util/-/wasm-util-0.10.1.tgz 57981ms (cache miss)
378 http fetch GET 200 https://registry.npmjs.org/@angular-devkit/architect/-/architect-0.2102.21.tgz 81693ms (cache miss)
379 http fetch GET 200 https://registry.npmjs.org/jose/-/jose-6.2.9.tgz 90455ms (cache miss)
380 http fetch GET 200 https://registry.npmjs.org/zod-to-json-schema/-/zod-to-json-schema-3.25.2.tgz 104293ms (cache miss)
381 http fetch GET 200 https://registry.npmjs.org/@angular/core/-/core-21.2.21.tgz 109829ms (cache miss)
382 http fetch GET 200 https://registry.npmjs.org/@angular-devkit/schematics/-/schematics-21.2.21.tgz 110840ms (cache miss)
383 http fetch GET 200 https://registry.npmjs.org/@angular-devkit/core/-/core-21.2.21.tgz 116400ms (cache miss)
384 http fetch GET 200 https://registry.npmjs.org/undici/-/undici-7.29.0.tgz 137153ms (cache miss)
385 http fetch GET 200 https://registry.npmjs.org/@schematics/angular/-/angular-21.2.21.tgz 179989ms (cache miss)
386 http fetch GET 200 https://registry.npmjs.org/@angular/cli/-/cli-21.2.21.tgz 180374ms (cache miss)
387 http fetch GET 200 https://registry.npmjs.org/@angular/compiler-cli/-/compiler-cli-21.2.21.tgz 191099ms (cache miss)
388 http fetch GET 200 https://registry.npmjs.org/@angular/build/-/build-21.2.21.tgz 210019ms (cache miss)
389 http fetch GET 200 https://registry.npmjs.org/@modelcontextprotocol/sdk/-/sdk-1.30.0.tgz 227539ms (cache miss)
390 http fetch GET 200 https://registry.npmjs.org/@angular/common/-/common-21.2.21.tgz 376671ms (cache miss)
391 silly ADD node_modules/fsevents
392 silly ADD node_modules/@tybys/wasm-util
393 silly ADD node_modules/@rollup/rollup-win32-ia32-msvc
394 silly ADD node_modules/@rollup/rollup-win32-arm64-msvc
395 silly ADD node_modules/@rollup/rollup-openharmony-arm64
396 silly ADD node_modules/@rollup/rollup-openbsd-x64
397 silly ADD node_modules/@rollup/rollup-linux-x64-musl
398 silly ADD node_modules/@rollup/rollup-linux-x64-gnu
399 silly ADD node_modules/@rollup/rollup-linux-s390x-gnu
400 silly ADD node_modules/@rollup/rollup-linux-riscv64-musl
401 silly ADD node_modules/@rollup/rollup-linux-riscv64-gnu
402 silly ADD node_modules/@rollup/rollup-linux-ppc64-musl
403 silly ADD node_modules/@rollup/rollup-linux-ppc64-gnu
404 silly ADD node_modules/@rollup/rollup-linux-loong64-musl
405 silly ADD node_modules/@rollup/rollup-linux-loong64-gnu
406 silly ADD node_modules/@rollup/rollup-linux-arm64-musl
407 silly ADD node_modules/@rollup/rollup-linux-arm64-gnu
408 silly ADD node_modules/@rollup/rollup-linux-arm-musleabihf
409 silly ADD node_modules/@rollup/rollup-linux-arm-gnueabihf
410 silly ADD node_modules/@rollup/rollup-freebsd-x64
411 silly ADD node_modules/@rollup/rollup-freebsd-arm64
412 silly ADD node_modules/@rollup/rollup-darwin-x64
413 silly ADD node_modules/@rollup/rollup-darwin-arm64
414 silly ADD node_modules/@rollup/rollup-android-arm64
415 silly ADD node_modules/@rollup/rollup-android-arm-eabi
416 silly ADD node_modules/@rolldown/binding-win32-arm64-msvc
417 silly ADD node_modules/@rolldown/binding-wasm32-wasi
418 silly ADD node_modules/@rolldown/binding-openharmony-arm64
419 silly ADD node_modules/@rolldown/binding-linux-x64-musl
420 silly ADD node_modules/@rolldown/binding-linux-x64-gnu
421 silly ADD node_modules/@rolldown/binding-linux-arm64-musl
422 silly ADD node_modules/@rolldown/binding-linux-arm64-gnu
423 silly ADD node_modules/@rolldown/binding-linux-arm-gnueabihf
424 silly ADD node_modules/@rolldown/binding-freebsd-x64
425 silly ADD node_modules/@rolldown/binding-darwin-x64
426 silly ADD node_modules/@rolldown/binding-darwin-arm64
427 silly ADD node_modules/@rolldown/binding-android-arm64
428 silly ADD node_modules/@parcel/watcher-win32-ia32
429 silly ADD node_modules/@parcel/watcher-win32-arm64
430 silly ADD node_modules/@parcel/watcher-linux-x64-musl
431 silly ADD node_modules/@parcel/watcher-linux-x64-glibc
432 silly ADD node_modules/@parcel/watcher-linux-arm64-musl
433 silly ADD node_modules/@parcel/watcher-linux-arm64-glibc
434 silly ADD node_modules/@parcel/watcher-linux-arm-musl
435 silly ADD node_modules/@parcel/watcher-linux-arm-glibc
436 silly ADD node_modules/@parcel/watcher-freebsd-x64
437 silly ADD node_modules/@parcel/watcher-darwin-x64
438 silly ADD node_modules/@parcel/watcher-darwin-arm64
439 silly ADD node_modules/@parcel/watcher-android-arm64
440 silly ADD node_modules/@napi-rs/wasm-runtime
441 silly ADD node_modules/@napi-rs/nice-win32-ia32-msvc
442 silly ADD node_modules/@napi-rs/nice-win32-arm64-msvc
443 silly ADD node_modules/@napi-rs/nice-openharmony-arm64
444 silly ADD node_modules/@napi-rs/nice-linux-x64-musl
445 silly ADD node_modules/@napi-rs/nice-linux-x64-gnu
446 silly ADD node_modules/@napi-rs/nice-linux-s390x-gnu
447 silly ADD node_modules/@napi-rs/nice-linux-riscv64-gnu
448 silly ADD node_modules/@napi-rs/nice-linux-ppc64-gnu
449 silly ADD node_modules/@napi-rs/nice-linux-arm64-musl
450 silly ADD node_modules/@napi-rs/nice-linux-arm64-gnu
451 silly ADD node_modules/@napi-rs/nice-linux-arm-gnueabihf
452 silly ADD node_modules/@napi-rs/nice-freebsd-x64
453 silly ADD node_modules/@napi-rs/nice-darwin-x64
454 silly ADD node_modules/@napi-rs/nice-darwin-arm64
455 silly ADD node_modules/@napi-rs/nice-android-arm64
456 silly ADD node_modules/@napi-rs/nice-android-arm-eabi
457 silly ADD node_modules/@msgpackr-extract/msgpackr-extract-linux-x64
458 silly ADD node_modules/@msgpackr-extract/msgpackr-extract-linux-arm64
459 silly ADD node_modules/@msgpackr-extract/msgpackr-extract-linux-arm
460 silly ADD node_modules/@msgpackr-extract/msgpackr-extract-darwin-x64
461 silly ADD node_modules/@msgpackr-extract/msgpackr-extract-darwin-arm64
462 silly ADD node_modules/@lmdb/lmdb-win32-arm64
463 silly ADD node_modules/@lmdb/lmdb-linux-x64
464 silly ADD node_modules/@lmdb/lmdb-linux-arm64
465 silly ADD node_modules/@lmdb/lmdb-linux-arm
466 silly ADD node_modules/@lmdb/lmdb-darwin-x64
467 silly ADD node_modules/@lmdb/lmdb-darwin-arm64
468 silly ADD node_modules/@esbuild/win32-ia32
469 silly ADD node_modules/@esbuild/win32-arm64
470 silly ADD node_modules/@esbuild/sunos-x64
471 silly ADD node_modules/@esbuild/openharmony-arm64
472 silly ADD node_modules/@esbuild/openbsd-x64
473 silly ADD node_modules/@esbuild/openbsd-arm64
474 silly ADD node_modules/@esbuild/netbsd-x64
475 silly ADD node_modules/@esbuild/netbsd-arm64
476 silly ADD node_modules/@esbuild/linux-x64
477 silly ADD node_modules/@esbuild/linux-s390x
478 silly ADD node_modules/@esbuild/linux-riscv64
479 silly ADD node_modules/@esbuild/linux-ppc64
480 silly ADD node_modules/@esbuild/linux-mips64el
481 silly ADD node_modules/@esbuild/linux-loong64
482 silly ADD node_modules/@esbuild/linux-ia32
483 silly ADD node_modules/@esbuild/linux-arm64
484 silly ADD node_modules/@esbuild/linux-arm
485 silly ADD node_modules/@esbuild/freebsd-x64
486 silly ADD node_modules/@esbuild/freebsd-arm64
487 silly ADD node_modules/@esbuild/darwin-x64
488 silly ADD node_modules/@esbuild/darwin-arm64
489 silly ADD node_modules/@esbuild/android-x64
490 silly ADD node_modules/@esbuild/android-arm64
491 silly ADD node_modules/@esbuild/android-arm
492 silly ADD node_modules/@esbuild/aix-ppc64
493 silly ADD node_modules/@emnapi/wasi-threads
494 silly ADD node_modules/@emnapi/runtime
495 silly ADD node_modules/@emnapi/core
496 silly CHANGE node_modules/@schematics/angular
497 silly CHANGE node_modules/@modelcontextprotocol/sdk
498 silly CHANGE node_modules/@mattlewis92/dom-autoscroller
499 silly CHANGE node_modules/@hono/node-server
500 silly CHANGE node_modules/@angular-devkit/schematics
501 silly CHANGE node_modules/@angular-devkit/core
502 silly CHANGE node_modules/@angular/router
503 silly CHANGE node_modules/@angular/platform-browser
504 silly CHANGE node_modules/@angular/forms
505 silly CHANGE node_modules/@angular-devkit/architect
506 silly CHANGE node_modules/@angular/core
507 silly CHANGE node_modules/@angular/compiler-cli
508 silly CHANGE node_modules/@angular/common
509 silly CHANGE node_modules/@angular/compiler
510 silly CHANGE node_modules/@angular/cli
511 silly CHANGE node_modules/@angular/build
512 silly CHANGE node_modules/yoctocolors
513 silly CHANGE node_modules/zod-to-json-schema
514 silly CHANGE node_modules/undici
515 silly CHANGE node_modules/type-is/node_modules/content-type
516 silly CHANGE node_modules/range-parser
517 silly CHANGE node_modules/media-typer
518 silly CHANGE node_modules/jose
519 silly CHANGE node_modules/express-rate-limit
520 silly CHANGE node_modules/eventsource-parser
521 silly CHANGE node_modules/content-disposition
522 silly CHANGE node_modules/body-parser/node_modules/content-type
523 silly CHANGE node_modules/angular-resizable-element
524 silly CHANGE node_modules/angular-draggable-droppable
525 verbose cwd C:\Users\Raj\Desktop\HRMS\frontend
526 verbose os Windows_NT 10.0.26200
527 verbose node v24.11.0
528 verbose npm  v11.6.1
529 verbose exit 0
530 info ok
